Archive member included to satisfy reference by file (symbol)

app/libapp.a(sample_usbd_init.c.obj)
                              (--whole-archive)
app/libapp.a(main.c.obj)      (--whole-archive)
zephyr/libzephyr.a(heap.c.obj)
                              (--whole-archive)
zephyr/libzephyr.a(cbprintf_packaged.c.obj)
                              (--whole-archive)
zephyr/libzephyr.a(printk.c.obj)
                              (--whole-archive)
zephyr/libzephyr.a(sem.c.obj)
                              (--whole-archive)
zephyr/libzephyr.a(thread_entry.c.obj)
                              (--whole-archive)
zephyr/libzephyr.a(cbprintf_complete.c.obj)
                              (--whole-archive)
zephyr/libzephyr.a(assert.c.obj)
                              (--whole-archive)
zephyr/libzephyr.a(mpsc_pbuf.c.obj)
                              (--whole-archive)
zephyr/libzephyr.a(dec.c.obj)
                              (--whole-archive)
zephyr/libzephyr.a(hex.c.obj)
                              (--whole-archive)
zephyr/libzephyr.a(rb.c.obj)  (--whole-archive)
zephyr/libzephyr.a(timeutil.c.obj)
                              (--whole-archive)
zephyr/libzephyr.a(bitarray.c.obj)
                              (--whole-archive)
zephyr/libzephyr.a(onoff.c.obj)
                              (--whole-archive)
zephyr/libzephyr.a(notify.c.obj)
                              (--whole-archive)
zephyr/libzephyr.a(ring_buffer.c.obj)
                              (--whole-archive)
zephyr/libzephyr.a(last_section_id.c.obj)
                              (--whole-archive)
zephyr/libzephyr.a(configs.c.obj)
                              (--whole-archive)
zephyr/libzephyr.a(log_core.c.obj)
                              (--whole-archive)
zephyr/libzephyr.a(log_mgmt.c.obj)
                              (--whole-archive)
zephyr/libzephyr.a(log_cache.c.obj)
                              (--whole-archive)
zephyr/libzephyr.a(log_msg.c.obj)
                              (--whole-archive)
zephyr/libzephyr.a(log_output.c.obj)
                              (--whole-archive)
zephyr/libzephyr.a(log_backend_uart.c.obj)
                              (--whole-archive)
zephyr/libzephyr.a(mem_attr.c.obj)
                              (--whole-archive)
zephyr/libzephyr.a(tracing_none.c.obj)
                              (--whole-archive)
zephyr/libzephyr.a(usb_device.c.obj)
                              (--whole-archive)
zephyr/libzephyr.a(usb_descriptor.c.obj)
                              (--whole-archive)
zephyr/libzephyr.a(usb_transfer.c.obj)
                              (--whole-archive)
zephyr/libzephyr.a(banner.c.obj)
                              (--whole-archive)
zephyr/libzephyr.a(flash_map_partition_manager.c.obj)
                              (--whole-archive)
zephyr/libzephyr.a(nrf_cc3xx_platform_abort_zephyr.c.obj)
                              (--whole-archive)
zephyr/libzephyr.a(nrf_cc3xx_platform_mutex_zephyr.c.obj)
                              (--whole-archive)
zephyr/arch/common/libarch__common.a(sw_isr_common.c.obj)
                              (--whole-archive)
zephyr/arch/arch/arm/core/libarch__arm__core.a(fatal.c.obj)
                              (--whole-archive)
zephyr/arch/arch/arm/core/libarch__arm__core.a(nmi.c.obj)
                              (--whole-archive)
zephyr/arch/arch/arm/core/libarch__arm__core.a(nmi_on_reset.S.obj)
                              (--whole-archive)
zephyr/arch/arch/arm/core/libarch__arm__core.a(tls.c.obj)
                              (--whole-archive)
zephyr/arch/arch/arm/core/cortex_m/libarch__arm__core__cortex_m.a(exc_exit.c.obj)
                              (--whole-archive)
zephyr/arch/arch/arm/core/cortex_m/libarch__arm__core__cortex_m.a(fault.c.obj)
                              (--whole-archive)
zephyr/arch/arch/arm/core/cortex_m/libarch__arm__core__cortex_m.a(fault_s.S.obj)
                              (--whole-archive)
zephyr/arch/arch/arm/core/cortex_m/libarch__arm__core__cortex_m.a(fpu.c.obj)
                              (--whole-archive)
zephyr/arch/arch/arm/core/cortex_m/libarch__arm__core__cortex_m.a(reset.S.obj)
                              (--whole-archive)
zephyr/arch/arch/arm/core/cortex_m/libarch__arm__core__cortex_m.a(scb.c.obj)
                              (--whole-archive)
zephyr/arch/arch/arm/core/cortex_m/libarch__arm__core__cortex_m.a(thread_abort.c.obj)
                              (--whole-archive)
zephyr/arch/arch/arm/core/cortex_m/libarch__arm__core__cortex_m.a(vector_table.S.obj)
                              (--whole-archive)
zephyr/arch/arch/arm/core/cortex_m/libarch__arm__core__cortex_m.a(swap_helper.S.obj)
                              (--whole-archive)
zephyr/arch/arch/arm/core/cortex_m/libarch__arm__core__cortex_m.a(irq_manage.c.obj)
                              (--whole-archive)
zephyr/arch/arch/arm/core/cortex_m/libarch__arm__core__cortex_m.a(prep_c.c.obj)
                              (--whole-archive)
[...]
Memory Configuration

Name             Origin             Length             Attributes
FLASH            0x0000000000000000 0x0000000000100000 xr
RAM              0x0000000020000000 0x0000000000040000 xw
IDT_LIST         0x00000000ffff7fff 0x0000000000008000 xw
*default*        0x0000000000000000 0xffffffffffffffff

Linker script and memory map

                0x000000000000b078                vfprintf = __l_vfprintf
                0x0000000000000000                vfscanf = __l_vfscanf
LOAD zephyr/CMakeFiles/zephyr_pre0.dir/misc/empty_file.c.obj
LOAD zephyr/CMakeFiles/offsets.dir/./arch/arm/core/offsets/offsets.c.obj
LOAD app/libapp.a
LOAD zephyr/libzephyr.a
LOAD zephyr/arch/common/libarch__common.a
LOAD zephyr/arch/arch/arm/core/libarch__arm__core.a
LOAD zephyr/arch/arch/arm/core/cortex_m/libarch__arm__core__cortex_m.a
LOAD zephyr/arch/arch/arm/core/mpu/libarch__arm__core__mpu.a
LOAD zephyr/lib/libc/picolibc/liblib__libc__picolibc.a
LOAD zephyr/lib/libc/common/liblib__libc__common.a
LOAD zephyr/lib/net_buf/liblib__net_buf.a
LOAD zephyr/soc/soc/nrf52840/libsoc__nordic.a
LOAD zephyr/subsys/usb/device/class/hid/libsubsys__usb__device__class__hid.a
LOAD zephyr/subsys/usb/device_next/libsubsys__usb__device_next.a
LOAD zephyr/subsys/input/libsubsys__input.a
LOAD zephyr/drivers/usb/udc/libdrivers__usb__udc.a
LOAD zephyr/drivers/usb/device/libdrivers__usb__device.a
LOAD zephyr/drivers/usb/common/nrf_usbd_common/libdrivers__usb__common__nrf_usbd_common.a
LOAD zephyr/drivers/clock_control/libdrivers__clock_control.a
LOAD zephyr/drivers/console/libdrivers__console.a
LOAD zephyr/drivers/gpio/libdrivers__gpio.a
LOAD zephyr/drivers/hwinfo/libdrivers__hwinfo.a
LOAD zephyr/drivers/input/libdrivers__input.a
LOAD zephyr/drivers/pinctrl/libdrivers__pinctrl.a
LOAD zephyr/drivers/serial/libdrivers__serial.a
LOAD zephyr/drivers/timer/libdrivers__timer.a
LOAD modules/nrf/drivers/hw_cc3xx/lib..__nrf__drivers__hw_cc3xx.a
LOAD modules/hal_nordic/modules/hal_nordic/nrfx/libmodules__hal_nordic__nrfx.a
LOAD zephyr/kernel/libkernel.a
LOAD zephyr/arch/common/libisr_tables.a
LOAD C:/ncs/v3.1.1/nrfxlib/crypto/nrf_cc310_platform/lib/cortex-m4/soft-float/no-interrupts/libnrf_cc310_platform_0.9.19.a
LOAD c:\ncs\toolchains\c1a76fddb2\opt\zephyr-sdk\arm-zephyr-eabi\bin\../lib/gcc/../../picolibc/arm-zephyr-eabi/lib/thumb/v7e-m/nofp\libc.a
LOAD c:/ncs/toolchains/c1a76fddb2/opt/zephyr-sdk/arm-zephyr-eabi/bin/../lib/gcc/arm-zephyr-eabi/12.2.0/thumb/v7e-m/nofp\libgcc.a
                0x0000000000000020                _region_min_align = 0x20

.rel.plt        0x0000000000000000        0x0
 *(SORT_BY_ALIGNMENT(.rel.plt))
                [!provide]                        PROVIDE (__rel_iplt_start = .)
 *(SORT_BY_ALIGNMENT(.rel.iplt))
 .rel.iplt      0x0000000000000000        0x0 app/libapp.a(sample_usbd_init.c.obj)
                [!provide]                        PROVIDE (__rel_iplt_end = .)

.rela.plt       0x0000000000000000        0x0
 *(SORT_BY_ALIGNMENT(.rela.plt))
                [!provide]                        PROVIDE (__rela_iplt_start = .)
 *(SORT_BY_ALIGNMENT(.rela.iplt))
                [!provide]                        PROVIDE (__rela_iplt_end = .)

.rel.dyn
 *(SORT_BY_ALIGNMENT(.rel.*))

.rela.dyn
 *(SORT_BY_ALIGNMENT(.rela.*))

/DISCARD/
 *(SORT_BY_ALIGNMENT(.plt))

/DISCARD/
 *(SORT_BY_ALIGNMENT(.iplt))
                0x0000000000000000                __rom_region_start = 0x0

rom_start       0x0000000000000000      0x100
                0x0000000000000000                __rom_start_address = .
 FILL mask 0x00
                0x0000000000000000                . = (. + (0x0 - (. - __rom_start_address)))
                0x0000000000000000                . = ALIGN (0x4)
                0x0000000000000000                . = ALIGN (0x80)
                0x0000000000000000                . = ALIGN (0x100)
                0x0000000000000000                _vector_start = .
 *(SORT_BY_ALIGNMENT(.exc_vector_table))
 *(SORT_BY_ALIGNMENT(.exc_vector_table.*))
 .exc_vector_table._vector_table_section
                0x0000000000000000       0x40 zephyr/arch/arch/arm/core/cortex_m/libarch__arm__core__cortex_m.a(vector_table.S.obj)
                0x0000000000000000                _vector_table
 *(SORT_BY_ALIGNMENT(.vectors))
                0x0000000000000100                _vector_end = .
                0x0000000000000040                . = ALIGN (0x4)
 *(SORT_BY_ALIGNMENT(.gnu.linkonce.irq_vector_table*))
 .gnu.linkonce.irq_vector_table
                0x0000000000000040       0xc0 zephyr/arch/common/libisr_tables.a(isr_tables.c.obj)
                0x0000000000000040                _irq_vector_table
                0x0000000000000100                _vector_end = .

text            0x0000000000000100     0xe564
                0x0000000000000100                __text_region_start = .
 *(SORT_BY_ALIGNMENT(.text))
 .text          0x0000000000000100       0x30 c:/ncs/toolchains/c1a76fddb2/opt/zephyr-sdk/arm-zephyr-eabi/bin/../lib/gcc/arm-zephyr-eabi/12.2.0/thumb/v7e-m/nofp\libgcc.a(_aeabi_uldivmod.o)
                0x0000000000000100                __aeabi_uldivmod
 .text          0x0000000000000130        0x4 c:/ncs/toolchains/c1a76fddb2/opt/zephyr-sdk/arm-zephyr-eabi/bin/../lib/gcc/arm-zephyr-eabi/12.2.0/thumb/v7e-m/nofp\libgcc.a(_dvmd_tls.o)
                0x0000000000000130                __aeabi_idiv0
                0x0000000000000130                __aeabi_ldiv0
 .text          0x0000000000000134       0x14 c:\ncs\toolchains\c1a76fddb2\opt\zephyr-sdk\arm-zephyr-eabi\bin\../lib/gcc/../../picolibc/arm-zephyr-eabi/lib/thumb/v7e-m/nofp\libc.a(strcmp.S.o)
                0x0000000000000134                strcmp
 .text          0x0000000000000148       0x10 c:\ncs\toolchains\c1a76fddb2\opt\zephyr-sdk\arm-zephyr-eabi\bin\../lib/gcc/../../picolibc/arm-zephyr-eabi/lib/thumb/v7e-m/nofp\libc.a(strlen.S.o)
                0x0000000000000148                strlen
 .text          0x0000000000000158      0x2a0 c:/ncs/toolchains/c1a76fddb2/opt/zephyr-sdk/arm-zephyr-eabi/bin/../lib/gcc/arm-zephyr-eabi/12.2.0/thumb/v7e-m/nofp\libgcc.a(_udivmoddi4.o)
                0x0000000000000158                __udivmoddi4
 *(SORT_BY_ALIGNMENT(.text.*))
 .text.sample_usbd_setup_device
                0x00000000000003f8       0xe4 app/libapp.a(sample_usbd_init.c.obj)
                0x00000000000003f8                sample_usbd_setup_device
 .text.sample_usbd_init_device
                0x00000000000004dc       0x30 app/libapp.a(sample_usbd_init.c.obj)
                0x00000000000004dc                sample_usbd_init_device
 .text.int_in_ready_cb
                0x000000000000050c        0xc app/libapp.a(main.c.obj)
 .text.input_cb
                0x0000000000000518       0xa4 app/libapp.a(main.c.obj)
 .text.main     0x00000000000005bc      0x130 app/libapp.a(main.c.obj)
                0x00000000000005bc                main
 .text.cbvprintf_package
                0x00000000000006ec      0x3a4 zephyr/libzephyr.a(cbprintf_packaged.c.obj)
                0x00000000000006ec                cbvprintf_package
 .text.cbprintf_package_convert
                0x0000000000000a90      0x3cc zephyr/libzephyr.a(cbprintf_packaged.c.obj)
                0x0000000000000a90                cbprintf_package_convert
 .text.__printk_hook_install
                0x0000000000000e5c        0xc zephyr/libzephyr.a(printk.c.obj)
                0x0000000000000e5c                __printk_hook_install
 .text.z_thread_entry
                0x0000000000000e68       0x34 zephyr/libzephyr.a(thread_entry.c.obj)
                0x0000000000000e68                z_thread_entry
 .text.process_event
                0x0000000000000e9c      0x21c zephyr/libzephyr.a(onoff.c.obj)
 .text.activate_foreach_backend
                0x00000000000010b8       0x64 zephyr/libzephyr.a(log_core.c.obj)
 .text.enable_logger
                0x000000000000111c       0x5c zephyr/libzephyr.a(log_core.c.obj)
 .text.log_process_thread_timer_expiry_fn
                0x0000000000001178        0xc zephyr/libzephyr.a(log_core.c.obj)
 .text.z_log_init
                0x0000000000001184       0x98 zephyr/libzephyr.a(log_core.c.obj)
 .text.log_format_func_t_get
                0x000000000000121c        0xc zephyr/libzephyr.a(log_core.c.obj)
                0x000000000000121c                log_format_func_t_get
 .text.log_set_timestamp_func
                0x0000000000001228       0x20 zephyr/libzephyr.a(log_core.c.obj)
                0x0000000000001228                log_set_timestamp_func
 .text.z_log_notify_backend_enabled
                0x0000000000001248       0x1c zephyr/libzephyr.a(log_core.c.obj)
                0x0000000000001248                z_log_notify_backend_enabled
 .text.z_log_dropped
                0x0000000000001264       0x44 zephyr/libzephyr.a(log_core.c.obj)
                0x0000000000001264                z_log_dropped
 .text.z_log_dropped_read_and_clear
                0x00000000000012a8       0x20 zephyr/libzephyr.a(log_core.c.obj)
                0x00000000000012a8                z_log_dropped_read_and_clear
 .text.dropped_notify
                0x00000000000012c8       0x30 zephyr/libzephyr.a(log_core.c.obj)
                0x00000000000012c8                dropped_notify
 .text.z_log_msg_init
                0x00000000000012f8       0x20 zephyr/libzephyr.a(log_core.c.obj)
                0x00000000000012f8                z_log_msg_init
 .text.log_core_init
                0x0000000000001318       0x50 zephyr/libzephyr.a(log_core.c.obj)
                0x0000000000001318                log_core_init
 .text.z_log_msg_alloc
                0x0000000000001368       0x10 zephyr/libzephyr.a(log_core.c.obj)
                0x0000000000001368                z_log_msg_alloc
 .text.z_log_msg_local_claim
                0x0000000000001378        0xc zephyr/libzephyr.a(log_core.c.obj)
                0x0000000000001378                z_log_msg_local_claim
 .text.z_log_msg_free
                0x0000000000001384       0x10 zephyr/libzephyr.a(log_core.c.obj)
                0x0000000000001384                z_log_msg_free
 .text.z_log_msg_pending
                0x0000000000001394        0xc zephyr/libzephyr.a(log_core.c.obj)
                0x0000000000001394                z_log_msg_pending
 .text.z_impl_log_process
                0x00000000000013a0       0xc0 zephyr/libzephyr.a(log_core.c.obj)
                0x00000000000013a0                z_impl_log_process
 .text.z_impl_log_panic
                0x0000000000001460       0x44 zephyr/libzephyr.a(log_core.c.obj)
                0x0000000000001460                z_impl_log_panic
 .text.log_process_thread_func
                0x00000000000014a4       0xa4 zephyr/libzephyr.a(log_core.c.obj)
 .text.z_log_msg_post_finalize
                0x0000000000001548       0x78 zephyr/libzephyr.a(log_core.c.obj)
 .text.z_log_msg_commit
                0x00000000000015c0       0x24 zephyr/libzephyr.a(log_core.c.obj)
                0x00000000000015c0                z_log_msg_commit
 .text.log_source_name_get
                0x00000000000015e4       0x1c zephyr/libzephyr.a(log_mgmt.c.obj)
                0x00000000000015e4                log_source_name_get
 .text.z_impl_z_log_msg_static_create
                0x0000000000001600      0x108 zephyr/libzephyr.a(log_msg.c.obj)
                0x0000000000001600                z_impl_z_log_msg_static_create
 .text.z_log_msg_runtime_vcreate
                0x0000000000001708       0xa0 zephyr/libzephyr.a(log_msg.c.obj)
                0x0000000000001708                z_log_msg_runtime_vcreate
 .text.log_msg_get_source_id
                0x00000000000017a8       0x18 zephyr/libzephyr.a(log_msg.c.obj)
                0x00000000000017a8                log_msg_get_source_id
 .text.print_formatted
                0x00000000000017c0       0x24 zephyr/libzephyr.a(log_output.c.obj)
 .text.newline_print
                0x00000000000017e4       0x1c zephyr/libzephyr.a(log_output.c.obj)
 .text.log_output_process
                0x0000000000001800      0x2d4 zephyr/libzephyr.a(log_output.c.obj)
                0x0000000000001800                log_output_process
 .text.log_output_dropped_process
                0x0000000000001ad4       0x58 zephyr/libzephyr.a(log_output.c.obj)
                0x0000000000001ad4                log_output_dropped_process
 .text.log_output_timestamp_freq_set
                0x0000000000001b2c       0x2c zephyr/libzephyr.a(log_output.c.obj)
                0x0000000000001b2c                log_output_timestamp_freq_set
 .text.char_out
                0x0000000000001b58       0x24 zephyr/libzephyr.a(log_backend_uart.c.obj)
 .text.mem_attr_get_regions
                0x0000000000001b7c        0xc zephyr/libzephyr.a(mem_attr.c.obj)
                0x0000000000001b7c                mem_attr_get_regions
 .text.boot_banner
                0x0000000000001b88       0x1c zephyr/libzephyr.a(banner.c.obj)
                0x0000000000001b88                boot_banner
 .text.nrf_cc3xx_platform_abort_init
                0x0000000000001ba4        0xc zephyr/libzephyr.a(nrf_cc3xx_platform_abort_zephyr.c.obj)
                0x0000000000001ba4                nrf_cc3xx_platform_abort_init
 .text.mutex_free_platform
                0x0000000000001bb0       0x54 zephyr/libzephyr.a(nrf_cc3xx_platform_mutex_zephyr.c.obj)
 .text.mutex_lock_platform
                0x0000000000001c04       0x60 zephyr/libzephyr.a(nrf_cc3xx_platform_mutex_zephyr.c.obj)
 .text.mutex_unlock_platform
                0x0000000000001c64       0x58 zephyr/libzephyr.a(nrf_cc3xx_platform_mutex_zephyr.c.obj)
 .text.mutex_init_platform
                0x0000000000001cbc       0x94 zephyr/libzephyr.a(nrf_cc3xx_platform_mutex_zephyr.c.obj)
 .text.nrf_cc3xx_platform_mutex_init
                0x0000000000001d50       0x2c zephyr/libzephyr.a(nrf_cc3xx_platform_mutex_zephyr.c.obj)
                0x0000000000001d50                nrf_cc3xx_platform_mutex_init
 .text.z_arm_fatal_error
                0x0000000000001d7c       0xb8 zephyr/arch/arch/arm/core/libarch__arm__core.a(fatal.c.obj)
                0x0000000000001d7c                z_arm_fatal_error
 .text.z_SysNmiOnReset
                0x0000000000001e34        0x8 zephyr/arch/arch/arm/core/libarch__arm__core.a(nmi_on_reset.S.obj)
                0x0000000000001e34                z_SysNmiOnReset
 .text.arch_tls_stack_setup
                0x0000000000001e3c       0x40 zephyr/arch/arch/arm/core/libarch__arm__core.a(tls.c.obj)
                0x0000000000001e3c                arch_tls_stack_setup
 .text._HandlerModeExit
                0x0000000000001e7c       0x20 zephyr/arch/arch/arm/core/cortex_m/libarch__arm__core__cortex_m.a(exc_exit.c.obj)
                0x0000000000001e7c                z_arm_int_exit
                0x0000000000001e7c                z_arm_exc_exit
 .text.bus_fault.constprop.0
                0x0000000000001e9c       0xd0 zephyr/arch/arch/arm/core/cortex_m/libarch__arm__core__cortex_m.a(fault.c.obj)
 .text.usage_fault.constprop.0
                0x0000000000001f6c       0xa8 zephyr/arch/arch/arm/core/cortex_m/libarch__arm__core__cortex_m.a(fault.c.obj)
 .text.mem_manage_fault
                0x0000000000002014      0x104 zephyr/arch/arch/arm/core/cortex_m/libarch__arm__core__cortex_m.a(fault.c.obj)
 .text.z_arm_fault
                0x0000000000002118      0x1d4 zephyr/arch/arch/arm/core/cortex_m/libarch__arm__core__cortex_m.a(fault.c.obj)
                0x0000000000002118                z_arm_fault
 .text.z_arm_fault_init
                0x00000000000022ec       0x18 zephyr/arch/arch/arm/core/cortex_m/libarch__arm__core__cortex_m.a(fault.c.obj)
                0x00000000000022ec                z_arm_fault_init
 .text.__fault  0x0000000000002304       0x14 zephyr/arch/arch/arm/core/cortex_m/libarch__arm__core__cortex_m.a(fault_s.S.obj)
                0x0000000000002304                z_arm_usage_fault
                0x0000000000002304                z_arm_mpu_fault
                0x0000000000002304                z_arm_exc_spurious
                0x0000000000002304                z_arm_debug_monitor
                0x0000000000002304                z_arm_hard_fault
                0x0000000000002304                z_arm_bus_fault
 .text._reset_section
                0x0000000000002318       0x54 zephyr/arch/arch/arm/core/cortex_m/libarch__arm__core__cortex_m.a(reset.S.obj)
                0x0000000000002318                __start
                0x0000000000002318                z_arm_reset
 .text.z_arm_clear_arm_mpu_config
                0x000000000000236c       0x24 zephyr/arch/arch/arm/core/cortex_m/libarch__arm__core__cortex_m.a(scb.c.obj)
                0x000000000000236c                z_arm_clear_arm_mpu_config
 .text.z_arm_init_arch_hw_at_boot
                0x0000000000002390       0x64 zephyr/arch/arch/arm/core/cortex_m/libarch__arm__core__cortex_m.a(scb.c.obj)
                0x0000000000002390                z_arm_init_arch_hw_at_boot
 .text.z_impl_k_thread_abort
                0x00000000000023f4       0x2c zephyr/arch/arch/arm/core/cortex_m/libarch__arm__core__cortex_m.a(thread_abort.c.obj)
                0x00000000000023f4                z_impl_k_thread_abort
 .text.z_arm_pendsv
                0x0000000000002420       0x64 zephyr/arch/arch/arm/core/cortex_m/libarch__arm__core__cortex_m.a(swap_helper.S.obj)
                0x0000000000002420                z_arm_pendsv
 .text.z_arm_svc
                0x0000000000002484       0x24 zephyr/arch/arch/arm/core/cortex_m/libarch__arm__core__cortex_m.a(swap_helper.S.obj)
                0x0000000000002484                z_arm_svc
 .text.arm_irq_enable
                0x00000000000024a8       0x1c zephyr/arch/arch/arm/core/cortex_m/libarch__arm__core__cortex_m.a(irq_manage.c.obj)
                0x00000000000024a8                arm_irq_enable
 .text.arm_irq_disable
                0x00000000000024c4       0x28 zephyr/arch/arch/arm/core/cortex_m/libarch__arm__core__cortex_m.a(irq_manage.c.obj)
                0x00000000000024c4                arm_irq_disable
 .text.arm_irq_is_enabled
                0x00000000000024ec       0x1c zephyr/arch/arch/arm/core/cortex_m/libarch__arm__core__cortex_m.a(irq_manage.c.obj)
                0x00000000000024ec                arm_irq_is_enabled
 .text.arm_irq_priority_set
                0x0000000000002508       0x30 zephyr/arch/arch/arm/core/cortex_m/libarch__arm__core__cortex_m.a(irq_manage.c.obj)
                0x0000000000002508                arm_irq_priority_set
 .text.relocate_vector_table
                0x0000000000002538       0x1c zephyr/arch/arch/arm/core/cortex_m/libarch__arm__core__cortex_m.a(prep_c.c.obj)
                0x0000000000002538                relocate_vector_table
 .text.z_prep_c
                0x0000000000002554       0x28 zephyr/arch/arch/arm/core/cortex_m/libarch__arm__core__cortex_m.a(prep_c.c.obj)
                0x0000000000002554                z_prep_c
 .text.arch_new_thread
                0x000000000000257c       0x38 zephyr/arch/arch/arm/core/cortex_m/libarch__arm__core__cortex_m.a(thread.c.obj)
                0x000000000000257c                arch_new_thread
 .text.z_check_thread_stack_fail
                0x00000000000025b4       0x2c zephyr/arch/arch/arm/core/cortex_m/libarch__arm__core__cortex_m.a(thread.c.obj)
                0x00000000000025b4                z_check_thread_stack_fail
 .text.arch_switch_to_main_thread
                0x00000000000025e0       0x40 zephyr/arch/arch/arm/core/cortex_m/libarch__arm__core__cortex_m.a(thread.c.obj)
                0x00000000000025e0                arch_switch_to_main_thread
 .text.z_arm_cpu_idle_init
                0x0000000000002620        0xc zephyr/arch/arch/arm/core/cortex_m/libarch__arm__core__cortex_m.a(cpu_idle.c.obj)
                0x0000000000002620                z_arm_cpu_idle_init
 .text.z_arm_interrupt_init
                0x000000000000262c       0x18 zephyr/arch/arch/arm/core/cortex_m/libarch__arm__core__cortex_m.a(irq_init.c.obj)
                0x000000000000262c                z_arm_interrupt_init
 .text._isr_wrapper
                0x0000000000002644       0x24 zephyr/arch/arch/arm/core/cortex_m/libarch__arm__core__cortex_m.a(isr_wrapper.c.obj)
                0x0000000000002644                _isr_wrapper
 .text.z_arm_configure_static_mpu_regions
                0x0000000000002668       0x18 zephyr/arch/arch/arm/core/mpu/libarch__arm__core__mpu.a(arm_core_mpu.c.obj)
                0x0000000000002668                z_arm_configure_static_mpu_regions
 .text.z_arm_configure_dynamic_mpu_regions
                0x0000000000002680       0x20 zephyr/arch/arch/arm/core/mpu/libarch__arm__core__mpu.a(arm_core_mpu.c.obj)
                0x0000000000002680                z_arm_configure_dynamic_mpu_regions
 .text.region_allocate_and_init
                0x00000000000026a0       0x54 zephyr/arch/arch/arm/core/mpu/libarch__arm__core__mpu.a(arm_mpu.c.obj)
 .text.mpu_configure_regions
                0x00000000000026f4       0x68 zephyr/arch/arch/arm/core/mpu/libarch__arm__core__mpu.a(arm_mpu.c.obj)
 .text.arm_core_mpu_enable
                0x000000000000275c       0x18 zephyr/arch/arch/arm/core/mpu/libarch__arm__core__mpu.a(arm_mpu.c.obj)
                0x000000000000275c                arm_core_mpu_enable
 .text.arm_core_mpu_disable
                0x0000000000002774       0x14 zephyr/arch/arch/arm/core/mpu/libarch__arm__core__mpu.a(arm_mpu.c.obj)
                0x0000000000002774                arm_core_mpu_disable
 .text.arm_core_mpu_configure_static_mpu_regions
                0x0000000000002788       0x14 zephyr/arch/arch/arm/core/mpu/libarch__arm__core__mpu.a(arm_mpu.c.obj)
                0x0000000000002788                arm_core_mpu_configure_static_mpu_regions
 .text.arm_core_mpu_configure_dynamic_mpu_regions
                0x000000000000279c       0x38 zephyr/arch/arch/arm/core/mpu/libarch__arm__core__mpu.a(arm_mpu.c.obj)
                0x000000000000279c                arm_core_mpu_configure_dynamic_mpu_regions
 .text.z_arm_mpu_init
                0x00000000000027d4      0x17c zephyr/arch/arch/arm/core/mpu/libarch__arm__core__mpu.a(arm_mpu.c.obj)
                0x00000000000027d4                z_arm_mpu_init
 .text.cbvprintf
                0x0000000000002950       0x38 zephyr/lib/libc/picolibc/liblib__libc__picolibc.a(cbprintf.c.obj)
                0x0000000000002950                cbvprintf
 .text.z_impl_zephyr_fputc
                0x0000000000002988       0x10 zephyr/lib/libc/picolibc/liblib__libc__picolibc.a(stdio.c.obj)
                0x0000000000002988                z_impl_zephyr_fputc
 .text.__stdout_hook_install
                0x0000000000002998       0x18 zephyr/lib/libc/picolibc/liblib__libc__picolibc.a(stdio.c.obj)
                0x0000000000002998                __stdout_hook_install
 .text.malloc_prepare
                0x00000000000029b0       0x24 zephyr/lib/libc/common/liblib__libc__common.a(malloc.c.obj)
 .text.net_buf_destroy
                0x00000000000029d4       0x3c zephyr/lib/net_buf/liblib__net_buf.a(buf.c.obj)
 .text.net_buf_pool_get
                0x0000000000002a10       0x10 zephyr/lib/net_buf/liblib__net_buf.a(buf.c.obj)
                0x0000000000002a10                net_buf_pool_get
 .text.net_buf_id
                0x0000000000002a20       0x20 zephyr/lib/net_buf/liblib__net_buf.a(buf.c.obj)
                0x0000000000002a20                net_buf_id
 .text.fixed_data_alloc
                0x0000000000002a40       0x24 zephyr/lib/net_buf/liblib__net_buf.a(buf.c.obj)
 .text.net_buf_alloc_len
                0x0000000000002a64       0xfc zephyr/lib/net_buf/liblib__net_buf.a(buf.c.obj)
                0x0000000000002a64                net_buf_alloc_len
 .text.net_buf_unref
                0x0000000000002b60       0x38 zephyr/lib/net_buf/liblib__net_buf.a(buf.c.obj)
                0x0000000000002b60                net_buf_unref
 .text.nordicsemi_nrf52_init
                0x0000000000002b98       0x44 zephyr/soc/soc/nrf52840/libsoc__nordic.a(soc.c.obj)
 .text.arch_busy_wait
                0x0000000000002bdc       0x14 zephyr/soc/soc/nrf52840/libsoc__nordic.a(soc.c.obj)
                0x0000000000002bdc                arch_busy_wait
 .text.hid_int_in.part.0
                0x0000000000002bf0       0x14 zephyr/subsys/usb/device/class/hid/libsubsys__usb__device__class__hid.a(core.c.obj)
 .text.hid_int_in
                0x0000000000002c04       0x38 zephyr/subsys/usb/device/class/hid/libsubsys__usb__device__class__hid.a(core.c.obj)
 .text.hid_status_cb.part.0
                0x0000000000002c3c       0x2c zephyr/subsys/usb/device/class/hid/libsubsys__usb__device__class__hid.a(core.c.obj)
 .text.hid_status_cb
                0x0000000000002c68       0xcc zephyr/subsys/usb/device/class/hid/libsubsys__usb__device__class__hid.a(core.c.obj)
 .text.hid_class_handle_req
                0x0000000000002d34       0x94 zephyr/subsys/usb/device/class/hid/libsubsys__usb__device__class__hid.a(core.c.obj)
 .text.hid_custom_handle_req
                0x0000000000002dc8       0x94 zephyr/subsys/usb/device/class/hid/libsubsys__usb__device__class__hid.a(core.c.obj)
 .text.usb_hid_register_device
                0x0000000000002e5c       0x2c zephyr/subsys/usb/device/class/hid/libsubsys__usb__device__class__hid.a(core.c.obj)
                0x0000000000002e5c                usb_hid_register_device
 .text.hid_int_ep_write
                0x0000000000002e88       0x34 zephyr/subsys/usb/device/class/hid/libsubsys__usb__device__class__hid.a(core.c.obj)
                0x0000000000002e88                hid_int_ep_write
 .text.usbd_init
                0x0000000000002ebc       0x80 zephyr/subsys/usb/device_next/libsubsys__usb__device_next.a(usbd_device.c.obj)
                0x0000000000002ebc                usbd_init
 .text.usbd_enable
                0x0000000000002f3c       0x8c zephyr/subsys/usb/device_next/libsubsys__usb__device_next.a(usbd_device.c.obj)
                0x0000000000002f3c                usbd_enable
 .text.nonstd_request
                0x0000000000002fc8       0xa4 zephyr/subsys/usb/device_next/libsubsys__usb__device_next.a(usbd_ch9.c.obj)
 .text.usbd_handle_ctrl_xfer
                0x000000000000306c      0xa68 zephyr/subsys/usb/device_next/libsubsys__usb__device_next.a(usbd_ch9.c.obj)
                0x000000000000306c                usbd_handle_ctrl_xfer
 .text.usbd_event_carrier
                0x0000000000003ad4       0x10 zephyr/subsys/usb/device_next/libsubsys__usb__device_next.a(usbd_core.c.obj)
 .text.usbd_pre_init
                0x0000000000003ae4       0xa4 zephyr/subsys/usb/device_next/libsubsys__usb__device_next.a(usbd_core.c.obj)
 .text.usbd_class_bcast_event.part.0
                0x0000000000003b88       0x54 zephyr/subsys/usb/device_next/libsubsys__usb__device_next.a(usbd_core.c.obj)
 .text.usbd_thread
                0x0000000000003bdc      0x1d4 zephyr/subsys/usb/device_next/libsubsys__usb__device_next.a(usbd_core.c.obj)
 .text.usbd_device_init_core
                0x0000000000003db0       0x44 zephyr/subsys/usb/device_next/libsubsys__usb__device_next.a(usbd_core.c.obj)
                0x0000000000003db0                usbd_device_init_core
 .text.unassign_eps.constprop.0
                0x0000000000003df4       0xa4 zephyr/subsys/usb/device_next/libsubsys__usb__device_next.a(usbd_init.c.obj)
 .text.usbd_init_configurations
                0x0000000000003e98      0x22c zephyr/subsys/usb/device_next/libsubsys__usb__device_next.a(usbd_init.c.obj)
                0x0000000000003e98                usbd_init_configurations
 .text.usbd_config_set
                0x00000000000040c4       0xb0 zephyr/subsys/usb/device_next/libsubsys__usb__device_next.a(usbd_config.c.obj)
                0x00000000000040c4                usbd_config_set
 .text.usbd_add_configuration
                0x0000000000004174      0x120 zephyr/subsys/usb/device_next/libsubsys__usb__device_next.a(usbd_config.c.obj)
                0x0000000000004174                usbd_add_configuration
 .text.usbd_class_node_get.part.0
                0x0000000000004294       0x38 zephyr/subsys/usb/device_next/libsubsys__usb__device_next.a(usbd_class.c.obj)
 .text.usbd_class_node_get
                0x00000000000042cc       0x38 zephyr/subsys/usb/device_next/libsubsys__usb__device_next.a(usbd_class.c.obj)
 .text.usbd_class_get_by_ep
                0x0000000000004304       0x58 zephyr/subsys/usb/device_next/libsubsys__usb__device_next.a(usbd_class.c.obj)
                0x0000000000004304                usbd_class_get_by_ep
 .text.usbd_register_class
                0x000000000000435c       0xc4 zephyr/subsys/usb/device_next/libsubsys__usb__device_next.a(usbd_class.c.obj)
                0x000000000000435c                usbd_register_class
 .text.usbd_register_all_classes
                0x0000000000004420       0xa8 zephyr/subsys/usb/device_next/libsubsys__usb__device_next.a(usbd_class.c.obj)
                0x0000000000004420                usbd_register_all_classes
 .text.usbd_interface_modify
                0x00000000000044c8       0xe8 zephyr/subsys/usb/device_next/libsubsys__usb__device_next.a(usbd_interface.c.obj)
 .text.usbd_ep_ctrl_enqueue
                0x00000000000045b0       0x90 zephyr/subsys/usb/device_next/libsubsys__usb__device_next.a(usbd_endpoint.c.obj)
                0x00000000000045b0                usbd_ep_ctrl_enqueue
 .text.usbd_ep_set_halt
                0x0000000000004640       0x44 zephyr/subsys/usb/device_next/libsubsys__usb__device_next.a(usbd_endpoint.c.obj)
                0x0000000000004640                usbd_ep_set_halt
 .text.usbd_ep_clear_halt
                0x0000000000004684       0x34 zephyr/subsys/usb/device_next/libsubsys__usb__device_next.a(usbd_endpoint.c.obj)
                0x0000000000004684                usbd_ep_clear_halt
 .text.msg_work_handler
                0x00000000000046b8       0x90 zephyr/subsys/usb/device_next/libsubsys__usb__device_next.a(usbd_msg.c.obj)
 .text.usbd_msg_pub
                0x0000000000004748       0x70 zephyr/subsys/usb/device_next/libsubsys__usb__device_next.a(usbd_msg.c.obj)
 .text.usbd_hid_ctd
                0x00000000000047b8       0xac zephyr/subsys/usb/device_next/libsubsys__usb__device_next.a(usbd_hid.c.obj)
 .text.hid_device_init
                0x0000000000004864       0x28 zephyr/subsys/usb/device_next/libsubsys__usb__device_next.a(usbd_hid.c.obj)
 .text.hid_dev_submit_report
                0x000000000000488c       0x94 zephyr/subsys/usb/device_next/libsubsys__usb__device_next.a(usbd_hid.c.obj)
 .text.usbd_hid_cth
                0x0000000000004920      0x108 zephyr/subsys/usb/device_next/libsubsys__usb__device_next.a(usbd_hid.c.obj)
 .text.usbd_hid_init.part.0
                0x0000000000004a28       0x14 zephyr/subsys/usb/device_next/libsubsys__usb__device_next.a(usbd_hid.c.obj)
 .text.hid_dev_register
                0x0000000000004a3c       0x6c zephyr/subsys/usb/device_next/libsubsys__usb__device_next.a(usbd_hid.c.obj)
 .text.hid_dev_output_handler
                0x0000000000004aa8       0x64 zephyr/subsys/usb/device_next/libsubsys__usb__device_next.a(usbd_hid.c.obj)
 .text.input_report
                0x0000000000004b0c       0x44 zephyr/subsys/input/libsubsys__input.a(input.c.obj)
                0x0000000000004b0c                input_report
 .text.udc_set_suspended
                0x0000000000004b50       0x60 zephyr/drivers/usb/udc/libdrivers__usb__udc.a(udc_common.c.obj)
                0x0000000000004b50                udc_set_suspended
 .text.udc_ep_enable_internal
                0x0000000000004bb0       0x88 zephyr/drivers/usb/udc/libdrivers__usb__udc.a(udc_common.c.obj)
                0x0000000000004bb0                udc_ep_enable_internal
 .text.udc_ep_disable_internal
                0x0000000000004c38       0x54 zephyr/drivers/usb/udc/libdrivers__usb__udc.a(udc_common.c.obj)
                0x0000000000004c38                udc_ep_disable_internal
 .text.udc_ep_buf_alloc
                0x0000000000004c8c       0x50 zephyr/drivers/usb/udc/libdrivers__usb__udc.a(udc_common.c.obj)
                0x0000000000004c8c                udc_ep_buf_alloc
 .text.udc_ctrl_update_stage
                0x0000000000004cdc       0x9c zephyr/drivers/usb/udc/libdrivers__usb__udc.a(udc_common.c.obj)
                0x0000000000004cdc                udc_ctrl_update_stage
 .text.nrf52_errata_187
                0x0000000000004d78       0x28 zephyr/drivers/usb/udc/libdrivers__usb__udc.a(udc_nrf.c.obj)
 .text.usbd_ep_amount_get
                0x0000000000004da0       0x38 zephyr/drivers/usb/udc/libdrivers__usb__udc.a(udc_nrf.c.obj)
 .text.usbd_ep_abort
                0x0000000000004dd8       0xac zephyr/drivers/usb/udc/libdrivers__usb__udc.a(udc_nrf.c.obj)
 .text.usbd_errata_187_211_begin
                0x0000000000004e84       0x3c zephyr/drivers/usb/udc/libdrivers__usb__udc.a(udc_nrf.c.obj)
 .text.usbd_errata_187_211_end
                0x0000000000004ec0       0x3c zephyr/drivers/usb/udc/libdrivers__usb__udc.a(udc_nrf.c.obj)
 .text.nrf_usbd_start_transfer
                0x0000000000004efc       0x70 zephyr/drivers/usb/udc/libdrivers__usb__udc.a(udc_nrf.c.obj)
 .text.nrf_usbd_legacy_ep_stall_clear
                0x0000000000004f6c       0x60 zephyr/drivers/usb/udc/libdrivers__usb__udc.a(udc_nrf.c.obj)
 .text.udc_nrf_ep_enable
                0x0000000000004fcc       0x60 zephyr/drivers/usb/udc/libdrivers__usb__udc.a(udc_nrf.c.obj)
 .text.udc_nrf_ep_set_halt
                0x000000000000502c       0x20 zephyr/drivers/usb/udc/libdrivers__usb__udc.a(udc_nrf.c.obj)
 .text.udc_event_xfer_ctrl_in
                0x000000000000504c       0x4c zephyr/drivers/usb/udc/libdrivers__usb__udc.a(udc_nrf.c.obj)
 .text.udc_nrf_init
                0x0000000000005098       0x38 zephyr/drivers/usb/udc/libdrivers__usb__udc.a(udc_nrf.c.obj)
 .text.udc_nrf_power_handler.part.0
                0x00000000000050d0       0x14 zephyr/drivers/usb/udc/libdrivers__usb__udc.a(udc_nrf.c.obj)
 .text.udc_nrf_power_handler
                0x00000000000050e4       0x50 zephyr/drivers/usb/udc/libdrivers__usb__udc.a(udc_nrf.c.obj)
 .text.k_event_post.constprop.0.isra.0
                0x0000000000005134        0xc zephyr/drivers/usb/udc/libdrivers__usb__udc.a(udc_nrf.c.obj)
 .text.udc_nrf_set_address
                0x0000000000005140       0x20 zephyr/drivers/usb/udc/libdrivers__usb__udc.a(udc_nrf.c.obj)
 .text.udc_nrf_ep_enqueue
                0x0000000000005160       0x3c zephyr/drivers/usb/udc/libdrivers__usb__udc.a(udc_nrf.c.obj)
 .text.udc_nrf_ep_clear_halt
                0x000000000000519c       0x20 zephyr/drivers/usb/udc/libdrivers__usb__udc.a(udc_nrf.c.obj)
 .text.udc_nrf_ep_disable
                0x00000000000051bc       0x60 zephyr/drivers/usb/udc/libdrivers__usb__udc.a(udc_nrf.c.obj)
 .text.udc_nrf_ep_dequeue
                0x000000000000521c       0x54 zephyr/drivers/usb/udc/libdrivers__usb__udc.a(udc_nrf.c.obj)
 .text.udc_nrf_driver_init
                0x0000000000005270      0x178 zephyr/drivers/usb/udc/libdrivers__usb__udc.a(udc_nrf.c.obj)
 .text.udc_nrf_thread
                0x00000000000053e8      0x3f8 zephyr/drivers/usb/udc/libdrivers__usb__udc.a(udc_nrf.c.obj)
 .text.usbd_dma_pending_clear
                0x00000000000057e0       0x1c zephyr/drivers/usb/udc/libdrivers__usb__udc.a(udc_nrf.c.obj)
 .text.udc_nrf_disable
                0x00000000000057fc      0x140 zephyr/drivers/usb/udc/libdrivers__usb__udc.a(udc_nrf.c.obj)
 .text.nrf_usbd_irq_handler
                0x000000000000593c      0x484 zephyr/drivers/usb/udc/libdrivers__usb__udc.a(udc_nrf.c.obj)
 .text.udc_nrf_host_wakeup
                0x0000000000005dc0       0x78 zephyr/drivers/usb/udc/libdrivers__usb__udc.a(udc_nrf.c.obj)
 .text.udc_nrf_enable
                0x0000000000005e38      0x1c8 zephyr/drivers/usb/udc/libdrivers__usb__udc.a(udc_nrf.c.obj)
 .text.endpoint_ctx
                0x0000000000006000       0x60 zephyr/drivers/usb/device/libdrivers__usb__device.a(usb_dc_nrfx.c.obj)
 .text.usbd_work_schedule
                0x0000000000006060       0x10 zephyr/drivers/usb/device/libdrivers__usb__device.a(usb_dc_nrfx.c.obj)
 .text.usbd_evt_put
                0x0000000000006070        0xc zephyr/drivers/usb/device/libdrivers__usb__device.a(usb_dc_nrfx.c.obj)
 .text.usbd_evt_get
                0x000000000000607c       0x10 zephyr/drivers/usb/device/libdrivers__usb__device.a(usb_dc_nrfx.c.obj)
 .text.usb_init
                0x000000000000608c       0x70 zephyr/drivers/usb/device/libdrivers__usb__device.a(usb_dc_nrfx.c.obj)
 .text.hfxo_stop.constprop.0.isra.0
                0x00000000000060fc       0x40 zephyr/drivers/usb/device/libdrivers__usb__device.a(usb_dc_nrfx.c.obj)
 .text.eps_ctx_init
                0x000000000000613c       0x68 zephyr/drivers/usb/device/libdrivers__usb__device.a(usb_dc_nrfx.c.obj)
 .text.usbd_evt_flush
                0x00000000000061a4       0x1c zephyr/drivers/usb/device/libdrivers__usb__device.a(usb_dc_nrfx.c.obj)
 .text.usbd_evt_alloc
                0x00000000000061c0       0x64 zephyr/drivers/usb/device/libdrivers__usb__device.a(usb_dc_nrfx.c.obj)
 .text.usb_dc_power_event_handler.part.0
                0x0000000000006224       0x14 zephyr/drivers/usb/device/libdrivers__usb__device.a(usb_dc_nrfx.c.obj)
 .text.usb_dc_power_event_handler
                0x0000000000006238       0x3c zephyr/drivers/usb/device/libdrivers__usb__device.a(usb_dc_nrfx.c.obj)
 .text.usbd_work_handler
                0x0000000000006274      0x344 zephyr/drivers/usb/device/libdrivers__usb__device.a(usb_dc_nrfx.c.obj)
 .text.usbd_event_transfer_data
                0x00000000000065b8       0xc8 zephyr/drivers/usb/device/libdrivers__usb__device.a(usb_dc_nrfx.c.obj)
 .text.usbd_event_handler
                0x0000000000006680      0x14c zephyr/drivers/usb/device/libdrivers__usb__device.a(usb_dc_nrfx.c.obj)
 .text.usb_dc_ep_write
                0x00000000000067cc      0x114 zephyr/drivers/usb/device/libdrivers__usb__device.a(usb_dc_nrfx.c.obj)
                0x00000000000067cc                usb_dc_ep_write
 .text.nrf52_errata_187
                0x00000000000068e0       0x28 zephyr/drivers/usb/common/nrf_usbd_common/libdrivers__usb__common__nrf_usbd_common.a(nrf_usbd_common.c.obj)
 .text.ep_state_access
                0x0000000000006908       0x20 zephyr/drivers/usb/common/nrf_usbd_common/libdrivers__usb__common__nrf_usbd_common.a(nrf_usbd_common.c.obj)
 .text.usbd_errata_187_211_begin
                0x0000000000006928       0x3c zephyr/drivers/usb/common/nrf_usbd_common/libdrivers__usb__common__nrf_usbd_common.a(nrf_usbd_common.c.obj)
 .text.usbd_errata_187_211_end
                0x0000000000006964       0x3c zephyr/drivers/usb/common/nrf_usbd_common/libdrivers__usb__common__nrf_usbd_common.a(nrf_usbd_common.c.obj)
 .text.usbd_dma_pending_clear
                0x00000000000069a0       0x1c zephyr/drivers/usb/common/nrf_usbd_common/libdrivers__usb__common__nrf_usbd_common.a(nrf_usbd_common.c.obj)
 .text.nrf_usbd_common_uninit
                0x00000000000069bc       0x14 zephyr/drivers/usb/common/nrf_usbd_common/libdrivers__usb__common__nrf_usbd_common.a(nrf_usbd_common.c.obj)
                0x00000000000069bc                nrf_usbd_common_uninit
 .text.nrf_usbd_common_enable
                0x00000000000069d0      0x148 zephyr/drivers/usb/common/nrf_usbd_common/libdrivers__usb__common__nrf_usbd_common.a(nrf_usbd_common.c.obj)
                0x00000000000069d0                nrf_usbd_common_enable
 .text.nrf_usbd_common_start
                0x0000000000006b18       0x38 zephyr/drivers/usb/common/nrf_usbd_common/libdrivers__usb__common__nrf_usbd_common.a(nrf_usbd_common.c.obj)
                0x0000000000006b18                nrf_usbd_common_start
 .text.nrf_usbd_common_is_enabled
                0x0000000000006b50       0x14 zephyr/drivers/usb/common/nrf_usbd_common/libdrivers__usb__common__nrf_usbd_common.a(nrf_usbd_common.c.obj)
                0x0000000000006b50                nrf_usbd_common_is_enabled
 .text.nrf_usbd_common_suspend
                0x0000000000006b64       0x6c zephyr/drivers/usb/common/nrf_usbd_common/libdrivers__usb__common__nrf_usbd_common.a(nrf_usbd_common.c.obj)
                0x0000000000006b64                nrf_usbd_common_suspend
 .text.nrf_usbd_common_init
                0x0000000000006bd0       0x84 zephyr/drivers/usb/common/nrf_usbd_common/libdrivers__usb__common__nrf_usbd_common.a(nrf_usbd_common.c.obj)
                0x0000000000006bd0                nrf_usbd_common_init
 .text.nrf_usbd_common_ep_enable_check
                0x0000000000006c54       0x28 zephyr/drivers/usb/common/nrf_usbd_common/libdrivers__usb__common__nrf_usbd_common.a(nrf_usbd_common.c.obj)
                0x0000000000006c54                nrf_usbd_common_ep_enable_check
 .text.nrf_usbd_common_ep_transfer
                0x0000000000006c7c       0x98 zephyr/drivers/usb/common/nrf_usbd_common/libdrivers__usb__common__nrf_usbd_common.a(nrf_usbd_common.c.obj)
                0x0000000000006c7c                nrf_usbd_common_ep_transfer
 .text.nrf_usbd_common_epout_size_get
                0x0000000000006d14       0x28 zephyr/drivers/usb/common/nrf_usbd_common/libdrivers__usb__common__nrf_usbd_common.a(nrf_usbd_common.c.obj)
                0x0000000000006d14                nrf_usbd_common_epout_size_get
 .text.nrf_usbd_common_irq_handler
                0x0000000000006d3c      0x494 zephyr/drivers/usb/common/nrf_usbd_common/libdrivers__usb__common__nrf_usbd_common.a(nrf_usbd_common.c.obj)
                0x0000000000006d3c                nrf_usbd_common_irq_handler
 .text.nrf_usbd_common_setup_get
                0x00000000000071d0       0x44 zephyr/drivers/usb/common/nrf_usbd_common/libdrivers__usb__common__nrf_usbd_common.a(nrf_usbd_common.c.obj)
                0x00000000000071d0                nrf_usbd_common_setup_get
 .text.nrf_usbd_common_setup_data_clear
                0x0000000000007214        0xc zephyr/drivers/usb/common/nrf_usbd_common/libdrivers__usb__common__nrf_usbd_common.a(nrf_usbd_common.c.obj)
                0x0000000000007214                nrf_usbd_common_setup_data_clear
 .text.nrf_usbd_common_setup_clear
                0x0000000000007220        0xc zephyr/drivers/usb/common/nrf_usbd_common/libdrivers__usb__common__nrf_usbd_common.a(nrf_usbd_common.c.obj)
                0x0000000000007220                nrf_usbd_common_setup_clear
 .text.nrf_usbd_common_last_setup_dir_get
                0x000000000000722c        0xc zephyr/drivers/usb/common/nrf_usbd_common/libdrivers__usb__common__nrf_usbd_common.a(nrf_usbd_common.c.obj)
                0x000000000000722c                nrf_usbd_common_last_setup_dir_get
 .text.nrf_usbd_common_transfer_out_drop
                0x0000000000007238       0x4c zephyr/drivers/usb/common/nrf_usbd_common/libdrivers__usb__common__nrf_usbd_common.a(nrf_usbd_common.c.obj)
                0x0000000000007238                nrf_usbd_common_transfer_out_drop
 .text.usbd_ep_abort
                0x0000000000007284       0xf0 zephyr/drivers/usb/common/nrf_usbd_common/libdrivers__usb__common__nrf_usbd_common.a(nrf_usbd_common.c.obj)
 .text.nrf_usbd_common_ep_abort
                0x0000000000007374       0x34 zephyr/drivers/usb/common/nrf_usbd_common/libdrivers__usb__common__nrf_usbd_common.a(nrf_usbd_common.c.obj)
                0x0000000000007374                nrf_usbd_common_ep_abort
 .text.nrf_usbd_common_disable
                0x00000000000073a8       0xd4 zephyr/drivers/usb/common/nrf_usbd_common/libdrivers__usb__common__nrf_usbd_common.a(nrf_usbd_common.c.obj)
                0x00000000000073a8                nrf_usbd_common_disable
 .text.nrf_usbd_common_ep_enable
                0x000000000000747c       0x70 zephyr/drivers/usb/common/nrf_usbd_common/libdrivers__usb__common__nrf_usbd_common.a(nrf_usbd_common.c.obj)
                0x000000000000747c                nrf_usbd_common_ep_enable
 .text.onoff_stop
                0x00000000000074ec       0x30 zephyr/drivers/clock_control/libdrivers__clock_control.a(clock_control_nrf.c.obj)
 .text.onoff_start
                0x000000000000751c       0x44 zephyr/drivers/clock_control/libdrivers__clock_control.a(clock_control_nrf.c.obj)
 .text.generic_hfclk_stop
                0x0000000000007560       0x34 zephyr/drivers/clock_control/libdrivers__clock_control.a(clock_control_nrf.c.obj)
 .text.clk_init
                0x0000000000007594       0x58 zephyr/drivers/clock_control/libdrivers__clock_control.a(clock_control_nrf.c.obj)
 .text.api_blocking_start
                0x00000000000075ec       0x34 zephyr/drivers/clock_control/libdrivers__clock_control.a(clock_control_nrf.c.obj)
 .text.clkstarted_handle.constprop.0
                0x0000000000007620       0x4c zephyr/drivers/clock_control/libdrivers__clock_control.a(clock_control_nrf.c.obj)
 .text.generic_hfclk_start
                0x000000000000766c       0x78 zephyr/drivers/clock_control/libdrivers__clock_control.a(clock_control_nrf.c.obj)
 .text.clock_event_handler
                0x00000000000076e4       0x1c zephyr/drivers/clock_control/libdrivers__clock_control.a(clock_control_nrf.c.obj)
 .text.z_nrf_clock_control_get_onoff
                0x0000000000007700       0x10 zephyr/drivers/clock_control/libdrivers__clock_control.a(clock_control_nrf.c.obj)
                0x0000000000007700                z_nrf_clock_control_get_onoff
 .text.z_nrf_clock_control_lf_on
                0x0000000000007710       0xfc zephyr/drivers/clock_control/libdrivers__clock_control.a(clock_control_nrf.c.obj)
                0x0000000000007710                z_nrf_clock_control_lf_on
 .text.uart_console_init
                0x000000000000780c       0x28 zephyr/drivers/console/libdrivers__console.a(uart_console.c.obj)
 .text.console_out
                0x0000000000007834       0x28 zephyr/drivers/console/libdrivers__console.a(uart_console.c.obj)
 .text.gpio_nrfx_pin_interrupt_configure
                0x000000000000785c      0x11c zephyr/drivers/gpio/libdrivers__gpio.a(gpio_nrfx.c.obj)
 .text.nrfx_gpio_handler
                0x0000000000007978       0x4c zephyr/drivers/gpio/libdrivers__gpio.a(gpio_nrfx.c.obj)
 .text.gpio_nrfx_init
                0x00000000000079c4       0x48 zephyr/drivers/gpio/libdrivers__gpio.a(gpio_nrfx.c.obj)
 .text.gpio_nrfx_pin_configure
                0x0000000000007a0c      0x18c zephyr/drivers/gpio/libdrivers__gpio.a(gpio_nrfx.c.obj)
 .text.gpio_keys_change_deferred
                0x0000000000007b98       0x78 zephyr/drivers/input/libdrivers__input.a(input_gpio_keys.c.obj)
 .text.gpio_keys_init
                0x0000000000007c10      0x1a8 zephyr/drivers/input/libdrivers__input.a(input_gpio_keys.c.obj)
 .text.nrf_gpio_pin_port_decode
                0x0000000000007db8       0x20 zephyr/drivers/pinctrl/libdrivers__pinctrl.a(pinctrl_nrf.c.obj)
 .text.pinctrl_configure_pins
                0x0000000000007dd8      0x1a4 zephyr/drivers/pinctrl/libdrivers__pinctrl.a(pinctrl_nrf.c.obj)
                0x0000000000007dd8                pinctrl_configure_pins
 .text.uarte_nrfx_poll_out
                0x0000000000007f7c       0xb4 zephyr/drivers/serial/libdrivers__serial.a(uart_nrfx_uarte.c.obj)
 .text.uarte_0_init
                0x0000000000008030      0x118 zephyr/drivers/serial/libdrivers__serial.a(uart_nrfx_uarte.c.obj)
 .text.compare_int_lock
                0x0000000000008148       0x48 zephyr/drivers/timer/libdrivers__timer.a(nrf_rtc_timer.c.obj)
 .text.sys_clock_timeout_handler
                0x0000000000008190       0x48 zephyr/drivers/timer/libdrivers__timer.a(nrf_rtc_timer.c.obj)
 .text.compare_int_unlock
                0x00000000000081d8       0x5c zephyr/drivers/timer/libdrivers__timer.a(nrf_rtc_timer.c.obj)
 .text.z_nrf_rtc_timer_read
                0x0000000000008234       0x44 zephyr/drivers/timer/libdrivers__timer.a(nrf_rtc_timer.c.obj)
                0x0000000000008234                z_nrf_rtc_timer_read
 .text.compare_set
                0x0000000000008278      0x130 zephyr/drivers/timer/libdrivers__timer.a(nrf_rtc_timer.c.obj)
 .text.sys_clock_driver_init
                0x00000000000083a8       0x90 zephyr/drivers/timer/libdrivers__timer.a(nrf_rtc_timer.c.obj)
 .text.rtc_nrf_isr
                0x0000000000008438       0xd4 zephyr/drivers/timer/libdrivers__timer.a(nrf_rtc_timer.c.obj)
                0x0000000000008438                rtc_nrf_isr
 .text.sys_clock_set_timeout
                0x000000000000850c       0x5c zephyr/drivers/timer/libdrivers__timer.a(nrf_rtc_timer.c.obj)
                0x000000000000850c                sys_clock_set_timeout
 .text.sys_clock_elapsed
                0x0000000000008568       0x14 zephyr/drivers/timer/libdrivers__timer.a(nrf_rtc_timer.c.obj)
                0x0000000000008568                sys_clock_elapsed
 .text.nrf52_errata_98
                0x000000000000857c       0x24 modules/hal_nordic/modules/hal_nordic/nrfx/libmodules__hal_nordic__nrfx.a(system_nrf52840.c.obj)
 .text.nvmc_wait
                0x00000000000085a0       0x10 modules/hal_nordic/modules/hal_nordic/nrfx/libmodules__hal_nordic__nrfx.a(system_nrf52840.c.obj)
                0x00000000000085a0                nvmc_wait
 .text.SystemInit
                0x00000000000085b0      0x1bc modules/hal_nordic/modules/hal_nordic/nrfx/libmodules__hal_nordic__nrfx.a(system_nrf52840.c.obj)
                0x00000000000085b0                SystemInit
 .text.nrfx_flag32_alloc
                0x000000000000876c       0x48 modules/hal_nordic/modules/hal_nordic/nrfx/libmodules__hal_nordic__nrfx.a(nrfx_flag32_allocator.c.obj)
                0x000000000000876c                nrfx_flag32_alloc
 .text.nrfx_flag32_free
                0x00000000000087b4       0x40 modules/hal_nordic/modules/hal_nordic/nrfx/libmodules__hal_nordic__nrfx.a(nrfx_flag32_allocator.c.obj)
                0x00000000000087b4                nrfx_flag32_free
 .text.nrfx_gppi_channels_enable
                0x00000000000087f4        0xc modules/hal_nordic/modules/hal_nordic/nrfx/libmodules__hal_nordic__nrfx.a(nrfx_gppi_ppi.c.obj)
                0x00000000000087f4                nrfx_gppi_channels_enable
 .text.clock_stop
                0x0000000000008800       0xc4 modules/hal_nordic/modules/hal_nordic/nrfx/libmodules__hal_nordic__nrfx.a(nrfx_clock.c.obj)
 .text.nrfx_clock_init
                0x00000000000088c4       0x20 modules/hal_nordic/modules/hal_nordic/nrfx/libmodules__hal_nordic__nrfx.a(nrfx_clock.c.obj)
                0x00000000000088c4                nrfx_clock_init
 .text.nrfx_clock_enable
                0x00000000000088e4       0x30 modules/hal_nordic/modules/hal_nordic/nrfx/libmodules__hal_nordic__nrfx.a(nrfx_clock.c.obj)
                0x00000000000088e4                nrfx_clock_enable
 .text.nrfx_clock_start
                0x0000000000008914       0xa8 modules/hal_nordic/modules/hal_nordic/nrfx/libmodules__hal_nordic__nrfx.a(nrfx_clock.c.obj)
                0x0000000000008914                nrfx_clock_start
 .text.nrfx_clock_irq_handler
                0x00000000000089bc       0x7c modules/hal_nordic/modules/hal_nordic/nrfx/libmodules__hal_nordic__nrfx.a(nrfx_clock.c.obj)
                0x00000000000089bc                nrfx_clock_irq_handler
 .text.nrf_gpio_pin_port_decode
                0x0000000000008a38       0x20 modules/hal_nordic/modules/hal_nordic/nrfx/libmodules__hal_nordic__nrfx.a(nrfx_gpiote.c.obj)
 .text.get_pin_idx
                0x0000000000008a58       0x14 modules/hal_nordic/modules/hal_nordic/nrfx/libmodules__hal_nordic__nrfx.a(nrfx_gpiote.c.obj)
 .text.call_handler.constprop.0
                0x0000000000008a6c       0x40 modules/hal_nordic/modules/hal_nordic/nrfx/libmodules__hal_nordic__nrfx.a(nrfx_gpiote.c.obj)
 .text.pin_te_get.constprop.0
                0x0000000000008aac       0x18 modules/hal_nordic/modules/hal_nordic/nrfx/libmodules__hal_nordic__nrfx.a(nrfx_gpiote.c.obj)
 .text.pin_is_output.constprop.0
                0x0000000000008ac4       0x18 modules/hal_nordic/modules/hal_nordic/nrfx/libmodules__hal_nordic__nrfx.a(nrfx_gpiote.c.obj)
 .text.pin_in_use_by_te.constprop.0
                0x0000000000008adc       0x18 modules/hal_nordic/modules/hal_nordic/nrfx/libmodules__hal_nordic__nrfx.a(nrfx_gpiote.c.obj)
 .text.latch_pending_read_and_check
                0x0000000000008af4       0x40 modules/hal_nordic/modules/hal_nordic/nrfx/libmodules__hal_nordic__nrfx.a(nrfx_gpiote.c.obj)
 .text.release_handler.isra.0
                0x0000000000008b34       0x58 modules/hal_nordic/modules/hal_nordic/nrfx/libmodules__hal_nordic__nrfx.a(nrfx_gpiote.c.obj)
 .text.__nrfy_internal_gpiote_events_process.constprop.0
                0x0000000000008b8c       0x5c modules/hal_nordic/modules/hal_nordic/nrfx/libmodules__hal_nordic__nrfx.a(nrfx_gpiote.c.obj)
 .text.pin_uninit
                0x0000000000008be8       0x80 modules/hal_nordic/modules/hal_nordic/nrfx/libmodules__hal_nordic__nrfx.a(nrfx_gpiote.c.obj)
 .text.nrfx_gpiote_input_configure
                0x0000000000008c68      0x178 modules/hal_nordic/modules/hal_nordic/nrfx/libmodules__hal_nordic__nrfx.a(nrfx_gpiote.c.obj)
                0x0000000000008c68                nrfx_gpiote_input_configure
 .text.nrfx_gpiote_output_configure
                0x0000000000008de0       0xfc modules/hal_nordic/modules/hal_nordic/nrfx/libmodules__hal_nordic__nrfx.a(nrfx_gpiote.c.obj)
                0x0000000000008de0                nrfx_gpiote_output_configure
 .text.nrfx_gpiote_global_callback_set
                0x0000000000008edc        0xc modules/hal_nordic/modules/hal_nordic/nrfx/libmodules__hal_nordic__nrfx.a(nrfx_gpiote.c.obj)
                0x0000000000008edc                nrfx_gpiote_global_callback_set
 .text.nrfx_gpiote_channel_get
                0x0000000000008ee8       0x34 modules/hal_nordic/modules/hal_nordic/nrfx/libmodules__hal_nordic__nrfx.a(nrfx_gpiote.c.obj)
                0x0000000000008ee8                nrfx_gpiote_channel_get
 .text.nrfx_gpiote_init
                0x0000000000008f1c       0x48 modules/hal_nordic/modules/hal_nordic/nrfx/libmodules__hal_nordic__nrfx.a(nrfx_gpiote.c.obj)
                0x0000000000008f1c                nrfx_gpiote_init
 .text.nrfx_gpiote_init_check
                0x0000000000008f64       0x14 modules/hal_nordic/modules/hal_nordic/nrfx/libmodules__hal_nordic__nrfx.a(nrfx_gpiote.c.obj)
                0x0000000000008f64                nrfx_gpiote_init_check
 .text.nrfx_gpiote_channel_free
                0x0000000000008f78       0x10 modules/hal_nordic/modules/hal_nordic/nrfx/libmodules__hal_nordic__nrfx.a(nrfx_gpiote.c.obj)
                0x0000000000008f78                nrfx_gpiote_channel_free
 .text.nrfx_gpiote_channel_alloc
                0x0000000000008f88       0x10 modules/hal_nordic/modules/hal_nordic/nrfx/libmodules__hal_nordic__nrfx.a(nrfx_gpiote.c.obj)
                0x0000000000008f88                nrfx_gpiote_channel_alloc
 .text.nrfx_gpiote_trigger_enable
                0x0000000000008f98       0xa8 modules/hal_nordic/modules/hal_nordic/nrfx/libmodules__hal_nordic__nrfx.a(nrfx_gpiote.c.obj)
                0x0000000000008f98                nrfx_gpiote_trigger_enable
 .text.nrfx_gpiote_0_irq_handler
                0x0000000000009040      0x1b0 modules/hal_nordic/modules/hal_nordic/nrfx/libmodules__hal_nordic__nrfx.a(nrfx_gpiote.c.obj)
                0x0000000000009040                nrfx_gpiote_0_irq_handler
 .text.nrfx_power_init
                0x00000000000091f0       0x74 modules/hal_nordic/modules/hal_nordic/nrfx/libmodules__hal_nordic__nrfx.a(nrfx_power.c.obj)
                0x00000000000091f0                nrfx_power_init
 .text.nrfx_power_usbevt_uninit
                0x0000000000009264       0x18 modules/hal_nordic/modules/hal_nordic/nrfx/libmodules__hal_nordic__nrfx.a(nrfx_power.c.obj)
                0x0000000000009264                nrfx_power_usbevt_uninit
 .text.nrfx_power_usbevt_init
                0x000000000000927c       0x14 modules/hal_nordic/modules/hal_nordic/nrfx/libmodules__hal_nordic__nrfx.a(nrfx_power.c.obj)
                0x000000000000927c                nrfx_power_usbevt_init
 .text.nrfx_power_irq_handler
                0x0000000000009290       0xa0 modules/hal_nordic/modules/hal_nordic/nrfx/libmodules__hal_nordic__nrfx.a(nrfx_power.c.obj)
                0x0000000000009290                nrfx_power_irq_handler
 .text.nrfx_ppi_channel_alloc
                0x0000000000009330        0xc modules/hal_nordic/modules/hal_nordic/nrfx/libmodules__hal_nordic__nrfx.a(nrfx_ppi.c.obj)
                0x0000000000009330                nrfx_ppi_channel_alloc
 .text.k_sys_fatal_error_handler
                0x000000000000933c       0x20 zephyr/kernel/libkernel.a(fatal.c.obj)
                0x000000000000933c                k_sys_fatal_error_handler
 .text.z_fatal_error
                0x000000000000935c       0xe8 zephyr/kernel/libkernel.a(fatal.c.obj)
                0x000000000000935c                z_fatal_error
 .text.z_sys_init_run_level
                0x0000000000009444       0x30 zephyr/kernel/libkernel.a(init.c.obj)
 .text.bg_thread_main
                0x0000000000009474       0xc0 zephyr/kernel/libkernel.a(init.c.obj)
 .text.z_bss_zero
                0x0000000000009534       0x18 zephyr/kernel/libkernel.a(init.c.obj)
                0x0000000000009534                z_bss_zero
 .text.z_init_cpu
                0x000000000000954c       0x70 zephyr/kernel/libkernel.a(init.c.obj)
                0x000000000000954c                z_init_cpu
 .text.z_cstart
                0x00000000000095bc       0xd4 zephyr/kernel/libkernel.a(init.c.obj)
                0x00000000000095bc                z_cstart
 .text.statics_init
                0x0000000000009690       0x24 zephyr/kernel/libkernel.a(kheap.c.obj)
 .text.k_heap_aligned_alloc
                0x00000000000096b4       0x1c zephyr/kernel/libkernel.a(kheap.c.obj)
                0x00000000000096b4                k_heap_aligned_alloc
 .text.init_mem_slab_obj_core_list
                0x00000000000096d0       0x24 zephyr/kernel/libkernel.a(mem_slab.c.obj)
 .text.k_mem_slab_alloc
                0x00000000000096f4       0x5c zephyr/kernel/libkernel.a(mem_slab.c.obj)
                0x00000000000096f4                k_mem_slab_alloc
 .text.z_impl_k_msgq_put
                0x0000000000009750       0xb4 zephyr/kernel/libkernel.a(msg_q.c.obj)
                0x0000000000009750                z_impl_k_msgq_put
 .text.z_impl_k_msgq_get
                0x0000000000009804       0xc8 zephyr/kernel/libkernel.a(msg_q.c.obj)
                0x0000000000009804                z_impl_k_msgq_get
 .text.z_impl_k_mutex_lock
                0x00000000000098cc       0xf0 zephyr/kernel/libkernel.a(mutex.c.obj)
                0x00000000000098cc                z_impl_k_mutex_lock
 .text.z_impl_k_mutex_unlock
                0x00000000000099bc       0xa0 zephyr/kernel/libkernel.a(mutex.c.obj)
                0x00000000000099bc                z_impl_k_mutex_unlock
 .text.z_impl_k_queue_get
                0x0000000000009a5c       0x64 zephyr/kernel/libkernel.a(queue.c.obj)
                0x0000000000009a5c                z_impl_k_queue_get
 .text.z_impl_k_sem_give
                0x0000000000009ac0       0x68 zephyr/kernel/libkernel.a(sem.c.obj)
                0x0000000000009ac0                z_impl_k_sem_give
 .text.z_impl_k_sem_take
                0x0000000000009b28       0x4c zephyr/kernel/libkernel.a(sem.c.obj)
                0x0000000000009b28                z_impl_k_sem_take
 .text.k_sys_work_q_init
                0x0000000000009b74       0x2c zephyr/kernel/libkernel.a(system_work_q.c.obj)
 .text.work_queue_main
                0x0000000000009ba0      0x14c zephyr/kernel/libkernel.a(work.c.obj)
 .text.submit_to_queue_locked
                0x0000000000009cec       0xb8 zephyr/kernel/libkernel.a(work.c.obj)
 .text.k_work_submit
                0x0000000000009da4        0xc zephyr/kernel/libkernel.a(work.c.obj)
                0x0000000000009da4                k_work_submit
 .text.k_work_queue_start
                0x0000000000009db0       0x80 zephyr/kernel/libkernel.a(work.c.obj)
                0x0000000000009db0                k_work_queue_start
 .text.k_work_schedule_for_queue
                0x0000000000009e30       0x54 zephyr/kernel/libkernel.a(work.c.obj)
                0x0000000000009e30                k_work_schedule_for_queue
 .text.k_work_schedule
                0x0000000000009e84        0xc zephyr/kernel/libkernel.a(work.c.obj)
                0x0000000000009e84                k_work_schedule
 .text.k_work_reschedule_for_queue
                0x0000000000009e90       0x5c zephyr/kernel/libkernel.a(work.c.obj)
                0x0000000000009e90                k_work_reschedule_for_queue
 .text.k_work_reschedule
                0x0000000000009eec        0xc zephyr/kernel/libkernel.a(work.c.obj)
                0x0000000000009eec                k_work_reschedule
 .text.z_setup_new_thread
                0x0000000000009ef8       0x9c zephyr/kernel/libkernel.a(thread.c.obj)
                0x0000000000009ef8                z_setup_new_thread
 .text.z_impl_k_thread_create
                0x0000000000009f94       0x58 zephyr/kernel/libkernel.a(thread.c.obj)
                0x0000000000009f94                z_impl_k_thread_create
 .text.z_dummy_thread_init
                0x0000000000009fec       0x18 zephyr/kernel/libkernel.a(thread.c.obj)
                0x0000000000009fec                z_dummy_thread_init
 .text.z_swap_irqlock
                0x000000000000a004       0x34 zephyr/kernel/libkernel.a(sched.c.obj)
 .text.ready_thread
                0x000000000000a038       0x84 zephyr/kernel/libkernel.a(sched.c.obj)
 .text.unready_thread
                0x000000000000a0bc       0x54 zephyr/kernel/libkernel.a(sched.c.obj)
 .text.add_thread_timeout
                0x000000000000a110       0x1c zephyr/kernel/libkernel.a(sched.c.obj)
 .text.move_thread_to_end_of_prio_q
                0x000000000000a12c       0x90 zephyr/kernel/libkernel.a(sched.c.obj)
                0x000000000000a12c                move_thread_to_end_of_prio_q
 .text.z_pend_curr
                0x000000000000a1bc       0x44 zephyr/kernel/libkernel.a(sched.c.obj)
                0x000000000000a1bc                z_pend_curr
 .text.z_thread_prio_set
                0x000000000000a200       0xe4 zephyr/kernel/libkernel.a(sched.c.obj)
                0x000000000000a200                z_thread_prio_set
 .text.z_reschedule
                0x000000000000a2e4       0x24 zephyr/kernel/libkernel.a(sched.c.obj)
                0x000000000000a2e4                z_reschedule
 .text.z_reschedule_irqlock
                0x000000000000a308       0x28 zephyr/kernel/libkernel.a(sched.c.obj)
                0x000000000000a308                z_reschedule_irqlock
 .text.k_sched_lock
                0x000000000000a330       0x28 zephyr/kernel/libkernel.a(sched.c.obj)
                0x000000000000a330                k_sched_lock
 .text.k_sched_unlock
                0x000000000000a358       0x68 zephyr/kernel/libkernel.a(sched.c.obj)
                0x000000000000a358                k_sched_unlock
 .text.z_sched_init
                0x000000000000a3c0       0x10 zephyr/kernel/libkernel.a(sched.c.obj)
                0x000000000000a3c0                z_sched_init
 .text.z_impl_k_yield
                0x000000000000a3d0       0x88 zephyr/kernel/libkernel.a(sched.c.obj)
                0x000000000000a3d0                z_impl_k_yield
 .text.z_tick_sleep
                0x000000000000a458       0x78 zephyr/kernel/libkernel.a(sched.c.obj)
 .text.z_impl_k_wakeup
                0x000000000000a4d0       0x48 zephyr/kernel/libkernel.a(sched.c.obj)
                0x000000000000a4d0                z_impl_k_wakeup
 .text.z_impl_k_sched_current_thread_query
                0x000000000000a518        0xc zephyr/kernel/libkernel.a(sched.c.obj)
                0x000000000000a518                z_impl_k_sched_current_thread_query
 .text.z_thread_abort
                0x000000000000a524      0x138 zephyr/kernel/libkernel.a(sched.c.obj)
                0x000000000000a524                z_thread_abort
 .text.z_sched_wait
                0x000000000000a65c       0x24 zephyr/kernel/libkernel.a(sched.c.obj)
                0x000000000000a65c                z_sched_wait
 .text.slice_timeout
                0x000000000000a680       0x20 zephyr/kernel/libkernel.a(timeslicing.c.obj)
 .text.thread_is_sliceable
                0x000000000000a6a0       0x3c zephyr/kernel/libkernel.a(timeslicing.c.obj)
                0x000000000000a6a0                thread_is_sliceable
 .text.z_reset_time_slice
                0x000000000000a6dc       0x50 zephyr/kernel/libkernel.a(timeslicing.c.obj)
                0x000000000000a6dc                z_reset_time_slice
 .text.z_time_slice
                0x000000000000a72c       0x60 zephyr/kernel/libkernel.a(timeslicing.c.obj)
                0x000000000000a72c                z_time_slice
 .text.z_data_copy
                0x000000000000a78c       0x38 zephyr/kernel/libkernel.a(xip.c.obj)
                0x000000000000a78c                z_data_copy
 .text.first    0x000000000000a7c4       0x10 zephyr/kernel/libkernel.a(timeout.c.obj)
 .text.elapsed  0x000000000000a7d4       0x14 zephyr/kernel/libkernel.a(timeout.c.obj)
 .text.remove_timeout
                0x000000000000a7e8       0x38 zephyr/kernel/libkernel.a(timeout.c.obj)
 .text.z_add_timeout
                0x000000000000a820      0x124 zephyr/kernel/libkernel.a(timeout.c.obj)
                0x000000000000a820                z_add_timeout
 .text.sys_clock_announce
                0x000000000000a944       0xc0 zephyr/kernel/libkernel.a(timeout.c.obj)
                0x000000000000a944                sys_clock_announce
 .text.sys_clock_tick_get
                0x000000000000aa04       0x30 zephyr/kernel/libkernel.a(timeout.c.obj)
                0x000000000000aa04                sys_clock_tick_get
 .text.z_timer_expiration_handler
                0x000000000000aa34       0xe0 zephyr/kernel/libkernel.a(timer.c.obj)
                0x000000000000aa34                z_timer_expiration_handler
 .text.z_impl_k_timer_start
                0x000000000000ab14       0x74 zephyr/kernel/libkernel.a(timer.c.obj)
                0x000000000000ab14                z_impl_k_timer_start
 .text.k_event_post_internal
                0x000000000000ab88       0x5c zephyr/kernel/libkernel.a(events.c.obj)
 .text.z_thread_alloc_helper
                0x000000000000abe4       0x4c zephyr/kernel/libkernel.a(mempool.c.obj)
 .text.z_thread_malloc
                0x000000000000ac30       0x10 zephyr/kernel/libkernel.a(mempool.c.obj)
                0x000000000000ac30                z_thread_malloc
 .text.nrf_cc3xx_platform_init_no_rng
                0x000000000000ac40       0x38 C:/ncs/v3.1.1/nrfxlib/crypto/nrf_cc310_platform/lib/cortex-m4/soft-float/no-interrupts/libnrf_cc310_platform_0.9.19.a(nrf_cc3xx_platform.c.obj)
                0x000000000000ac40                nrf_cc3xx_platform_init_no_rng
 .text.nrf_cc3xx_platform_abort
                0x000000000000ac78       0x24 C:/ncs/v3.1.1/nrfxlib/crypto/nrf_cc310_platform/lib/cortex-m4/soft-float/no-interrupts/libnrf_cc310_platform_0.9.19.a(nrf_cc3xx_platform_abort.c.obj)
 .text.CC_PalAbort
                0x000000000000ac9c       0x34 C:/ncs/v3.1.1/nrfxlib/crypto/nrf_cc310_platform/lib/cortex-m4/soft-float/no-interrupts/libnrf_cc310_platform_0.9.19.a(nrf_cc3xx_platform_abort.c.obj)
                0x000000000000ac9c                CC_PalAbort
 .text.nrf_cc3xx_platform_set_abort
                0x000000000000acd0       0x10 C:/ncs/v3.1.1/nrfxlib/crypto/nrf_cc310_platform/lib/cortex-m4/soft-float/no-interrupts/libnrf_cc310_platform_0.9.19.a(nrf_cc3xx_platform_abort.c.obj)
                0x000000000000acd0                nrf_cc3xx_platform_set_abort
 .text.mutex_free
                0x000000000000ace0       0x34 C:/ncs/v3.1.1/nrfxlib/crypto/nrf_cc310_platform/lib/cortex-m4/soft-float/no-interrupts/libnrf_cc310_platform_0.9.19.a(nrf_cc3xx_platform_mutex.c.obj)
 .text.mutex_lock
                0x000000000000ad14       0x48 C:/ncs/v3.1.1/nrfxlib/crypto/nrf_cc310_platform/lib/cortex-m4/soft-float/no-interrupts/libnrf_cc310_platform_0.9.19.a(nrf_cc3xx_platform_mutex.c.obj)
 .text.mutex_unlock
                0x000000000000ad5c       0x38 C:/ncs/v3.1.1/nrfxlib/crypto/nrf_cc310_platform/lib/cortex-m4/soft-float/no-interrupts/libnrf_cc310_platform_0.9.19.a(nrf_cc3xx_platform_mutex.c.obj)
 .text.mutex_init
                0x000000000000ad94       0x20 C:/ncs/v3.1.1/nrfxlib/crypto/nrf_cc310_platform/lib/cortex-m4/soft-float/no-interrupts/libnrf_cc310_platform_0.9.19.a(nrf_cc3xx_platform_mutex.c.obj)
 .text.nrf_cc3xx_platform_set_mutexes
                0x000000000000adb4       0x74 C:/ncs/v3.1.1/nrfxlib/crypto/nrf_cc310_platform/lib/cortex-m4/soft-float/no-interrupts/libnrf_cc310_platform_0.9.19.a(nrf_cc3xx_platform_mutex.c.obj)
                0x000000000000adb4                nrf_cc3xx_platform_set_mutexes
 .text.CC_LibInitNoRng
                0x000000000000ae28       0x64 C:/ncs/v3.1.1/nrfxlib/crypto/nrf_cc310_platform/lib/cortex-m4/soft-float/no-interrupts/libnrf_cc310_platform_0.9.19.a(cc_lib.c.obj)
                0x000000000000ae28                CC_LibInitNoRng
 .text.CC_HalInit
                0x000000000000ae8c        0x4 C:/ncs/v3.1.1/nrfxlib/crypto/nrf_cc310_platform/lib/cortex-m4/soft-float/no-interrupts/libnrf_cc310_platform_0.9.19.a(cc_hal.c.obj)
                0x000000000000ae8c                CC_HalInit
 .text.CC_HalTerminate
                0x000000000000ae90        0x4 C:/ncs/v3.1.1/nrfxlib/crypto/nrf_cc310_platform/lib/cortex-m4/soft-float/no-interrupts/libnrf_cc310_platform_0.9.19.a(cc_hal.c.obj)
                0x000000000000ae90                CC_HalTerminate
 .text.CC_HalMaskInterrupt
                0x000000000000ae94        0xc C:/ncs/v3.1.1/nrfxlib/crypto/nrf_cc310_platform/lib/cortex-m4/soft-float/no-interrupts/libnrf_cc310_platform_0.9.19.a(cc_hal.c.obj)
                0x000000000000ae94                CC_HalMaskInterrupt
 .text.CC_PalInit
                0x000000000000aea0       0x5c C:/ncs/v3.1.1/nrfxlib/crypto/nrf_cc310_platform/lib/cortex-m4/soft-float/no-interrupts/libnrf_cc310_platform_0.9.19.a(cc_pal.c.obj)
                0x000000000000aea0                CC_PalInit
 .text.CC_PalTerminate
                0x000000000000aefc       0x34 C:/ncs/v3.1.1/nrfxlib/crypto/nrf_cc310_platform/lib/cortex-m4/soft-float/no-interrupts/libnrf_cc310_platform_0.9.19.a(cc_pal.c.obj)
                0x000000000000aefc                CC_PalTerminate
 .text.CC_PalDmaInit
                0x000000000000af30        0x4 C:/ncs/v3.1.1/nrfxlib/crypto/nrf_cc310_platform/lib/cortex-m4/soft-float/no-interrupts/libnrf_cc310_platform_0.9.19.a(cc_pal_dma.c.obj)
                0x000000000000af30                CC_PalDmaInit
 .text.CC_PalDmaTerminate
                0x000000000000af34        0x4 C:/ncs/v3.1.1/nrfxlib/crypto/nrf_cc310_platform/lib/cortex-m4/soft-float/no-interrupts/libnrf_cc310_platform_0.9.19.a(cc_pal_dma.c.obj)
                0x000000000000af34                CC_PalDmaTerminate
 .text.CC_PalMutexCreate
                0x000000000000af38       0x14 C:/ncs/v3.1.1/nrfxlib/crypto/nrf_cc310_platform/lib/cortex-m4/soft-float/no-interrupts/libnrf_cc310_platform_0.9.19.a(cc_pal_mutex.c.obj)
                0x000000000000af38                CC_PalMutexCreate
 .text.CC_PalMutexDestroy
                0x000000000000af4c       0x14 C:/ncs/v3.1.1/nrfxlib/crypto/nrf_cc310_platform/lib/cortex-m4/soft-float/no-interrupts/libnrf_cc310_platform_0.9.19.a(cc_pal_mutex.c.obj)
                0x000000000000af4c                CC_PalMutexDestroy
 .text.CC_PalPowerSaveModeInit
                0x000000000000af60       0x3c C:/ncs/v3.1.1/nrfxlib/crypto/nrf_cc310_platform/lib/cortex-m4/soft-float/no-interrupts/libnrf_cc310_platform_0.9.19.a(cc_pal_pm.c.obj)
                0x000000000000af60                CC_PalPowerSaveModeInit
 .text.CC_PalPowerSaveModeSelect
                0x000000000000af9c       0x84 C:/ncs/v3.1.1/nrfxlib/crypto/nrf_cc310_platform/lib/cortex-m4/soft-float/no-interrupts/libnrf_cc310_platform_0.9.19.a(cc_pal_pm.c.obj)
                0x000000000000af9c                CC_PalPowerSaveModeSelect
 .text.snprintf
                0x000000000000b020       0x58 c:\ncs\toolchains\c1a76fddb2\opt\zephyr-sdk\arm-zephyr-eabi\bin\../lib/gcc/../../picolibc/arm-zephyr-eabi/lib/thumb/v7e-m/nofp\libc.a(libc_tinystdio_snprintf.c.o)
                0x000000000000b020                snprintf
 .text.__l_vfprintf
                0x000000000000b078      0x4b8 c:\ncs\toolchains\c1a76fddb2\opt\zephyr-sdk\arm-zephyr-eabi\bin\../lib/gcc/../../picolibc/arm-zephyr-eabi/lib/thumb/v7e-m/nofp\libc.a(libc_tinystdio_vflprintf.c.o)
                0x000000000000b078                __l_vfprintf
 .text._OffsetAbsSyms
                0x000000000000b530        0x2 zephyr/CMakeFiles/offsets.dir/./arch/arm/core/offsets/offsets.c.obj
                0x000000000000b530                _OffsetAbsSyms
 .text.chunk_field
                0x000000000000b532       0x16 zephyr/libzephyr.a(heap.c.obj)
 .text.chunk_set
                0x000000000000b548       0x16 zephyr/libzephyr.a(heap.c.obj)
 .text.chunk_size
                0x000000000000b55e        0xc zephyr/libzephyr.a(heap.c.obj)
 .text.set_chunk_used
                0x000000000000b56a       0x30 zephyr/libzephyr.a(heap.c.obj)
 .text.set_chunk_size
                0x000000000000b59a        0x8 zephyr/libzephyr.a(heap.c.obj)
 .text.mem_to_chunkid
                0x000000000000b5a2       0x14 zephyr/libzephyr.a(heap.c.obj)
 .text.bucket_idx.isra.0
                0x000000000000b5b6       0x1c zephyr/libzephyr.a(heap.c.obj)
 .text.free_list_remove_bidx
                0x000000000000b5d2       0x5c zephyr/libzephyr.a(heap.c.obj)
 .text.free_list_remove
                0x000000000000b62e       0x2e zephyr/libzephyr.a(heap.c.obj)
 .text.alloc_chunk
                0x000000000000b65c       0x74 zephyr/libzephyr.a(heap.c.obj)
 .text.split_chunks
                0x000000000000b6d0       0x4e zephyr/libzephyr.a(heap.c.obj)
 .text.merge_chunks
                0x000000000000b71e       0x3c zephyr/libzephyr.a(heap.c.obj)
 .text.free_list_add
                0x000000000000b75a       0x84 zephyr/libzephyr.a(heap.c.obj)
 .text.free_chunk
                0x000000000000b7de       0x84 zephyr/libzephyr.a(heap.c.obj)
 .text.sys_heap_free
                0x000000000000b862       0x24 zephyr/libzephyr.a(heap.c.obj)
                0x000000000000b862                sys_heap_free
 .text.sys_heap_alloc
                0x000000000000b886       0x6e zephyr/libzephyr.a(heap.c.obj)
                0x000000000000b886                sys_heap_alloc
 .text.sys_heap_noalign_alloc
                0x000000000000b8f4        0x6 zephyr/libzephyr.a(heap.c.obj)
                0x000000000000b8f4                sys_heap_noalign_alloc
 .text.sys_heap_aligned_alloc
                0x000000000000b8fa       0xe8 zephyr/libzephyr.a(heap.c.obj)
                0x000000000000b8fa                sys_heap_aligned_alloc
 .text.sys_heap_init
                0x000000000000b9e2       0xb0 zephyr/libzephyr.a(heap.c.obj)
                0x000000000000b9e2                sys_heap_init
 .text.cbpprintf_external
                0x000000000000ba92       0x62 zephyr/libzephyr.a(cbprintf_packaged.c.obj)
                0x000000000000ba92                cbpprintf_external
 .text.is_ptr   0x000000000000baf4       0x4a zephyr/libzephyr.a(cbprintf_packaged.c.obj)
                0x000000000000baf4                is_ptr
 .text.arch_printk_char_out
                0x000000000000bb3e        0x4 zephyr/libzephyr.a(printk.c.obj)
                0x000000000000bb3e                arch_printk_char_out
 .text.printk   0x000000000000bb42       0x1a zephyr/libzephyr.a(printk.c.obj)
                0x000000000000bb42                printk
 .text.free_space
                0x000000000000bb5c       0x26 zephyr/libzephyr.a(mpsc_pbuf.c.obj)
 .text.get_usage
                0x000000000000bb82       0x22 zephyr/libzephyr.a(mpsc_pbuf.c.obj)
 .text.idx_inc  0x000000000000bba4       0x1c zephyr/libzephyr.a(mpsc_pbuf.c.obj)
 .text.rd_idx_inc
                0x000000000000bbc0       0x18 zephyr/libzephyr.a(mpsc_pbuf.c.obj)
 .text.add_skip_item
                0x000000000000bbd8       0x3a zephyr/libzephyr.a(mpsc_pbuf.c.obj)
 .text.drop_item_locked
                0x000000000000bc12      0x100 zephyr/libzephyr.a(mpsc_pbuf.c.obj)
 .text.post_drop_action
                0x000000000000bd12       0x36 zephyr/libzephyr.a(mpsc_pbuf.c.obj)
 .text.max_utilization_update
                0x000000000000bd48       0x1a zephyr/libzephyr.a(mpsc_pbuf.c.obj)
 .text.mpsc_pbuf_init
                0x000000000000bd62       0x42 zephyr/libzephyr.a(mpsc_pbuf.c.obj)
                0x000000000000bd62                mpsc_pbuf_init
 .text.mpsc_pbuf_alloc
                0x000000000000bda4       0xfe zephyr/libzephyr.a(mpsc_pbuf.c.obj)
                0x000000000000bda4                mpsc_pbuf_alloc
 .text.mpsc_pbuf_commit
                0x000000000000bea2       0x3e zephyr/libzephyr.a(mpsc_pbuf.c.obj)
                0x000000000000bea2                mpsc_pbuf_commit
 .text.mpsc_pbuf_claim
                0x000000000000bee0       0xa8 zephyr/libzephyr.a(mpsc_pbuf.c.obj)
                0x000000000000bee0                mpsc_pbuf_claim
 .text.mpsc_pbuf_free
                0x000000000000bf88       0x76 zephyr/libzephyr.a(mpsc_pbuf.c.obj)
                0x000000000000bf88                mpsc_pbuf_free
 .text.mpsc_pbuf_is_pending
                0x000000000000bffe       0x32 zephyr/libzephyr.a(mpsc_pbuf.c.obj)
                0x000000000000bffe                mpsc_pbuf_is_pending
 .text.sys_slist_find_and_remove
                0x000000000000c030       0x36 zephyr/libzephyr.a(onoff.c.obj)
 .text.process_recheck
                0x000000000000c066       0x38 zephyr/libzephyr.a(onoff.c.obj)
 .text.validate_args
                0x000000000000c09e       0x20 zephyr/libzephyr.a(onoff.c.obj)
 .text.notify_one
                0x000000000000c0be       0x2c zephyr/libzephyr.a(onoff.c.obj)
 .text.transition_complete
                0x000000000000c0ea       0x1a zephyr/libzephyr.a(onoff.c.obj)
 .text.onoff_manager_init
                0x000000000000c104       0x26 zephyr/libzephyr.a(onoff.c.obj)
                0x000000000000c104                onoff_manager_init
 .text.onoff_request
                0x000000000000c12a       0xae zephyr/libzephyr.a(onoff.c.obj)
                0x000000000000c12a                onoff_request
 .text.onoff_release
                0x000000000000c1d8       0x48 zephyr/libzephyr.a(onoff.c.obj)
                0x000000000000c1d8                onoff_release
 .text.onoff_cancel
                0x000000000000c220       0x36 zephyr/libzephyr.a(onoff.c.obj)
                0x000000000000c220                onoff_cancel
 .text.sys_notify_validate
                0x000000000000c256       0x22 zephyr/libzephyr.a(notify.c.obj)
                0x000000000000c256                sys_notify_validate
 .text.sys_notify_finalize
                0x000000000000c278       0x1a zephyr/libzephyr.a(notify.c.obj)
                0x000000000000c278                sys_notify_finalize
 .text._ConfigAbsSyms
                0x000000000000c292        0x2 zephyr/libzephyr.a(configs.c.obj)
                0x000000000000c292                _ConfigAbsSyms
 .text.log_msg_generic_get_wlen
                0x000000000000c294       0x20 zephyr/libzephyr.a(log_core.c.obj)
 .text.dummy_timestamp
                0x000000000000c2b4        0x4 zephyr/libzephyr.a(log_core.c.obj)
 .text.default_get_timestamp
                0x000000000000c2b8        0x4 zephyr/libzephyr.a(log_core.c.obj)
 .text.atomic_inc
                0x000000000000c2bc       0x1a zephyr/libzephyr.a(log_core.c.obj)
 .text.z_log_vprintk
                0x000000000000c2d6       0x1c zephyr/libzephyr.a(log_core.c.obj)
                0x000000000000c2d6                z_log_vprintk
 .text.z_log_notify_drop
                0x000000000000c2f2        0x6 zephyr/libzephyr.a(log_core.c.obj)
 .text.z_log_get_tag
                0x000000000000c2f8        0x4 zephyr/libzephyr.a(log_core.c.obj)
                0x000000000000c2f8                z_log_get_tag
 .text.log_backend_enable
                0x000000000000c2fc       0x12 zephyr/libzephyr.a(log_mgmt.c.obj)
                0x000000000000c2fc                log_backend_enable
 .text.z_cbprintf_cpy
                0x000000000000c30e       0x2c zephyr/libzephyr.a(log_msg.c.obj)
 .text.z_log_msg_finalize
                0x000000000000c33a       0x32 zephyr/libzephyr.a(log_msg.c.obj)
                0x000000000000c33a                z_log_msg_finalize
 .text.z_log_msg_simple_create
                0x000000000000c36c       0x6e zephyr/libzephyr.a(log_msg.c.obj)
 .text.z_impl_z_log_msg_simple_create_0
                0x000000000000c3da       0x12 zephyr/libzephyr.a(log_msg.c.obj)
                0x000000000000c3da                z_impl_z_log_msg_simple_create_0
 .text.z_impl_z_log_msg_simple_create_1
                0x000000000000c3ec       0x14 zephyr/libzephyr.a(log_msg.c.obj)
                0x000000000000c3ec                z_impl_z_log_msg_simple_create_1
 .text.z_impl_z_log_msg_simple_create_2
                0x000000000000c400       0x18 zephyr/libzephyr.a(log_msg.c.obj)
                0x000000000000c400                z_impl_z_log_msg_simple_create_2
 .text.log_output_write
                0x000000000000c418       0x1c zephyr/libzephyr.a(log_output.c.obj)
 .text.log_output_flush
                0x000000000000c434       0x1a zephyr/libzephyr.a(log_output.c.obj)
 .text.out_func
                0x000000000000c44e       0x36 zephyr/libzephyr.a(log_output.c.obj)
 .text.cr_out_func
                0x000000000000c484       0x1c zephyr/libzephyr.a(log_output.c.obj)
 .text.log_output_msg_process
                0x000000000000c4a0       0x6a zephyr/libzephyr.a(log_output.c.obj)
                0x000000000000c4a0                log_output_msg_process
 .text.format_set
                0x000000000000c50a        0xc zephyr/libzephyr.a(log_backend_uart.c.obj)
 .text.log_backend_uart_init
                0x000000000000c516        0xc zephyr/libzephyr.a(log_backend_uart.c.obj)
 .text.panic    0x000000000000c522       0x32 zephyr/libzephyr.a(log_backend_uart.c.obj)
 .text.dropped  0x000000000000c554        0xa zephyr/libzephyr.a(log_backend_uart.c.obj)
 .text.process  0x000000000000c55e       0x1e zephyr/libzephyr.a(log_backend_uart.c.obj)
 .text.usb_write
                0x000000000000c57c       0x30 zephyr/libzephyr.a(usb_device.c.obj)
                0x000000000000c57c                usb_write
 .text.usb_get_dev_data_by_cfg
                0x000000000000c5ac       0x18 zephyr/libzephyr.a(usb_descriptor.c.obj)
                0x000000000000c5ac                usb_get_dev_data_by_cfg
 .text.usb_get_dev_data_by_iface
                0x000000000000c5c4       0x1c zephyr/libzephyr.a(usb_descriptor.c.obj)
                0x000000000000c5c4                usb_get_dev_data_by_iface
 .text.usb_get_dev_data_by_ep
                0x000000000000c5e0       0x2c zephyr/libzephyr.a(usb_descriptor.c.obj)
                0x000000000000c5e0                usb_get_dev_data_by_ep
 .text.abort_function
                0x000000000000c60c        0x2 zephyr/libzephyr.a(nrf_cc3xx_platform_abort_zephyr.c.obj)
 .text.z_do_kernel_oops
                0x000000000000c60e        0x8 zephyr/arch/arch/arm/core/libarch__arm__core.a(fatal.c.obj)
                0x000000000000c60e                z_do_kernel_oops
 .text.z_arm_nmi
                0x000000000000c616        0xe zephyr/arch/arch/arm/core/libarch__arm__core.a(nmi.c.obj)
                0x000000000000c616                z_arm_nmi
 .text.z_log_msg_simple_create_0.constprop.0
                0x000000000000c624        0x8 zephyr/arch/arch/arm/core/cortex_m/libarch__arm__core__cortex_m.a(fault.c.obj)
 .text.z_irq_spurious
                0x000000000000c62c        0x8 zephyr/arch/arch/arm/core/cortex_m/libarch__arm__core__cortex_m.a(irq_manage.c.obj)
                0x000000000000c62c                z_irq_spurious
 .text.arch_irq_unlock_outlined
                0x000000000000c634        0xe zephyr/arch/arch/arm/core/cortex_m/libarch__arm__core__cortex_m.a(thread.c.obj)
                0x000000000000c634                arch_irq_unlock_outlined
 .text.arch_cpu_idle
                0x000000000000c642       0x1a zephyr/arch/arch/arm/core/cortex_m/libarch__arm__core__cortex_m.a(cpu_idle.c.obj)
                0x000000000000c642                arch_cpu_idle
 .text.arch_cpu_atomic_idle
                0x000000000000c65c       0x1e zephyr/arch/arch/arm/core/cortex_m/libarch__arm__core__cortex_m.a(cpu_idle.c.obj)
                0x000000000000c65c                arch_cpu_atomic_idle
 .text.size_to_mpu_rasr_size
                0x000000000000c67a       0x20 zephyr/arch/arch/arm/core/mpu/libarch__arm__core__mpu.a(arm_mpu.c.obj)
 .text.cbputc   0x000000000000c69a        0xc zephyr/lib/libc/picolibc/liblib__libc__picolibc.a(cbprintf.c.obj)
 .text.picolibc_put
                0x000000000000c6a6        0xa zephyr/lib/libc/picolibc/liblib__libc__picolibc.a(stdio.c.obj)
 .text.fixed_data_unref
                0x000000000000c6b0        0x2 zephyr/lib/net_buf/liblib__net_buf.a(buf.c.obj)
 .text.net_buf_alloc_fixed
                0x000000000000c6b2        0x8 zephyr/lib/net_buf/liblib__net_buf.a(buf.c.obj)
                0x000000000000c6b2                net_buf_alloc_fixed
 .text.net_buf_alloc_with_data
                0x000000000000c6ba       0x26 zephyr/lib/net_buf/liblib__net_buf.a(buf.c.obj)
                0x000000000000c6ba                net_buf_alloc_with_data
 .text.net_buf_frag_insert
                0x000000000000c6e0       0x16 zephyr/lib/net_buf/liblib__net_buf.a(buf.c.obj)
                0x000000000000c6e0                net_buf_frag_insert
 .text.net_buf_frag_add
                0x000000000000c6f6       0x22 zephyr/lib/net_buf/liblib__net_buf.a(buf.c.obj)
                0x000000000000c6f6                net_buf_frag_add
 .text.net_buf_frag_del
                0x000000000000c718       0x18 zephyr/lib/net_buf/liblib__net_buf.a(buf.c.obj)
                0x000000000000c718                net_buf_frag_del
 .text.net_buf_simple_init_with_data
                0x000000000000c730        0xc zephyr/lib/net_buf/liblib__net_buf.a(buf_simple.c.obj)
                0x000000000000c730                net_buf_simple_init_with_data
 .text.net_buf_simple_add
                0x000000000000c73c        0xc zephyr/lib/net_buf/liblib__net_buf.a(buf_simple.c.obj)
                0x000000000000c73c                net_buf_simple_add
 .text.net_buf_simple_add_mem
                0x000000000000c748       0x12 zephyr/lib/net_buf/liblib__net_buf.a(buf_simple.c.obj)
                0x000000000000c748                net_buf_simple_add_mem
 .text.net_buf_simple_add_u8
                0x000000000000c75a       0x10 zephyr/lib/net_buf/liblib__net_buf.a(buf_simple.c.obj)
                0x000000000000c75a                net_buf_simple_add_u8
 .text.net_buf_simple_add_le16
                0x000000000000c76a       0x14 zephyr/lib/net_buf/liblib__net_buf.a(buf_simple.c.obj)
                0x000000000000c76a                net_buf_simple_add_le16
 .text.net_buf_simple_remove_mem
                0x000000000000c77e        0xe zephyr/lib/net_buf/liblib__net_buf.a(buf_simple.c.obj)
                0x000000000000c77e                net_buf_simple_remove_mem
 .text.net_buf_simple_pull
                0x000000000000c78c       0x10 zephyr/lib/net_buf/liblib__net_buf.a(buf_simple.c.obj)
                0x000000000000c78c                net_buf_simple_pull
 .text.net_buf_simple_tailroom
                0x000000000000c79c       0x10 zephyr/lib/net_buf/liblib__net_buf.a(buf_simple.c.obj)
                0x000000000000c79c                net_buf_simple_tailroom
 .text.hid_interface_config
                0x000000000000c7ac        0x4 zephyr/subsys/usb/device/class/hid/libsubsys__usb__device__class__hid.a(core.c.obj)
 .text.usb_hid_device_init
                0x000000000000c7b0        0x4 zephyr/subsys/usb/device/class/hid/libsubsys__usb__device__class__hid.a(core.c.obj)
 .text.z_log_msg_simple_create_0
                0x000000000000c7b4        0x4 zephyr/subsys/usb/device/class/hid/libsubsys__usb__device__class__hid.a(core.c.obj)
 .text.usb_hid_init
                0x000000000000c7b8       0x14 zephyr/subsys/usb/device/class/hid/libsubsys__usb__device__class__hid.a(core.c.obj)
                0x000000000000c7b8                usb_hid_init
 .text.z_log_msg_simple_create_0
                0x000000000000c7cc        0x4 zephyr/subsys/usb/device_next/libsubsys__usb__device_next.a(usbd_device.c.obj)
 .text.usbd_device_lock
                0x000000000000c7d0        0xe zephyr/subsys/usb/device_next/libsubsys__usb__device_next.a(usbd_device.c.obj)
 .text.k_mutex_unlock.isra.0
                0x000000000000c7de        0x4 zephyr/subsys/usb/device_next/libsubsys__usb__device_next.a(usbd_device.c.obj)
 .text.usbd_bus_speed
                0x000000000000c7e2        0xa zephyr/subsys/usb/device_next/libsubsys__usb__device_next.a(usbd_device.c.obj)
                0x000000000000c7e2                usbd_bus_speed
 .text.usbd_device_set_code_triple
                0x000000000000c7ec       0x48 zephyr/subsys/usb/device_next/libsubsys__usb__device_next.a(usbd_device.c.obj)
                0x000000000000c7ec                usbd_device_set_code_triple
 .text.usbd_self_powered
                0x000000000000c834       0x20 zephyr/subsys/usb/device_next/libsubsys__usb__device_next.a(usbd_device.c.obj)
                0x000000000000c834                usbd_self_powered
 .text.usbd_is_suspended
                0x000000000000c854        0xa zephyr/subsys/usb/device_next/libsubsys__usb__device_next.a(usbd_device.c.obj)
                0x000000000000c854                usbd_is_suspended
 .text.usbd_device_get_vreq
                0x000000000000c85e       0x28 zephyr/subsys/usb/device_next/libsubsys__usb__device_next.a(usbd_device.c.obj)
                0x000000000000c85e                usbd_device_get_vreq
 .text.usbd_device_register_vreq
                0x000000000000c886       0x56 zephyr/subsys/usb/device_next/libsubsys__usb__device_next.a(usbd_device.c.obj)
                0x000000000000c886                usbd_device_register_vreq
 .text.usbd_get_descriptor
                0x000000000000c8dc       0x34 zephyr/subsys/usb/device_next/libsubsys__usb__device_next.a(usbd_desc.c.obj)
                0x000000000000c8dc                usbd_get_descriptor
 .text.usbd_add_descriptor
                0x000000000000c910      0x106 zephyr/subsys/usb/device_next/libsubsys__usb__device_next.a(usbd_desc.c.obj)
                0x000000000000c910                usbd_add_descriptor
 .text.usbd_str_desc_get_idx
                0x000000000000ca16        0xa zephyr/subsys/usb/device_next/libsubsys__usb__device_next.a(usbd_desc.c.obj)
                0x000000000000ca16                usbd_str_desc_get_idx
 .text.reqtype_is_to_host
                0x000000000000ca20        0xc zephyr/subsys/usb/device_next/libsubsys__usb__device_next.a(usbd_ch9.c.obj)
 .text.sreq_feature_halt_notify
                0x000000000000ca2c       0x20 zephyr/subsys/usb/device_next/libsubsys__usb__device_next.a(usbd_ch9.c.obj)
 .text.z_log_msg_simple_create_0
                0x000000000000ca4c        0x4 zephyr/subsys/usb/device_next/libsubsys__usb__device_next.a(usbd_ch9.c.obj)
 .text.udc_test_mode
                0x000000000000ca50       0x46 zephyr/subsys/usb/device_next/libsubsys__usb__device_next.a(usbd_ch9.c.obj)
 .text.udc_set_address
                0x000000000000ca96       0x38 zephyr/subsys/usb/device_next/libsubsys__usb__device_next.a(usbd_ch9.c.obj)
 .text.usbd_init_control_pipe
                0x000000000000cace        0xc zephyr/subsys/usb/device_next/libsubsys__usb__device_next.a(usbd_ch9.c.obj)
                0x000000000000cace                usbd_init_control_pipe
 .text.usbd_ep_bm_is_set.isra.0
                0x000000000000cada       0x12 zephyr/subsys/usb/device_next/libsubsys__usb__device_next.a(usbd_init.c.obj)
 .text.usbd_device_lock
                0x000000000000caec        0xe zephyr/subsys/usb/device_next/libsubsys__usb__device_next.a(usbd_config.c.obj)
 .text.k_mutex_unlock.isra.0
                0x000000000000cafa        0x4 zephyr/subsys/usb/device_next/libsubsys__usb__device_next.a(usbd_config.c.obj)
 .text.usbd_config_get
                0x000000000000cafe       0x28 zephyr/subsys/usb/device_next/libsubsys__usb__device_next.a(usbd_config.c.obj)
                0x000000000000cafe                usbd_config_get
 .text.usbd_config_get_current
                0x000000000000cb26       0x24 zephyr/subsys/usb/device_next/libsubsys__usb__device_next.a(usbd_config.c.obj)
                0x000000000000cb26                usbd_config_get_current
 .text.usbd_config_exist
                0x000000000000cb4a        0xe zephyr/subsys/usb/device_next/libsubsys__usb__device_next.a(usbd_config.c.obj)
                0x000000000000cb4a                usbd_config_exist
 .text.usbd_device_lock
                0x000000000000cb58        0xe zephyr/subsys/usb/device_next/libsubsys__usb__device_next.a(usbd_class.c.obj)
 .text.usbd_class_desc_len
                0x000000000000cb66       0x20 zephyr/subsys/usb/device_next/libsubsys__usb__device_next.a(usbd_class.c.obj)
                0x000000000000cb66                usbd_class_desc_len
 .text.usbd_class_get_by_config
                0x000000000000cb86       0x20 zephyr/subsys/usb/device_next/libsubsys__usb__device_next.a(usbd_class.c.obj)
                0x000000000000cb86                usbd_class_get_by_config
 .text.usbd_class_get_by_iface
                0x000000000000cba6       0x20 zephyr/subsys/usb/device_next/libsubsys__usb__device_next.a(usbd_class.c.obj)
                0x000000000000cba6                usbd_class_get_by_iface
 .text.usbd_class_handle_xfer
                0x000000000000cbc6       0x12 zephyr/subsys/usb/device_next/libsubsys__usb__device_next.a(usbd_class.c.obj)
                0x000000000000cbc6                usbd_class_handle_xfer
 .text.usbd_class_get_by_req
                0x000000000000cbd8       0x2e zephyr/subsys/usb/device_next/libsubsys__usb__device_next.a(usbd_class.c.obj)
                0x000000000000cbd8                usbd_class_get_by_req
 .text.usbd_interface_shutdown
                0x000000000000cc06       0x54 zephyr/subsys/usb/device_next/libsubsys__usb__device_next.a(usbd_interface.c.obj)
                0x000000000000cc06                usbd_interface_shutdown
 .text.usbd_interface_default