Archive member included to satisfy reference by file (symbol)

app/libapp.a(main.c.obj)      (--whole-archive)
zephyr/libzephyr.a(heap.c.obj)
                              (--whole-archive)
zephyr/libzephyr.a(cbprintf_packaged.c.obj)
                              (--whole-archive)
zephyr/libzephyr.a(printk.c.obj)
                              (--whole-archive)
zephyr/libzephyr.a(sem.c.obj)
                              (--whole-archive)
zephyr/libzephyr.a(thread_entry.c.obj)
                              (--whole-archive)
zephyr/libzephyr.a(cbprintf_complete.c.obj)
                              (--whole-archive)
zephyr/libzephyr.a(cbprintf.c.obj)
                              (--whole-archive)
zephyr/libzephyr.a(dec.c.obj)
                              (--whole-archive)
zephyr/libzephyr.a(hex.c.obj)
                              (--whole-archive)
zephyr/libzephyr.a(rb.c.obj)  (--whole-archive)
zephyr/libzephyr.a(timeutil.c.obj)
                              (--whole-archive)
zephyr/libzephyr.a(bitarray.c.obj)
                              (--whole-archive)
zephyr/libzephyr.a(last_section_id.c.obj)
                              (--whole-archive)
zephyr/libzephyr.a(configs.c.obj)
                              (--whole-archive)
zephyr/libzephyr.a(tracing_none.c.obj)
                              (--whole-archive)
zephyr/libzephyr.a(flash_map_partition_manager.c.obj)
                              (--whole-archive)
zephyr/libzephyr.a(nrf_cc3xx_platform_abort_zephyr.c.obj)
                              (--whole-archive)
zephyr/libzephyr.a(nrf_cc3xx_platform_no_mutex_zephyr.c.obj)
                              (--whole-archive)
zephyr/arch/common/libarch__common.a(sw_isr_common.c.obj)
                              (--whole-archive)
zephyr/arch/arch/arm/core/libarch__arm__core.a(fatal.c.obj)
                              (--whole-archive)
zephyr/arch/arch/arm/core/libarch__arm__core.a(nmi.c.obj)
                              (--whole-archive)
zephyr/arch/arch/arm/core/libarch__arm__core.a(nmi_on_reset.S.obj)
                              (--whole-archive)
zephyr/arch/arch/arm/core/cortex_m/libarch__arm__core__cortex_m.a(exc_exit.c.obj)
                              (--whole-archive)
zephyr/arch/arch/arm/core/cortex_m/libarch__arm__core__cortex_m.a(fault.c.obj)
                              (--whole-archive)
zephyr/arch/arch/arm/core/cortex_m/libarch__arm__core__cortex_m.a(fault_s.S.obj)
                              (--whole-archive)
zephyr/arch/arch/arm/core/cortex_m/libarch__arm__core__cortex_m.a(fpu.c.obj)
                              (--whole-archive)
zephyr/arch/arch/arm/core/cortex_m/libarch__arm__core__cortex_m.a(reset.S.obj)
                              (--whole-archive)
zephyr/arch/arch/arm/core/cortex_m/libarch__arm__core__cortex_m.a(scb.c.obj)
                              (--whole-archive)
zephyr/arch/arch/arm/core/cortex_m/libarch__arm__core__cortex_m.a(thread_abort.c.obj)
                              (--whole-archive)
zephyr/arch/arch/arm/core/cortex_m/libarch__arm__core__cortex_m.a(vector_table.S.obj)
                              (--whole-archive)
zephyr/arch/arch/arm/core/cortex_m/libarch__arm__core__cortex_m.a(swap_helper.S.obj)
                              (--whole-archive)
zephyr/arch/arch/arm/core/cortex_m/libarch__arm__core__cortex_m.a(irq_manage.c.obj)
                              (--whole-archive)
zephyr/arch/arch/arm/core/cortex_m/libarch__arm__core__cortex_m.a(prep_c.c.obj)
                              (--whole-archive)
zephyr/arch/arch/arm/core/cortex_m/libarch__arm__core__cortex_m.a(thread.c.obj)
                              (--whole-archive)
zephyr/arch/arch/arm/core/cortex_m/libarch__arm__core__cortex_m.a(cpu_idle.c.obj)
                              (--whole-archive)
zephyr/arch/arch/arm/core/cortex_m/libarch__arm__core__cortex_m.a(irq_init.c.obj)
                              (--whole-archive)
zephyr/arch/arch/arm/core/cortex_m/libarch__arm__core__cortex_m.a(isr_wrapper.c.obj)
                              (--whole-archive)
zephyr/lib/libc/minimal/liblib__libc__minimal.a(atoi.c.obj)
                              (--whole-archive)
zephyr/lib/libc/minimal/liblib__libc__minimal.a(strtol.c.obj)
                              (--whole-archive)
zephyr/lib/libc/minimal/liblib__libc__minimal.a(strtoul.c.obj)
                              (--whole-archive)
zephyr/lib/libc/minimal/liblib__libc__minimal.a(strtoll.c.obj)
                              (--whole-archive)
zephyr/lib/libc/minimal/liblib__libc__minimal.a(strtoull.c.obj)
                              (--whole-archive)
zephyr/lib/libc/minimal/liblib__libc__minimal.a(bsearch.c.obj)
                              (--whole-archive)
zephyr/lib/libc/minimal/liblib__libc__minimal.a(exit.c.obj)
                              (--whole-archive)
zephyr/lib/libc/minimal/liblib__libc__minimal.a(qsort.c.obj)
                              (--whole-archive)
zephyr/lib/libc/minimal/liblib__libc__minimal.a(strerror.c.obj)
[...]
Memory Configuration

Name             Origin             Length             Attributes
FLASH            0x0000000000000000 0x0000000000005000 xr
RAM              0x0000000020000000 0x0000000000040000 xw
IDT_LIST         0x00000000ffff7fff 0x0000000000008000 xw
*default*        0x0000000000000000 0xffffffffffffffff

Linker script and memory map

LOAD zephyr/CMakeFiles/zephyr_final.dir/misc/empty_file.c.obj
LOAD C:\Users\CHRIST~1\AppData\Local\Temp\ccG1ZAJg.ltrans0.ltrans.o
LOAD C:\Users\CHRIST~1\AppData\Local\Temp\ccz4FAdm.debug.temp.o
LOAD C:\Users\CHRIST~1\AppData\Local\Temp\ccVwzE8o.debug.temp.o
LOAD C:\Users\CHRIST~1\AppData\Local\Temp\ccFzJIMr.debug.temp.o
LOAD C:\Users\CHRIST~1\AppData\Local\Temp\ccRCuRxu.debug.temp.o
LOAD C:\Users\CHRIST~1\AppData\Local\Temp\cclR2MbB.debug.temp.o
LOAD C:\Users\CHRIST~1\AppData\Local\Temp\ccXJBNGH.debug.temp.o
LOAD C:\Users\CHRIST~1\AppData\Local\Temp\cc9Kv5dO.debug.temp.o
LOAD C:\Users\CHRIST~1\AppData\Local\Temp\ccLrk16U.debug.temp.o
LOAD C:\Users\CHRIST~1\AppData\Local\Temp\ccTms5Q1.debug.temp.o
LOAD C:\Users\CHRIST~1\AppData\Local\Temp\ccjhTRF8.debug.temp.o
LOAD C:\Users\CHRIST~1\AppData\Local\Temp\ccnOrPGe.debug.temp.o
LOAD C:\Users\CHRIST~1\AppData\Local\Temp\ccnVtyNk.debug.temp.o
LOAD C:\Users\CHRIST~1\AppData\Local\Temp\ccJ1roLq.debug.temp.o
LOAD C:\Users\CHRIST~1\AppData\Local\Temp\ccrPYX5w.debug.temp.o
LOAD C:\Users\CHRIST~1\AppData\Local\Temp\ccnUOuhD.debug.temp.o
LOAD C:\Users\CHRIST~1\AppData\Local\Temp\ccTTUDxJ.debug.temp.o
LOAD C:\Users\CHRIST~1\AppData\Local\Temp\ccdfZQZO.debug.temp.o
LOAD C:\Users\CHRIST~1\AppData\Local\Temp\ccByFevU.debug.temp.o
LOAD C:\Users\CHRIST~1\AppData\Local\Temp\ccllLARZ.debug.temp.o
LOAD C:\Users\CHRIST~1\AppData\Local\Temp\ccvVXGA5.debug.temp.o
LOAD C:\Users\CHRIST~1\AppData\Local\Temp\cc1A1vob.debug.temp.o
LOAD C:\Users\CHRIST~1\AppData\Local\Temp\ccJsOKYg.debug.temp.o
LOAD C:\Users\CHRIST~1\AppData\Local\Temp\ccrKezCm.debug.temp.o
LOAD C:\Users\CHRIST~1\AppData\Local\Temp\cc5DP0sr.debug.temp.o
LOAD C:\Users\CHRIST~1\AppData\Local\Temp\ccdJsAaw.debug.temp.o
LOAD C:\Users\CHRIST~1\AppData\Local\Temp\ccFk9JWA.debug.temp.o
LOAD C:\Users\CHRIST~1\AppData\Local\Temp\ccxftM5F.debug.temp.o
LOAD C:\Users\CHRIST~1\AppData\Local\Temp\ccB8sCkL.debug.temp.o
LOAD C:\Users\CHRIST~1\AppData\Local\Temp\cc9EFUlQ.debug.temp.o
LOAD C:\Users\CHRIST~1\AppData\Local\Temp\ccXBnMrV.debug.temp.o
LOAD C:\Users\CHRIST~1\AppData\Local\Temp\ccLOVwq4.debug.temp.o
LOAD C:\Users\CHRIST~1\AppData\Local\Temp\ccjJUxhd.debug.temp.o
LOAD C:\Users\CHRIST~1\AppData\Local\Temp\ccbaX8cm.debug.temp.o
LOAD C:\Users\CHRIST~1\AppData\Local\Temp\cctUCCvv.debug.temp.o
LOAD C:\Users\CHRIST~1\AppData\Local\Temp\ccnCPISE.debug.temp.o
LOAD C:\Users\CHRIST~1\AppData\Local\Temp\cc5rZj2N.debug.temp.o
LOAD C:\Users\CHRIST~1\AppData\Local\Temp\ccxfuUeX.debug.temp.o
LOAD C:\Users\CHRIST~1\AppData\Local\Temp\ccPll0G5.debug.temp.o
LOAD C:\Users\CHRIST~1\AppData\Local\Temp\ccd1CDVd.debug.temp.o
LOAD C:\Users\CHRIST~1\AppData\Local\Temp\ccZiwRem.debug.temp.o
LOAD C:\Users\CHRIST~1\AppData\Local\Temp\ccphhxZu.debug.temp.o
LOAD C:\Users\CHRIST~1\AppData\Local\Temp\ccRAIDvD.debug.temp.o
LOAD C:\Users\CHRIST~1\AppData\Local\Temp\ccjU9J1L.debug.temp.o
LOAD C:\Users\CHRIST~1\AppData\Local\Temp\cc3GnqCU.debug.temp.o
LOAD C:\Users\CHRIST~1\AppData\Local\Temp\ccRZGxr2.debug.temp.o
LOAD C:\Users\CHRIST~1\AppData\Local\Temp\ccxEJjla.debug.temp.o
LOAD C:\Users\CHRIST~1\AppData\Local\Temp\cc5whB1h.debug.temp.o
LOAD C:\Users\CHRIST~1\AppData\Local\Temp\cctOa6Ip.debug.temp.o
LOAD C:\Users\CHRIST~1\AppData\Local\Temp\ccZXdrNx.debug.temp.o
LOAD C:\Users\CHRIST~1\AppData\Local\Temp\ccLxMlWF.debug.temp.o
LOAD C:\Users\CHRIST~1\AppData\Local\Temp\ccNjJ7UN.debug.temp.o
LOAD C:\Users\CHRIST~1\AppData\Local\Temp\ccPDvzYV.debug.temp.o
LOAD C:\Users\CHRIST~1\AppData\Local\Temp\cc7Z68d3.debug.temp.o
LOAD C:\Users\CHRIST~1\AppData\Local\Temp\cc9n9fxa.debug.temp.o
LOAD C:\Users\CHRIST~1\AppData\Local\Temp\cc1OdMBh.debug.temp.o
LOAD C:\Users\CHRIST~1\AppData\Local\Temp\cclugl6o.debug.temp.o
LOAD C:\Users\CHRIST~1\AppData\Local\Temp\ccFJbRFw.debug.temp.o
LOAD C:\Users\CHRIST~1\AppData\Local\Temp\ccz7pB0D.debug.temp.o
LOAD C:\Users\CHRIST~1\AppData\Local\Temp\cc9yJYpL.debug.temp.o
LOAD C:\Users\CHRIST~1\AppData\Local\Temp\ccFaleIW.debug.temp.o
LOAD C:\Users\CHRIST~1\AppData\Local\Temp\cctfJ347.debug.temp.o
LOAD C:\Users\CHRIST~1\AppData\Local\Temp\ccLv90ij.debug.temp.o
LOAD C:\Users\CHRIST~1\AppData\Local\Temp\ccrIHmVu.debug.temp.o
LOAD C:\Users\CHRIST~1\AppData\Local\Temp\cc5x0tDG.debug.temp.o
LOAD C:\Users\CHRIST~1\AppData\Local\Temp\ccxvg67R.debug.temp.o
LOAD C:\Users\CHRIST~1\AppData\Local\Temp\ccVyqtT2.debug.temp.o
LOAD C:\Users\CHRIST~1\AppData\Local\Temp\ccF9R9Id.debug.temp.o
LOAD C:\Users\CHRIST~1\AppData\Local\Temp\ccjjxPno.debug.temp.o
LOAD zephyr/CMakeFiles/zephyr_final.dir/isr_tables.c.obj
LOAD zephyr/CMakeFiles/offsets.dir/./arch/arm/core/offsets/offsets.c.obj
LOAD app/libapp.a
LOAD zephyr/libzephyr.a
LOAD zephyr/arch/common/libarch__common.a
LOAD zephyr/arch/arch/arm/core/libarch__arm__core.a
LOAD zephyr/arch/arch/arm/core/cortex_m/libarch__arm__core__cortex_m.a
LOAD zephyr/lib/libc/minimal/liblib__libc__minimal.a
LOAD zephyr/lib/libc/common/liblib__libc__common.a
LOAD zephyr/soc/soc/nrf52840/libsoc__nordic.a
LOAD modules/nrf/lib/fprotect/lib..__nrf__lib__fprotect.a
LOAD modules/nrf/subsys/bootloader/bl_boot/lib..__nrf__subsys__bootloader__bl_boot.a
LOAD modules/nrf/subsys/bootloader/bl_crypto/lib..__nrf__subsys__bootloader__bl_crypto.a
LOAD modules/nrf/subsys/bootloader/bl_validation/lib..__nrf__subsys__bootloader__bl_validation.a
LOAD modules/nrf/subsys/bootloader/bl_storage/lib..__nrf__subsys__bootloader__bl_storage.a
LOAD modules/nrf/subsys/fw_info/lib..__nrf__subsys__fw_info.a
LOAD modules/nrf/drivers/hw_cc3xx/lib..__nrf__drivers__hw_cc3xx.a
LOAD modules/hal_nordic/modules/hal_nordic/nrfx/libmodules__hal_nordic__nrfx.a
LOAD zephyr/kernel/libkernel.a
LOAD zephyr/arch/common/libisr_tables.a
LOAD C:/ncs/v3.1.1/nrfxlib/crypto/nrf_oberon/lib/cortex-m4/hard-float/liboberon_3.0.17.a
LOAD C:/ncs/v3.1.1/nrfxlib/crypto/nrf_cc310_bl/lib/cortex-m4/hard-float/no-interrupts/libnrf_cc310_bl_0.9.12.a
LOAD C:/ncs/v3.1.1/nrfxlib/crypto/nrf_cc310_platform/lib/cortex-m4/hard-float/no-interrupts/libnrf_cc310_platform_0.9.19.a
LOAD c:/ncs/toolchains/c1a76fddb2/opt/zephyr-sdk/arm-zephyr-eabi/bin/../lib/gcc/arm-zephyr-eabi/12.2.0/thumb/v7e-m+fp/hard\libgcc.a
                0x0000000000000007                _image_1_primary_slot_id = 0x7
                0x0000000000000004                _region_min_align = 0x4

.rel.plt        0x0000000000000000        0x0
 *(SORT_BY_ALIGNMENT(.rel.plt))
                [!provide]                        PROVIDE (__rel_iplt_start = .)
 *(SORT_BY_ALIGNMENT(.rel.iplt))
 .rel.iplt      0x0000000000000000        0x0 zephyr/arch/arch/arm/core/libarch__arm__core.a(nmi_on_reset.S.obj)
                [!provide]                        PROVIDE (__rel_iplt_end = .)

.rela.plt       0x0000000000000000        0x0
 *(SORT_BY_ALIGNMENT(.rela.plt))
                [!provide]                        PROVIDE (__rela_iplt_start = .)
 *(SORT_BY_ALIGNMENT(.rela.iplt))
                [!provide]                        PROVIDE (__rela_iplt_end = .)

.rel.dyn
 *(SORT_BY_ALIGNMENT(.rel.*))

.rela.dyn
 *(SORT_BY_ALIGNMENT(.rela.*))

/DISCARD/
 *(SORT_BY_ALIGNMENT(.plt))

/DISCARD/
 *(SORT_BY_ALIGNMENT(.iplt))
                0x0000000000000000                __rom_region_start = 0x0

rom_start       0x0000000000000000      0x23c
                0x0000000000000000                __rom_start_address = .
 FILL mask 0x00
                0x0000000000000000                . = (. + (0x0 - (. - __rom_start_address)))
                0x0000000000000000                . = ALIGN (0x4)
                0x0000000000000000                . = ALIGN (0x80)
                0x0000000000000000                . = ALIGN (0x100)
                0x0000000000000000                _vector_start = .
 *(SORT_BY_ALIGNMENT(.exc_vector_table))
 *(SORT_BY_ALIGNMENT(.exc_vector_table.*))
 .exc_vector_table._vector_table_section
                0x0000000000000000       0x40 zephyr/arch/arch/arm/core/cortex_m/libarch__arm__core__cortex_m.a(vector_table.S.obj)
                0x0000000000000000                _vector_table
                0x0000000000000040                _vector_end = .
                0x0000000000000200                . = 0x200
 *fill*         0x0000000000000040      0x1c0 00
                0x0000000000000200                _fw_info_start = .
 *(SORT_BY_NAME(SORT_BY_ALIGNMENT(.firmware_info*)))
 .firmware_info
                0x0000000000000200       0x3c C:\Users\CHRIST~1\AppData\Local\Temp\ccG1ZAJg.ltrans0.ltrans.o
                0x0000000000000200                m_firmware_info
                0x000000000000003c                _fw_info_size = ABSOLUTE ((. - _fw_info_start))

text            0x000000000000023c     0x286c
                0x000000000000023c                __text_region_start = .
 *(SORT_BY_ALIGNMENT(.text))
 .text          0x000000000000023c       0x5c C:/ncs/v3.1.1/nrfxlib/crypto/nrf_oberon/lib/cortex-m4/hard-float/liboberon_3.0.17.a(ocrypto_constant_time.s.obj)
                0x000000000000023c                ocrypto_constant_time_equal
                0x0000000000000264                ocrypto_constant_time_is_zero
                0x0000000000000280                ocrypto_constant_time_xor
 *(SORT_BY_ALIGNMENT(.text.*))
 .text.nordicsemi_nrf52_init
                0x0000000000000298       0x18 C:\Users\CHRIST~1\AppData\Local\Temp\ccG1ZAJg.ltrans0.ltrans.o
 .text.key_is_valid
                0x00000000000002b0       0x48 C:\Users\CHRIST~1\AppData\Local\Temp\ccG1ZAJg.ltrans0.ltrans.o
 .text.nrf52_errata_98
                0x00000000000002f8       0x24 C:\Users\CHRIST~1\AppData\Local\Temp\ccG1ZAJg.ltrans0.ltrans.o
 .text.nrfx_nvmc_word_write
                0x000000000000031c       0x24 C:\Users\CHRIST~1\AppData\Local\Temp\ccG1ZAJg.ltrans0.ltrans.o
 .text.z_sys_init_run_level
                0x0000000000000340       0x50 C:\Users\CHRIST~1\AppData\Local\Temp\ccG1ZAJg.ltrans0.ltrans.o
 .text.usage_fault.constprop.0
                0x0000000000000390       0x54 C:\Users\CHRIST~1\AppData\Local\Temp\ccG1ZAJg.ltrans0.ltrans.o
 .text.bus_fault.constprop.0
                0x00000000000003e4       0x68 C:\Users\CHRIST~1\AppData\Local\Temp\ccG1ZAJg.ltrans0.ltrans.o
 .text.mem_manage_fault.constprop.0
                0x000000000000044c       0x78 C:\Users\CHRIST~1\AppData\Local\Temp\ccG1ZAJg.ltrans0.ltrans.o
 .text.fprotect_set_permission.constprop.0
                0x00000000000004c4       0xa4 C:\Users\CHRIST~1\AppData\Local\Temp\ccG1ZAJg.ltrans0.ltrans.o
 .text.fw_info_check.lto_priv.0
                0x0000000000000568       0x28 C:\Users\CHRIST~1\AppData\Local\Temp\ccG1ZAJg.ltrans0.ltrans.o
 .text.fw_info_find.lto_priv.0
                0x0000000000000590       0x20 C:\Users\CHRIST~1\AppData\Local\Temp\ccG1ZAJg.ltrans0.ltrans.o
 .text.check_ext_api_requests
                0x00000000000005b0       0x8c C:\Users\CHRIST~1\AppData\Local\Temp\ccG1ZAJg.ltrans0.ltrans.o
 .text.cc310_bl_init
                0x000000000000063c       0x30 C:\Users\CHRIST~1\AppData\Local\Temp\ccG1ZAJg.ltrans0.ltrans.o
 .text.validate_and_boot
                0x000000000000066c      0x3dc C:\Users\CHRIST~1\AppData\Local\Temp\ccG1ZAJg.ltrans0.ltrans.o
 .text.bg_thread_main
                0x0000000000000a48       0x64 C:\Users\CHRIST~1\AppData\Local\Temp\ccG1ZAJg.ltrans0.ltrans.o
 .text.hash_blocks
                0x0000000000000aac       0x7c C:\Users\CHRIST~1\AppData\Local\Temp\ccG1ZAJg.ltrans0.ltrans.o
 .text.get_hash
                0x0000000000000b28       0xc4 C:\Users\CHRIST~1\AppData\Local\Temp\ccG1ZAJg.ltrans0.ltrans.o
 .text.root_of_trust_verify
                0x0000000000000bec       0xb0 C:\Users\CHRIST~1\AppData\Local\Temp\ccG1ZAJg.ltrans0.ltrans.o
 .text.hw_cc3xx_init
                0x0000000000000c9c       0x14 C:\Users\CHRIST~1\AppData\Local\Temp\ccG1ZAJg.ltrans0.ltrans.o
 .text.z_arm_fault
                0x0000000000000cb0      0x11c C:\Users\CHRIST~1\AppData\Local\Temp\ccG1ZAJg.ltrans0.ltrans.o
                0x0000000000000cb0                z_arm_fault
 .text.z_arm_init_arch_hw_at_boot
                0x0000000000000dcc       0x60 C:\Users\CHRIST~1\AppData\Local\Temp\ccG1ZAJg.ltrans0.ltrans.o
                0x0000000000000dcc                z_arm_init_arch_hw_at_boot
 .text.z_prep_c
                0x0000000000000e2c      0x138 C:\Users\CHRIST~1\AppData\Local\Temp\ccG1ZAJg.ltrans0.ltrans.o
                0x0000000000000e2c                z_prep_c
 .text.SystemInit
                0x0000000000000f64      0x178 C:\Users\CHRIST~1\AppData\Local\Temp\ccG1ZAJg.ltrans0.ltrans.o
                0x0000000000000f64                SystemInit
 .text.z_SysNmiOnReset
                0x00000000000010dc        0x8 zephyr/arch/arch/arm/core/libarch__arm__core.a(nmi_on_reset.S.obj)
                0x00000000000010dc                z_SysNmiOnReset
 .text.__fault  0x00000000000010e4       0x14 zephyr/arch/arch/arm/core/cortex_m/libarch__arm__core__cortex_m.a(fault_s.S.obj)
                0x00000000000010e4                z_arm_usage_fault
                0x00000000000010e4                z_arm_mpu_fault
                0x00000000000010e4                z_arm_exc_spurious
                0x00000000000010e4                z_arm_debug_monitor
                0x00000000000010e4                z_arm_hard_fault
                0x00000000000010e4                z_arm_bus_fault
 .text._reset_section
                0x00000000000010f8       0x54 zephyr/arch/arch/arm/core/cortex_m/libarch__arm__core__cortex_m.a(reset.S.obj)
                0x00000000000010f8                __start
                0x00000000000010f8                z_arm_reset
 .text.z_arm_svc
                0x000000000000114c       0x24 zephyr/arch/arch/arm/core/cortex_m/libarch__arm__core__cortex_m.a(swap_helper.S.obj)
                0x000000000000114c                z_arm_svc
 .text.verify_context_ecdsa_verify_secp256r1
                0x0000000000001170       0x20 C:/ncs/v3.1.1/nrfxlib/crypto/nrf_cc310_bl/lib/cortex-m4/hard-float/no-interrupts/libnrf_cc310_bl_0.9.12.a(nrf_cc310_bl_ecdsa_verify_secp256r1.c.obj)
 .text.nrf_cc310_bl_ecdsa_verify_init_secp256r1
                0x0000000000001190       0x4c C:/ncs/v3.1.1/nrfxlib/crypto/nrf_cc310_bl/lib/cortex-m4/hard-float/no-interrupts/libnrf_cc310_bl_0.9.12.a(nrf_cc310_bl_ecdsa_verify_secp256r1.c.obj)
                0x0000000000001190                nrf_cc310_bl_ecdsa_verify_init_secp256r1
 .text.nrf_cc310_bl_ecdsa_verify_hash_secp256r1
                0x00000000000011dc      0x168 C:/ncs/v3.1.1/nrfxlib/crypto/nrf_cc310_bl/lib/cortex-m4/hard-float/no-interrupts/libnrf_cc310_bl_0.9.12.a(nrf_cc310_bl_ecdsa_verify_secp256r1.c.obj)
                0x00000000000011dc                nrf_cc310_bl_ecdsa_verify_hash_secp256r1
 .text.set_digest_in_hw_sha256
                0x0000000000001344       0x38 C:/ncs/v3.1.1/nrfxlib/crypto/nrf_cc310_bl/lib/cortex-m4/hard-float/no-interrupts/libnrf_cc310_bl_0.9.12.a(nrf_cc310_bl_hash_sha256.c.obj)
 .text.read_digest_in_hw_sha256
                0x000000000000137c       0x54 C:/ncs/v3.1.1/nrfxlib/crypto/nrf_cc310_bl/lib/cortex-m4/hard-float/no-interrupts/libnrf_cc310_bl_0.9.12.a(nrf_cc310_bl_hash_sha256.c.obj)
 .text.verify_context_hash_sha256
                0x00000000000013d0       0x20 C:/ncs/v3.1.1/nrfxlib/crypto/nrf_cc310_bl/lib/cortex-m4/hard-float/no-interrupts/libnrf_cc310_bl_0.9.12.a(nrf_cc310_bl_hash_sha256.c.obj)
 .text.nrf_cc310_bl_hash_sha256_init
                0x00000000000013f0       0x34 C:/ncs/v3.1.1/nrfxlib/crypto/nrf_cc310_bl/lib/cortex-m4/hard-float/no-interrupts/libnrf_cc310_bl_0.9.12.a(nrf_cc310_bl_hash_sha256.c.obj)
                0x00000000000013f0                nrf_cc310_bl_hash_sha256_init
 .text.nrf_cc310_bl_hash_sha256_update
                0x0000000000001424       0xb0 C:/ncs/v3.1.1/nrfxlib/crypto/nrf_cc310_bl/lib/cortex-m4/hard-float/no-interrupts/libnrf_cc310_bl_0.9.12.a(nrf_cc310_bl_hash_sha256.c.obj)
                0x0000000000001424                nrf_cc310_bl_hash_sha256_update
 .text.nrf_cc310_bl_hash_sha256_finalize
                0x00000000000014d4       0x60 C:/ncs/v3.1.1/nrfxlib/crypto/nrf_cc310_bl/lib/cortex-m4/hard-float/no-interrupts/libnrf_cc310_bl_0.9.12.a(nrf_cc310_bl_hash_sha256.c.obj)
                0x00000000000014d4                nrf_cc310_bl_hash_sha256_finalize
 .text.nrf_cc310_bl_init
                0x0000000000001534       0x34 C:/ncs/v3.1.1/nrfxlib/crypto/nrf_cc310_bl/lib/cortex-m4/hard-float/no-interrupts/libnrf_cc310_bl_0.9.12.a(nrf_cc310_bl_init.c.obj)
                0x0000000000001534                nrf_cc310_bl_init
 .text.PkaSetRegsMapTab
                0x0000000000001568       0x48 C:/ncs/v3.1.1/nrfxlib/crypto/nrf_cc310_bl/lib/cortex-m4/hard-float/no-interrupts/libnrf_cc310_bl_0.9.12.a(pka.c.obj)
                0x0000000000001568                PkaSetRegsMapTab
 .text.PkaGetRegEffectiveSizeInBits
                0x00000000000015b0       0x8c C:/ncs/v3.1.1/nrfxlib/crypto/nrf_cc310_bl/lib/cortex-m4/hard-float/no-interrupts/libnrf_cc310_bl_0.9.12.a(pka.c.obj)
                0x00000000000015b0                PkaGetRegEffectiveSizeInBits
 .text.PkaGetNextMsBit
                0x000000000000163c       0x74 C:/ncs/v3.1.1/nrfxlib/crypto/nrf_cc310_bl/lib/cortex-m4/hard-float/no-interrupts/libnrf_cc310_bl_0.9.12.a(pka.c.obj)
                0x000000000000163c                PkaGetNextMsBit
 .text.PkaSetRegsSizesTab
                0x00000000000016b0       0x3c C:/ncs/v3.1.1/nrfxlib/crypto/nrf_cc310_bl/lib/cortex-m4/hard-float/no-interrupts/libnrf_cc310_bl_0.9.12.a(pka.c.obj)
                0x00000000000016b0                PkaSetRegsSizesTab
 .text.PkaInitPka
                0x00000000000016ec       0x74 C:/ncs/v3.1.1/nrfxlib/crypto/nrf_cc310_bl/lib/cortex-m4/hard-float/no-interrupts/libnrf_cc310_bl_0.9.12.a(pka.c.obj)
                0x00000000000016ec                PkaInitPka
 .text.PkaClearBlockOfRegs
                0x0000000000001760      0x130 C:/ncs/v3.1.1/nrfxlib/crypto/nrf_cc310_bl/lib/cortex-m4/hard-float/no-interrupts/libnrf_cc310_bl_0.9.12.a(pka.c.obj)
                0x0000000000001760                PkaClearBlockOfRegs
 .text.PkaFinishAndMutexUnlock
                0x0000000000001890       0x24 C:/ncs/v3.1.1/nrfxlib/crypto/nrf_cc310_bl/lib/cortex-m4/hard-float/no-interrupts/libnrf_cc310_bl_0.9.12.a(pka.c.obj)
                0x0000000000001890                PkaFinishAndMutexUnlock
 .text.PkaCopyDataIntoPkaReg
                0x00000000000018b4       0xb8 C:/ncs/v3.1.1/nrfxlib/crypto/nrf_cc310_bl/lib/cortex-m4/hard-float/no-interrupts/libnrf_cc310_bl_0.9.12.a(pka.c.obj)
                0x00000000000018b4                PkaCopyDataIntoPkaReg
 .text.PkaEcdsaVerify
                0x000000000000196c      0x284 C:/ncs/v3.1.1/nrfxlib/crypto/nrf_cc310_bl/lib/cortex-m4/hard-float/no-interrupts/libnrf_cc310_bl_0.9.12.a(pka_ec_wrst_dsa_verify.c.obj)
                0x000000000000196c                PkaEcdsaVerify
 .text.nrf_cc310_bl_hash_update_internal
                0x0000000000001bf0       0xf0 C:/ncs/v3.1.1/nrfxlib/crypto/nrf_cc310_bl/lib/cortex-m4/hard-float/no-interrupts/libnrf_cc310_bl_0.9.12.a(nrf_cc310_bl_hash.c.obj)
                0x0000000000001bf0                nrf_cc310_bl_hash_update_internal
 .text.PkaDoubleMdf2Mdf
                0x0000000000001ce0      0x1ac C:/ncs/v3.1.1/nrfxlib/crypto/nrf_cc310_bl/lib/cortex-m4/hard-float/no-interrupts/libnrf_cc310_bl_0.9.12.a(pka_ec_wrst.c.obj)
                0x0000000000001ce0                PkaDoubleMdf2Mdf
 .text.PkaDoubleMdf2Jcb
                0x0000000000001e8c      0x178 C:/ncs/v3.1.1/nrfxlib/crypto/nrf_cc310_bl/lib/cortex-m4/hard-float/no-interrupts/libnrf_cc310_bl_0.9.12.a(pka_ec_wrst.c.obj)
                0x0000000000001e8c                PkaDoubleMdf2Jcb
 .text.PkaAddJcbAfn2Mdf
                0x0000000000002004      0x194 C:/ncs/v3.1.1/nrfxlib/crypto/nrf_cc310_bl/lib/cortex-m4/hard-float/no-interrupts/libnrf_cc310_bl_0.9.12.a(pka_ec_wrst.c.obj)
                0x0000000000002004                PkaAddJcbAfn2Mdf
 .text.PkaJcb2Afn
                0x0000000000002198       0xb0 C:/ncs/v3.1.1/nrfxlib/crypto/nrf_cc310_bl/lib/cortex-m4/hard-float/no-interrupts/libnrf_cc310_bl_0.9.12.a(pka_ec_wrst.c.obj)
                0x0000000000002198                PkaJcb2Afn
 .text.PkaAddAff
                0x0000000000002248      0x114 C:/ncs/v3.1.1/nrfxlib/crypto/nrf_cc310_bl/lib/cortex-m4/hard-float/no-interrupts/libnrf_cc310_bl_0.9.12.a(pka_ec_wrst.c.obj)
                0x0000000000002248                PkaAddAff
 .text.PkaSum2ScalarMullt
                0x000000000000235c      0x1e4 C:/ncs/v3.1.1/nrfxlib/crypto/nrf_cc310_bl/lib/cortex-m4/hard-float/no-interrupts/libnrf_cc310_bl_0.9.12.a(pka_ec_wrst.c.obj)
                0x000000000000235c                PkaSum2ScalarMullt
 .text.SaSi_HalClearInterruptBit
                0x0000000000002540        0xc C:/ncs/v3.1.1/nrfxlib/crypto/nrf_cc310_bl/lib/cortex-m4/hard-float/no-interrupts/libnrf_cc310_bl_0.9.12.a(ssi_hal.c.obj)
                0x0000000000002540                SaSi_HalClearInterruptBit
 .text.SaSi_HalMaskInterrupt
                0x000000000000254c        0xc C:/ncs/v3.1.1/nrfxlib/crypto/nrf_cc310_bl/lib/cortex-m4/hard-float/no-interrupts/libnrf_cc310_bl_0.9.12.a(ssi_hal.c.obj)
                0x000000000000254c                SaSi_HalMaskInterrupt
 .text.SaSi_HalWaitInterrupt
                0x0000000000002558       0x18 C:/ncs/v3.1.1/nrfxlib/crypto/nrf_cc310_bl/lib/cortex-m4/hard-float/no-interrupts/libnrf_cc310_bl_0.9.12.a(ssi_hal.c.obj)
                0x0000000000002558                SaSi_HalWaitInterrupt
 .text.nrf_cc3xx_platform_init_no_rng
                0x0000000000002570       0x38 C:/ncs/v3.1.1/nrfxlib/crypto/nrf_cc310_platform/lib/cortex-m4/hard-float/no-interrupts/libnrf_cc310_platform_0.9.19.a(nrf_cc3xx_platform.c.obj)
                0x0000000000002570                nrf_cc3xx_platform_init_no_rng
 .text.nrf_cc3xx_platform_abort
                0x00000000000025a8       0x24 C:/ncs/v3.1.1/nrfxlib/crypto/nrf_cc310_platform/lib/cortex-m4/hard-float/no-interrupts/libnrf_cc310_platform_0.9.19.a(nrf_cc3xx_platform_abort.c.obj)
 .text.CC_PalAbort
                0x00000000000025cc       0x38 C:/ncs/v3.1.1/nrfxlib/crypto/nrf_cc310_platform/lib/cortex-m4/hard-float/no-interrupts/libnrf_cc310_platform_0.9.19.a(nrf_cc3xx_platform_abort.c.obj)
                0x00000000000025cc                CC_PalAbort
 .text.nrf_cc3xx_platform_set_abort
                0x0000000000002604       0x10 C:/ncs/v3.1.1/nrfxlib/crypto/nrf_cc310_platform/lib/cortex-m4/hard-float/no-interrupts/libnrf_cc310_platform_0.9.19.a(nrf_cc3xx_platform_abort.c.obj)
                0x0000000000002604                nrf_cc3xx_platform_set_abort
 .text.CC_LibInitNoRng
                0x0000000000002614       0x64 C:/ncs/v3.1.1/nrfxlib/crypto/nrf_cc310_platform/lib/cortex-m4/hard-float/no-interrupts/libnrf_cc310_platform_0.9.19.a(cc_lib.c.obj)
                0x0000000000002614                CC_LibInitNoRng
 .text.CC_HalInit
                0x0000000000002678        0x4 C:/ncs/v3.1.1/nrfxlib/crypto/nrf_cc310_platform/lib/cortex-m4/hard-float/no-interrupts/libnrf_cc310_platform_0.9.19.a(cc_hal.c.obj)
                0x0000000000002678                CC_HalInit
 .text.CC_HalTerminate
                0x000000000000267c        0x4 C:/ncs/v3.1.1/nrfxlib/crypto/nrf_cc310_platform/lib/cortex-m4/hard-float/no-interrupts/libnrf_cc310_platform_0.9.19.a(cc_hal.c.obj)
                0x000000000000267c                CC_HalTerminate
 .text.CC_HalMaskInterrupt
                0x0000000000002680        0xc C:/ncs/v3.1.1/nrfxlib/crypto/nrf_cc310_platform/lib/cortex-m4/hard-float/no-interrupts/libnrf_cc310_platform_0.9.19.a(cc_hal.c.obj)
                0x0000000000002680                CC_HalMaskInterrupt
 .text.CC_PalInit
                0x000000000000268c       0x5c C:/ncs/v3.1.1/nrfxlib/crypto/nrf_cc310_platform/lib/cortex-m4/hard-float/no-interrupts/libnrf_cc310_platform_0.9.19.a(cc_pal.c.obj)
                0x000000000000268c                CC_PalInit
 .text.CC_PalTerminate
                0x00000000000026e8       0x34 C:/ncs/v3.1.1/nrfxlib/crypto/nrf_cc310_platform/lib/cortex-m4/hard-float/no-interrupts/libnrf_cc310_platform_0.9.19.a(cc_pal.c.obj)
                0x00000000000026e8                CC_PalTerminate
 .text.CC_PalDmaInit
                0x000000000000271c        0x4 C:/ncs/v3.1.1/nrfxlib/crypto/nrf_cc310_platform/lib/cortex-m4/hard-float/no-interrupts/libnrf_cc310_platform_0.9.19.a(cc_pal_dma.c.obj)
                0x000000000000271c                CC_PalDmaInit
 .text.CC_PalDmaTerminate
                0x0000000000002720        0x4 C:/ncs/v3.1.1/nrfxlib/crypto/nrf_cc310_platform/lib/cortex-m4/hard-float/no-interrupts/libnrf_cc310_platform_0.9.19.a(cc_pal_dma.c.obj)
                0x0000000000002720                CC_PalDmaTerminate
 .text.CC_PalMutexCreate
                0x0000000000002724       0x14 C:/ncs/v3.1.1/nrfxlib/crypto/nrf_cc310_platform/lib/cortex-m4/hard-float/no-interrupts/libnrf_cc310_platform_0.9.19.a(cc_pal_mutex.c.obj)
                0x0000000000002724                CC_PalMutexCreate
 .text.CC_PalMutexDestroy
                0x0000000000002738       0x14 C:/ncs/v3.1.1/nrfxlib/crypto/nrf_cc310_platform/lib/cortex-m4/hard-float/no-interrupts/libnrf_cc310_platform_0.9.19.a(cc_pal_mutex.c.obj)
                0x0000000000002738                CC_PalMutexDestroy
 .text.CC_PalPowerSaveModeInit
                0x000000000000274c       0x3c C:/ncs/v3.1.1/nrfxlib/crypto/nrf_cc310_platform/lib/cortex-m4/hard-float/no-interrupts/libnrf_cc310_platform_0.9.19.a(cc_pal_pm.c.obj)
                0x000000000000274c                CC_PalPowerSaveModeInit
 .text.CC_PalPowerSaveModeSelect
                0x0000000000002788       0x84 C:/ncs/v3.1.1/nrfxlib/crypto/nrf_cc310_platform/lib/cortex-m4/hard-float/no-interrupts/libnrf_cc310_platform_0.9.19.a(cc_pal_pm.c.obj)
                0x0000000000002788                CC_PalPowerSaveModeSelect
 .text.mutex_free
                0x000000000000280c       0x34 C:/ncs/v3.1.1/nrfxlib/crypto/nrf_cc310_platform/lib/cortex-m4/hard-float/no-interrupts/libnrf_cc310_platform_0.9.19.a(nrf_cc3xx_platform_mutex.c.obj)
 .text.mutex_lock
                0x0000000000002840       0x48 C:/ncs/v3.1.1/nrfxlib/crypto/nrf_cc310_platform/lib/cortex-m4/hard-float/no-interrupts/libnrf_cc310_platform_0.9.19.a(nrf_cc3xx_platform_mutex.c.obj)
 .text.mutex_unlock
                0x0000000000002888       0x38 C:/ncs/v3.1.1/nrfxlib/crypto/nrf_cc310_platform/lib/cortex-m4/hard-float/no-interrupts/libnrf_cc310_platform_0.9.19.a(nrf_cc3xx_platform_mutex.c.obj)
 .text.mutex_init
                0x00000000000028c0       0x20 C:/ncs/v3.1.1/nrfxlib/crypto/nrf_cc310_platform/lib/cortex-m4/hard-float/no-interrupts/libnrf_cc310_platform_0.9.19.a(nrf_cc3xx_platform_mutex.c.obj)
 .text.abort_function
                0x00000000000028e0        0x2 C:\Users\CHRIST~1\AppData\Local\Temp\ccG1ZAJg.ltrans0.ltrans.o
 .text.z_arm_fatal_error
                0x00000000000028e2       0x24 C:\Users\CHRIST~1\AppData\Local\Temp\ccG1ZAJg.ltrans0.ltrans.o
 .text.z_irq_spurious
                0x0000000000002906        0xa C:\Users\CHRIST~1\AppData\Local\Temp\ccG1ZAJg.ltrans0.ltrans.o
 .text.nrfx_nvmc_otp_halfword_read
                0x0000000000002910       0x10 C:\Users\CHRIST~1\AppData\Local\Temp\ccG1ZAJg.ltrans0.ltrans.o
 .text.get_counter_struct.constprop.0
                0x0000000000002920       0x4e C:\Users\CHRIST~1\AppData\Local\Temp\ccG1ZAJg.ltrans0.ltrans.o
 .text.get_counter.constprop.0
                0x000000000000296e       0x54 C:\Users\CHRIST~1\AppData\Local\Temp\ccG1ZAJg.ltrans0.ltrans.o
 .text.bl_root_of_trust_verify
                0x00000000000029c2       0x12 C:\Users\CHRIST~1\AppData\Local\Temp\ccG1ZAJg.ltrans0.ltrans.o
 .text.hw_cc3xx_init_internal
                0x00000000000029d4        0x4 C:\Users\CHRIST~1\AppData\Local\Temp\ccG1ZAJg.ltrans0.ltrans.o
 .text._ConfigAbsSyms
                0x00000000000029d8        0x2 C:\Users\CHRIST~1\AppData\Local\Temp\ccG1ZAJg.ltrans0.ltrans.o
                0x00000000000029d8                _ConfigAbsSyms
 .text.z_do_kernel_oops
                0x00000000000029da        0xa C:\Users\CHRIST~1\AppData\Local\Temp\ccG1ZAJg.ltrans0.ltrans.o
                0x00000000000029da                z_do_kernel_oops
 .text.z_arm_nmi
                0x00000000000029e4        0x4 C:\Users\CHRIST~1\AppData\Local\Temp\ccG1ZAJg.ltrans0.ltrans.o
                0x00000000000029e4                z_arm_nmi
 .text.arch_irq_unlock_outlined
                0x00000000000029e8        0xe C:\Users\CHRIST~1\AppData\Local\Temp\ccG1ZAJg.ltrans0.ltrans.o
                0x00000000000029e8                arch_irq_unlock_outlined
 .text.arch_irq_lock_outlined
                0x00000000000029f6       0x10 C:\Users\CHRIST~1\AppData\Local\Temp\ccG1ZAJg.ltrans0.ltrans.o
                0x00000000000029f6                arch_irq_lock_outlined
 .text._OffsetAbsSyms
                0x0000000000002a06        0x2 zephyr/CMakeFiles/offsets.dir/./arch/arm/core/offsets/offsets.c.obj
                0x0000000000002a06                _OffsetAbsSyms
 .text.memcmp   0x0000000000002a08       0x20 zephyr/lib/libc/minimal/liblib__libc__minimal.a(string.c.obj)
                0x0000000000002a08                memcmp
 .text.memcpy   0x0000000000002a28       0x16 zephyr/lib/libc/minimal/liblib__libc__minimal.a(string.c.obj)
                0x0000000000002a28                memcpy
 .text.memset   0x0000000000002a3e       0x12 zephyr/lib/libc/minimal/liblib__libc__minimal.a(string.c.obj)
                0x0000000000002a3e                memset
 .text.nrf_cc310_bl_ecdsa_verify_secp256r1
                0x0000000000002a50       0x26 C:/ncs/v3.1.1/nrfxlib/crypto/nrf_cc310_bl/lib/cortex-m4/hard-float/no-interrupts/libnrf_cc310_bl_0.9.12.a(nrf_cc310_bl_ecdsa_verify_secp256r1.c.obj)
                0x0000000000002a50                nrf_cc310_bl_ecdsa_verify_secp256r1
 .text.PkaInitAndMutexLock
                0x0000000000002a76        0x8 C:/ncs/v3.1.1/nrfxlib/crypto/nrf_cc310_bl/lib/cortex-m4/hard-float/no-interrupts/libnrf_cc310_bl_0.9.12.a(pka.c.obj)
                0x0000000000002a76                PkaInitAndMutexLock
 .text.SaSi_PalMemCopy
                0x0000000000002a7e        0x4 C:/ncs/v3.1.1/nrfxlib/crypto/nrf_cc310_bl/lib/cortex-m4/hard-float/no-interrupts/libnrf_cc310_bl_0.9.12.a(ssi_pal_mem.c.obj)
                0x0000000000002a7e                SaSi_PalMemCopy
 .text.SaSi_PalMemSet
                0x0000000000002a82        0x4 C:/ncs/v3.1.1/nrfxlib/crypto/nrf_cc310_bl/lib/cortex-m4/hard-float/no-interrupts/libnrf_cc310_bl_0.9.12.a(ssi_pal_mem.c.obj)
                0x0000000000002a82                SaSi_PalMemSet
 .text.SaSi_PalMemSetZero
                0x0000000000002a86        0x8 C:/ncs/v3.1.1/nrfxlib/crypto/nrf_cc310_bl/lib/cortex-m4/hard-float/no-interrupts/libnrf_cc310_bl_0.9.12.a(ssi_pal_mem.c.obj)
                0x0000000000002a86                SaSi_PalMemSetZero
 .text.CRYS_COMMON_ReverseMemcpy32
                0x0000000000002a8e       0x1a C:/ncs/v3.1.1/nrfxlib/crypto/nrf_cc310_bl/lib/cortex-m4/hard-float/no-interrupts/libnrf_cc310_bl_0.9.12.a(crys_common_conv_endian.c.obj)
                0x0000000000002a8e                CRYS_COMMON_ReverseMemcpy32
 *(SORT_BY_ALIGNMENT(.TEXT.*))
 *(SORT_BY_ALIGNMENT(.gnu.linkonce.t.*))
 *(SORT_BY_ALIGNMENT(.glue_7t))
 .glue_7t       0x0000000000002aa8        0x0 linker stubs
 *(SORT_BY_ALIGNMENT(.glue_7))
 .glue_7        0x0000000000002aa8        0x0 linker stubs
 *(SORT_BY_ALIGNMENT(.vfp11_veneer))
 .vfp11_veneer  0x0000000000002aa8        0x0 linker stubs
 *(SORT_BY_ALIGNMENT(.v4_bx))
 .v4_bx         0x0000000000002aa8        0x0 linker stubs
                0x0000000000002aa8                . = ALIGN (0x4)
                0x0000000000002aa8                __text_region_end = .

.ARM.exidx      0x0000000000002aa8        0x0
                0x0000000000002aa8                __exidx_start = .
 *(SORT_BY_ALIGNMENT(.ARM.exidx*) SORT_BY_ALIGNMENT(gnu.linkonce.armexidx.*))
                0x0000000000002aa8                __exidx_end = .
                0x0000000000002aa8                __rodata_region_start = .

initlevel       0x0000000000002aa8       0x20
                0x0000000000002aa8                __init_start = .
                0x0000000000002aa8                __init_EARLY_start = .
 *(SORT_BY_NAME(SORT_BY_ALIGNMENT(.z_init_EARLY_P_?_*)))
 *(SORT_BY_NAME(SORT_BY_ALIGNMENT(.z_init_EARLY_P_??_*)))
 *(SORT_BY_NAME(SORT_BY_ALIGNMENT(.z_init_EARLY_P_???_*)))
                0x0000000000002aa8                __init_PRE_KERNEL_1_start = .
 *(SORT_BY_NAME(SORT_BY_ALIGNMENT(.z_init_PRE_KERNEL_1_P_?_*)))
 .z_init_PRE_KERNEL_1_P_0_SUB_0_
                0x0000000000002aa8        0x8 C:\Users\CHRIST~1\AppData\Local\Temp\ccG1ZAJg.ltrans0.ltrans.o
 *(SORT_BY_NAME(SORT_BY_ALIGNMENT(.z_init_PRE_KERNEL_1_P_??_*)))
 .z_init_PRE_KERNEL_1_P_40_SUB_0_
                0x0000000000002ab0        0x8 C:\Users\CHRIST~1\AppData\Local\Temp\ccG1ZAJg.ltrans0.ltrans.o
 *(SORT_BY_NAME(SORT_BY_ALIGNMENT(.z_init_PRE_KERNEL_1_P_???_*)))
                0x0000000000002ab8                __init_PRE_KERNEL_2_start = .
 *(SORT_BY_NAME(SORT_BY_ALIGNMENT(.z_init_PRE_KERNEL_2_P_?_*)))
 *(SORT_BY_NAME(SORT_BY_ALIGNMENT(.z_init_PRE_KERNEL_2_P_??_*)))
 *(SORT_BY_NAME(SORT_BY_ALIGNMENT(.z_init_PRE_KERNEL_2_P_???_*)))
                0x0000000000002ab8                __init_POST_KERNEL_start = .
 *(SORT_BY_NAME(SORT_BY_ALIGNMENT(.z_init_POST_KERNEL_P_?_*)))
 *(SORT_BY_NAME(SORT_BY_ALIGNMENT(.z_init_POST_KERNEL_P_??_*)))
 .z_init_POST_KERNEL_P_40_SUB_0_
                0x0000000000002ab8        0x8 C:\Users\CHRIST~1\AppData\Local\Temp\ccG1ZAJg.ltrans0.ltrans.o
 .z_init_POST_KERNEL_P_90_SUB_0_
                0x0000000000002ac0        0x8 C:\Users\CHRIST~1\AppData\Local\Temp\ccG1ZAJg.ltrans0.ltrans.o
 *(SORT_BY_NAME(SORT_BY_ALIGNMENT(.z_init_POST_KERNEL_P_???_*)))
                0x0000000000002ac8                __init_APPLICATION_start = .
 *(SORT_BY_NAME(SORT_BY_ALIGNMENT(.z_init_APPLICATION_P_?_*)))
 *(SORT_BY_NAME(SORT_BY_ALIGNMENT(.z_init_APPLICATION_P_??_*)))
 *(SORT_BY_NAME(SORT_BY_ALIGNMENT(.z_init_APPLICATION_P_???_*)))
                0x0000000000002ac8                __init_SMP_start = .
 *(SORT_BY_NAME(SORT_BY_ALIGNMENT(.z_init_SMP_P_?_*)))
 *(SORT_BY_NAME(SORT_BY_ALIGNMENT(.z_init_SMP_P_??_*)))
 *(SORT_BY_NAME(SORT_BY_ALIGNMENT(.z_init_SMP_P_???_*)))
                0x0000000000002ac8                __init_end = .

device_area     0x0000000000002ac8        0x0
                0x0000000000002ac8                _device_list_start = .
 *(SORT_BY_NAME(SORT_BY_ALIGNMENT(._device.static.*_?_*)))
 *(SORT_BY_NAME(SORT_BY_ALIGNMENT(._device.static.*_??_*)))
 *(SORT_BY_NAME(SORT_BY_ALIGNMENT(._device.static.*_???_*)))
 *(SORT_BY_NAME(SORT_BY_ALIGNMENT(._device.static.*_????_*)))
 *(SORT_BY_NAME(SORT_BY_ALIGNMENT(._device.static.*_?????_*)))
                0x0000000000002ac8                _device_list_end = .

sw_isr_table    0x0000000000002ac8        0x0
                0x0000000000002ac8                . = ALIGN (0x4)
 *(SORT_BY_ALIGNMENT(.gnu.linkonce.sw_isr_table*))

initlevel_error
                0x0000000000002aa8        0x0
 *(SORT_BY_NAME(SORT_BY_ALIGNMENT(.z_init_*)))
                0x0000000000000001                ASSERT ((SIZEOF (initlevel_error) == 0x0), Undefined initialization levels used.)

app_shmem_regions
                0x0000000000002ac8        0x0
                0x0000000000002ac8                __app_shmem_regions_start = .
 *(SORT_BY_NAME(SORT_BY_ALIGNMENT(.app_regions.*)))
                0x0000000000002ac8                __app_shmem_regions_end = .

k_p4wq_initparam_area
                0x0000000000002ac8        0x0
                0x0000000000002ac8                _k_p4wq_initparam_list_start = .
 *(SORT_BY_NAME(SORT_BY_ALIGNMENT(._k_p4wq_initparam.static.*)))
                0x0000000000002ac8                _k_p4wq_initparam_list_end = .

_static_thread_data_area
                0x0000000000002ac8        0x0
                0x0000000000002ac8                __static_thread_data_list_start = .
 *(SORT_BY_NAME(SORT_BY_ALIGNMENT(.__static_thread_data.static.*)))
                0x0000000000002ac8                __static_thread_data_list_end = .

device_deps     0x0000000000002ac8        0x0
                0x0000000000002ac8                __device_deps_start = .
 *(SORT_BY_NAME(SORT_BY_ALIGNMENT(.__device_deps_pass2*)))
                0x0000000000002ac8                __device_deps_end = .

shared_irq_driver_api_area
                0x0000000000002ac8        0x0
                0x0000000000002ac8                _shared_irq_driver_api_list_start = .
 *(SORT_BY_NAME(SORT_BY_ALIGNMENT(._shared_irq_driver_api.static.*)))
                0x0000000000002ac8                _shared_irq_driver_api_list_end = .

crypto_driver_api_area
                0x0000000000002ac8        0x0
                0x0000000000002ac8                _crypto_driver_api_list_start = .
 *(SORT_BY_NAME(SORT_BY_ALIGNMENT(._crypto_driver_api.static.*)))
                0x0000000000002ac8                _crypto_driver_api_list_end = .

adc_driver_api_area
                0x0000000000002ac8        0x0
                0x0000000000002ac8                _adc_driver_api_list_start = .
 *(SORT_BY_NAME(SORT_BY_ALIGNMENT(._adc_driver_api.static.*)))
                0x0000000000002ac8                _adc_driver_api_list_end = .

auxdisplay_driver_api_area
                0x0000000000002ac8        0x0
                0x0000000000002ac8                _auxdisplay_driver_api_list_start = .
 *(SORT_BY_NAME(SORT_BY_ALIGNMENT(._auxdisplay_driver_api.static.*)))
                0x0000000000002ac8                _auxdisplay_driver_api_list_end = .

bbram_driver_api_area
                0x0000000000002ac8        0x0
                0x0000000000002ac8                _bbram_driver_api_list_start = .
 *(SORT_BY_NAME(SORT_BY_ALIGNMENT(._bbram_driver_api.static.*)))
                0x0000000000002ac8                _bbram_driver_api_list_end = .

bt_hci_driver_api_area
                0x0000000000002ac8        0x0
                0x0000000000002ac8                _bt_hci_driver_api_list_start = .
 *(SORT_BY_NAME(SORT_BY_ALIGNMENT(._bt_hci_driver_api.static.*)))
                0x0000000000002ac8                _bt_hci_driver_api_list_end = .

can_driver_api_area
                0x0000000000002ac8        0x0
                0x0000000000002ac8                _can_driver_api_list_start = .
 *(SORT_BY_NAME(SORT_BY_ALIGNMENT(._can_driver_api.static.*)))
                0x0000000000002ac8                _can_driver_api_list_end = .

cellular_driver_api_area
                0x0000000000002ac8        0x0
                0x0000000000002ac8                _cellular_driver_api_list_start = .
 *(SORT_BY_NAME(SORT_BY_ALIGNMENT(._cellular_driver_api.static.*)))
                0x0000000000002ac8                _cellular_driver_api_list_end = .

charger_driver_api_area
                0x0000000000002ac8        0x0
                0x0000000000002ac8                _charger_driver_api_list_start = .
 *(SORT_BY_NAME(SORT_BY_ALIGNMENT(._charger_driver_api.static.*)))
                0x0000000000002ac8                _charger_driver_api_list_end = .

clock_control_driver_api_area
                0x0000000000002ac8        0x0
                0x0000000000002ac8                _clock_control_driver_api_list_start = .
 *(SORT_BY_NAME(SORT_BY_ALIGNMENT(._clock_control_driver_api.static.*)))
                0x0000000000002ac8                _clock_control_driver_api_list_end = .

comparator_driver_api_area
                0x0000000000002ac8        0x0
                0x0000000000002ac8                _comparator_driver_api_list_start = .
 *(SORT_BY_NAME(SORT_BY_ALIGNMENT(._comparator_driver_api.static.*)))
                0x0000000000002ac8                _comparator_driver_api_list_end = .

coredump_driver_api_area
                0x0000000000002ac8        0x0
                0x0000000000002ac8                _coredump_driver_api_list_start = .
 *(SORT_BY_NAME(SORT_BY_ALIGNMENT(._coredump_driver_api.static.*)))
                0x0000000000002ac8                _coredump_driver_api_list_end = .

counter_driver_api_area
                0x0000000000002ac8        0x0
                0x0000000000002ac8                _counter_driver_api_list_start = .
 *(SORT_BY_NAME(SORT_BY_ALIGNMENT(._counter_driver_api.static.*)))
                0x0000000000002ac8                _counter_driver_api_list_end = .

dac_driver_api_area
                0x0000000000002ac8        0x0
                0x0000000000002ac8                _dac_driver_api_list_start = .
 *(SORT_BY_NAME(SORT_BY_ALIGNMENT(._dac_driver_api.static.*)))
                0x0000000000002ac8                _dac_driver_api_list_end = .

dai_driver_api_area
                0x0000000000002ac8        0x0
                0x0000000000002ac8                _dai_driver_api_list_start = .
 *(SORT_BY_NAME(SORT_BY_ALIGNMENT(._dai_driver_api.static.*)))
                0x0000000000002ac8                _dai_driver_api_list_end = .

display_driver_api_area
                0x0000000000002ac8        0x0
                0x0000000000002ac8                _display_driver_api_list_start = .
 *(SORT_BY_NAME(SORT_BY_ALIGNMENT(._display_driver_api.static.*)))
                0x0000000000002ac8                _display_driver_api_list_end = .

dma_driver_api_area
                0x0000000000002ac8        0x0
                0x0000000000002ac8                _dma_driver_api_list_start = .
 *(SORT_BY_NAME(SORT_BY_ALIGNMENT(._dma_driver_api.static.*)))
                0x0000000000002ac8                _dma_driver_api_list_end = .

edac_driver_api_area
                0x0000000000002ac8        0x0
                0x0000000000002ac8                _edac_driver_api_list_start = .
 *(SORT_BY_NAME(SORT_BY_ALIGNMENT(._edac_driver_api.static.*)))
                0x0000000000002ac8                _edac_driver_api_list_end = .

eeprom_driver_api_area
                0x0000000000002ac8        0x0
                0x0000000000002ac8                _eeprom_driver_api_list_start = .
 *(SORT_BY_NAME(SORT_BY_ALIGNMENT(._eeprom_driver_api.static.*)))
                0x0000000000002ac8                _eeprom_driver_api_list_end = .

emul_bbram_driver_api_area
                0x0000000000002ac8        0x0
                0x0000000000002ac8                _emul_bbram_driver_api_list_start = .
 *(SORT_BY_NAME(SORT_BY_ALIGNMENT(._emul_bbram_driver_api.static.*)))
                0x0000000000002ac8                _emul_bbram_driver_api_list_end = .

fuel_gauge_emul_driver_api_area
                0x0000000000002ac8        0x0
                0x0000000000002ac8                _fuel_gauge_emul_driver_api_list_start = .
 *(SORT_BY_NAME(SORT_BY_ALIGNMENT(._fuel_gauge_emul_driver_api.static.*)))
                0x0000000000002ac8                _fuel_gauge_emul_driver_api_list_end = .

emul_sensor_driver_api_area
                0x0000000000002ac8        0x0
                0x0000000000002ac8                _emul_sensor_driver_api_list_start = .
 *(SORT_BY_NAME(SORT_BY_ALIGNMENT(._emul_sensor_driver_api.static.*)))
                0x0000000000002ac8                _emul_sensor_driver_api_list_end = .

entropy_driver_api_area
                0x0000000000002ac8        0x0
                0x0000000000002ac8                _entropy_driver_api_list_start = .
 *(SORT_BY_NAME(SORT_BY_ALIGNMENT(._entropy_driver_api.static.*)))
                0x0000000000002ac8                _entropy_driver_api_list_end = .

espi_driver_api_area
                0x0000000000002ac8        0x0
                0x0000000000002ac8                _espi_driver_api_list_start = .
 *(SORT_BY_NAME(SORT_BY_ALIGNMENT(._espi_driver_api.static.*)))
                0x0000000000002ac8                _espi_driver_api_list_end = .

espi_saf_driver_api_area
                0x0000000000002ac8        0x0
                0x0000000000002ac8                _espi_saf_driver_api_list_start = .
 *(SORT_BY_NAME(SORT_BY_ALIGNMENT(._espi_saf_driver_api.static.*)))
                0x0000000000002ac8                _espi_saf_driver_api_list_end = .

flash_driver_api_area
                0x0000000000002ac8        0x0
                0x0000000000002ac8                _flash_driver_api_list_start = .
 *(SORT_BY_NAME(SORT_BY_ALIGNMENT(._flash_driver_api.static.*)))
                0x0000000000002ac8                _flash_driver_api_list_end = .

fpga_driver_api_area
                0x0000000000002ac8        0x0
                0x0000000000002ac8                _fpga_driver_api_list_start = .
 *(SORT_BY_NAME(SORT_BY_ALIGNMENT(._fpga_driver_api.static.*)))
                0x0000000000002ac8                _fpga_driver_api_list_end = .

fuel_gauge_driver_api_area
                0x0000000000002ac8        0x0
                0x0000000000002ac8                _fuel_gauge_driver_api_list_start = .
 *(SORT_BY_NAME(SORT_BY_ALIGNMENT(._fuel_gauge_driver_api.static.*)))
                0x0000000000002ac8                _fuel_gauge_driver_api_list_end = .

gnss_driver_api_area
                0x0000000000002ac8        0x0
                0x0000000000002ac8                _gnss_driver_api_list_start = .
 *(SORT_BY_NAME(SORT_BY_ALIGNMENT(._gnss_driver_api.static.*)))
                0x0000000000002ac8                _gnss_driver_api_list_end = .

gpio_driver_api_area
                0x0000000000002ac8        0x0
                0x0000000000002ac8                _gpio_driver_api_list_start = .
 *(SORT_BY_NAME(SORT_BY_ALIGNMENT(._gpio_driver_api.static.*)))
                0x0000000000002ac8                _gpio_driver_api_list_end = .

haptics_driver_api_area
                0x0000000000002ac8        0x0
                0x0000000000002ac8                _haptics_driver_api_list_start = .
 *(SORT_BY_NAME(SORT_BY_ALIGNMENT(._haptics_driver_api.static.*)))
                0x0000000000002ac8                _haptics_driver_api_list_end = .

hwspinlock_driver_api_area
                0x0000000000002ac8        0x0
                0x0000000000002ac8                _hwspinlock_driver_api_list_start = .
 *(SORT_BY_NAME(SORT_BY_ALIGNMENT(._hwspinlock_driver_api.static.*)))
                0x0000000000002ac8                _hwspinlock_driver_api_list_end = .

i2c_driver_api_area
                0x0000000000002ac8        0x0
                0x0000000000002ac8                _i2c_driver_api_list_start = .
 *(SORT_BY_NAME(SORT_BY_ALIGNMENT(._i2c_driver_api.static.*)))
                0x0000000000002ac8                _i2c_driver_api_list_end = .

i2c_target_driver_api_area
                0x0000000000002ac8        0x0
                0x0000000000002ac8                _i2c_target_driver_api_list_start = .
 *(SORT_BY_NAME(SORT_BY_ALIGNMENT(._i2c_target_driver_api.static.*)))
                0x0000000000002ac8                _i2c_target_driver_api_list_end = .

i2s_driver_api_area
                0x0000000000002ac8        0x0
                0x0000000000002ac8                _i2s_driver_api_list_start = .
 *(SORT_BY_NAME(SORT_BY_ALIGNMENT(._i2s_driver_api.static.*)))
                0x0000000000002ac8                _i2s_driver_api_list_end = .

i3c_driver_api_area
                0x0000000000002ac8        0x0
                0x0000000000002ac8                _i3c_driver_api_list_start = .
 *(SORT_BY_NAME(SORT_BY_ALIGNMENT(._i3c_driver_api.static.*)))
                0x0000000000002ac8                _i3c_driver_api_list_end = .

ipm_driver_api_area
                0x0000000000002ac8        0x0
                0x0000000000002ac8                _ipm_driver_api_list_start = .
 *(SORT_BY_NAME(SORT_BY_ALIGNMENT(._ipm_driver_api.static.*)))
                0x0000000000002ac8                _ipm_driver_api_list_end = .

led_driver_api_area
                0x0000000000002ac8        0x0
                0x0000000000002ac8                _led_driver_api_list_start = .
 *(SORT_BY_NAME(SORT_BY_ALIGNMENT(._led_driver_api.static.*)))
                0x0000000000002ac8                _led_driver_api_list_end = .

led_strip_driver_api_area
                0x0000000000002ac8        0x0
                0x0000000000002ac8                _led_strip_driver_api_list_start = .
 *(SORT_BY_NAME(SORT_BY_ALIGNMENT(._led_strip_driver_api.static.*)))
                0x0000000000002ac8                _led_strip_driver_api_list_end = .

lora_driver_api_area
                0x0000000000002ac8        0x0
                0x0000000000002ac8                _lora_driver_api_list_start = .
 *(SORT_BY_NAME(SORT_BY_ALIGNMENT(._lora_driver_api.static.*)))
                0x0000000000002ac8                _lora_driver_api_list_end = .

mbox_driver_api_area
                0x0000000000002ac8        0x0
                0x0000000000002ac8                _mbox_driver_api_list_start = .
 *(SORT_BY_NAME(SORT_BY_ALIGNMENT(._mbox_driver_api.static.*)))
                0x0000000000002ac8                _mbox_driver_api_list_end = .

mdio_driver_api_area
                0x0000000000002ac8        0x0
                0x0000000000002ac8                _mdio_driver_api_list_start = .
 *(SORT_BY_NAME(SORT_BY_ALIGNMENT(._mdio_driver_api.static.*)))
                0x0000000000002ac8                _mdio_driver_api_list_end = .

mipi_dbi_driver_api_area
                0x0000000000002ac8        0x0
                0x0000000000002ac8                _mipi_dbi_driver_api_list_start = .
 *(SORT_BY_NAME(SORT_BY_ALIGNMENT(._mipi_dbi_driver_api.static.*)))
                0x0000000000002ac8                _mipi_dbi_driver_api_list_end = .

mipi_dsi_driver_api_area
                0x0000000000002ac8        0x0
                0x0000000000002ac8                _mipi_dsi_driver_api_list_start = .
 *(SORT_BY_NAME(SORT_BY_ALIGNMENT(._mipi_dsi_driver_api.static.*)))
                0x0000000000002ac8                _mipi_dsi_driver_api_list_end = .

mspi_driver_api_area
                0x0000000000002ac8        0x0
                0x0000000000002ac8                _mspi_driver_api_list_start = .
 *(SORT_BY_NAME(SORT_BY_ALIGNMENT(._mspi_driver_api.static.*)))
                0x0000000000002ac8                _mspi_driver_api_list_end = .

peci_driver_api_area
                0x0000000000002ac8        0x0
                0x0000000000002ac8                _peci_driver_api_list_start = .
 *(SORT_BY_NAME(SORT_BY_ALIGNMENT(._peci_driver_api.static.*)))
                0x0000000000002ac8                _peci_driver_api_list_end = .

ps2_driver_api_area
                0x0000000000002ac8        0x0
                0x0000000000002ac8                _ps2_driver_api_list_start = .
 *(SORT_BY_NAME(SORT_BY_ALIGNMENT(._ps2_driver_api.static.*)))
                0x0000000000002ac8                _ps2_driver_api_list_end = .

ptp_clock_driver_api_area
                0x0000000000002ac8        0x0
                0x0000000000002ac8                _ptp_clock_driver_api_list_start = .
 *(SORT_BY_NAME(SORT_BY_ALIGNMENT(._ptp_clock_driver_api.static.*)))
                0x0000000000002ac8                _ptp_clock_driver_api_list_end = .

pwm_driver_api_area
                0x0000000000002ac8        0x0
                0x0000000000002ac8                _pwm_driver_api_list_start = .
 *(SORT_BY_NAME(SORT_BY_ALIGNMENT(._pwm_driver_api.static.*)))
                0x0000000000002ac8                _pwm_driver_api_list_end = .

regulator_parent_driver_api_area
                0x0000000000002ac8        0x0
                0x0000000000002ac8                _regulator_parent_driver_api_list_start = .
 *(SORT_BY_NAME(SORT_BY_ALIGNMENT(._regulator_parent_driver_api.static.*)))
                0x0000000000002ac8                _regulator_parent_driver_api_list_end = .

regulator_driver_api_area
                0x0000000000002ac8        0x0
                0x0000000000002ac8                _regulator_driver_api_list_start = .
 *(SORT_BY_NAME(SORT_BY_ALIGNMENT(._regulator_driver_api.static.*)))
                0x0000000000002ac8                _regulator_driver_api_list_end = .

reset_driver_api_area
                0x0000000000002ac8        0x0
                0x0000000000002ac8                _reset_driver_api_list_start = .
 *(SORT_BY_NAME(SORT_BY_ALIGNMENT(._reset_driver_api.static.*)))
                0x0000000000002ac8                _reset_driver_api_list_end = .

retained_mem_driver_api_area
                0x0000000000002ac8        0x0
                0x0000000000002ac8                _retained_mem_driver_api_list_start = .
 *(SORT_BY_NAME(SORT_BY_ALIGNMENT(._retained_mem_driver_api.static.*)))
                0x0000000000002ac8                _retained_mem_driver_api_list_end = .

rtc_driver_api_area
                0x0000000000002ac8        0x0
                0x0000000000002ac8                _rtc_driver_api_list_start = .
 *(SORT_BY_NAME(SORT_BY_ALIGNMENT(._rtc_driver_api.static.*)))
                0x0000000000002ac8                _rtc_driver_api_list_end = .

sdhc_driver_api_area
                0x0000000000002ac8        0x0
                0x0000000000002ac8                _sdhc_driver_api_list_start = .
 *(SORT_BY_NAME(SORT_BY_ALIGNMENT(._sdhc_driver_api.static.*)))
                0x0000000000002ac8                _sdhc_driver_api_list_end = .

sensor_driver_api_area
                0x0000000000002ac8        0x0
                0x0000000000002ac8                _sensor_driver_api_list_start = .
 *(SORT_BY_NAME(SORT_BY_ALIGNMENT(._sensor_driver_api.static.*)))
                0x0000000000002ac8                _sensor_driver_api_list_end = .

smbus_driver_api_area
                0x0000000000002ac8        0x0
                0x0000000000002ac8                _smbus_driver_api_list_start = .
 *(SORT_BY_NAME(SORT_BY_ALIGNMENT(._smbus_driver_api.static.*)))
                0x0000000000002ac8                _smbus_driver_api_list_end = .

spi_driver_api_area
                0x0000000000002ac8        0x0
                0x0000000000002ac8                _spi_driver_api_list_start = .
 *(SORT_BY_NAME(SORT_BY_ALIGNMENT(._spi_driver_api.static.*)))
                0x0000000000002ac8                _spi_driver_api_list_end = .

stepper_driver_api_area
                0x0000000000002ac8        0x0
                0x0000000000002ac8                _stepper_driver_api_list_start = .
 *(SORT_BY_NAME(SORT_BY_ALIGNMENT(._stepper_driver_api.static.*)))
                0x0000000000002ac8                _stepper_driver_api_list_end = .

syscon_driver_api_area
                0x0000000000002ac8        0x0
                0x0000000000002ac8                _syscon_driver_api_list_start = .
 *(SORT_BY_NAME(SORT_BY_ALIGNMENT(._syscon_driver_api.static.*)))
                0x0000000000002ac8                _syscon_driver_api_list_end = .

tee_driver_api_area
                0x0000000000002ac8        0x0
                0x0000000000002ac8                _tee_driver_api_list_start = .
 *(SORT_BY_NAME(SORT_BY_ALIGNMENT(._tee_driver_api.static.*)))
                0x0000000000002ac8                _tee_driver_api_list_end = .

video_driver_api_area
                0x0000000000002ac8        0x0
                0x0000000000002ac8                _video_driver_api_list_start = .
 *(SORT_BY_NAME(SORT_BY_ALIGNMENT(._video_driver_api.static.*)))
                0x0000000000002ac8                _video_driver_api_list_end = .

w1_driver_api_area
                0x0000000000002ac8        0x0
                0x0000000000002ac8                _w1_driver_api_list_start = .
 *(SORT_BY_NAME(SORT_BY_ALIGNMENT(._w1_driver_api.static.*)))
                0x0000000000002ac8                _w1_driver_api_list_end = .

wdt_driver_api_area
                0x0000000000002ac8        0x0
                0x0000000000002ac8                _wdt_driver_api_list_start = .
 *(SORT_BY_NAME(SORT_BY_ALIGNMENT(._wdt_driver_api.static.*)))
                0x0000000000002ac8                _wdt_driver_api_list_end = .

can_transceiver_driver_api_area
                0x0000000000002ac8        0x0
                0x0000000000002ac8                _can_transceiver_driver_api_list_start = .
 *(SORT_BY_NAME(SORT_BY_ALIGNMENT(._can_transceiver_driver_api.static.*)))
                0x0000000000002ac8                _can_transceiver_driver_api_list_end = .

nrf_clock_control_driver_api_area
                0x0000000000002ac8        0x0
                0x0000000000002ac8                _nrf_clock_control_driver_api_list_start = .
 *(SORT_BY_NAME(SORT_BY_ALIGNMENT(._nrf_clock_control_driver_api.static.*)))
                0x0000000000002ac8                _nrf_clock_control_driver_api_list_end = .

i3c_target_driver_api_area
                0x0000000000002ac8        0x0
                0x0000000000002ac8                _i3c_target_driver_api_list_start = .
 *(SORT_BY_NAME(SORT_BY_ALIGNMENT(._i3c_target_driver_api.static.*)))
                0x0000000000002ac8                _i3c_target_driver_api_list_end = .

its_driver_api_area
                0x0000000000002ac8        0x0
                0x0000000000002ac8                _its_driver_api_list_start = .
 *(SORT_BY_NAME(SORT_BY_ALIGNMENT(._its_driver_api.static.*)))
                0x0000000000002ac8                _its_driver_api_list_end = .

vtd_driver_api_area
                0x0000000000002ac8        0x0
                0x0000000000002ac8                _vtd_driver_api_list_start = .
 *(SORT_BY_NAME(SORT_BY_ALIGNMENT(._vtd_driver_api.static.*)))
                0x0000000000002ac8                _vtd_driver_api_list_end = .

tgpio_driver_api_area
                0x0000000000002ac8        0x0
                0x0000000000002ac8                _tgpio_driver_api_list_start = .
 *(SORT_BY_NAME(SORT_BY_ALIGNMENT(._tgpio_driver_api.static.*)))
                0x0000000000002ac8                _tgpio_driver_api_list_end = .

pcie_ctrl_driver_api_area
                0x0000000000002ac8        0x0
                0x0000000000002ac8                _pcie_ctrl_driver_api_list_start = .
 *(SORT_BY_NAME(SORT_BY_ALIGNMENT(._pcie_ctrl_driver_api.static.*)))
                0x0000000000002ac8                _pcie_ctrl_driver_api_list_end = .

pcie_ep_driver_api_area
                0x0000000000002ac8        0x0
                0x0000000000002ac8                _pcie_ep_driver_api_list_start = .
 *(SORT_BY_NAME(SORT_BY_ALIGNMENT(._pcie_ep_driver_api.static.*)))
                0x0000000000002ac8                _pcie_ep_driver_api_list_end = .

svc_driver_api_area
                0x0000000000002ac8        0x0
                0x0000000000002ac8                _svc_driver_api_list_start = .
 *(SORT_BY_NAME(SORT_BY_ALIGNMENT(._svc_driver_api.static.*)))
                0x0000000000002ac8                _svc_driver_api_list_end = .

uart_driver_api_area
                0x0000000000002ac8        0x0
                0x0000000000002ac8                _uart_driver_api_list_start = .
 *(SORT_BY_NAME(SORT_BY_ALIGNMENT(._uart_driver_api.static.*)))
                0x0000000000002ac8                _uart_driver_api_list_end = .

bc12_emul_driver_api_area
                0x0000000000002ac8        0x0
                0x0000000000002ac8                _bc12_emul_driver_api_list_start = .
 *(SORT_BY_NAME(SORT_BY_ALIGNMENT(._bc12_emul_driver_api.static.*)))
                0x0000000000002ac8                _bc12_emul_driver_api_list_end = .

bc12_driver_api_area
                0x0000000000002ac8        0x0
                0x0000000000002ac8                _bc12_driver_api_list_start = .
 *(SORT_BY_NAME(SORT_BY_ALIGNMENT(._bc12_driver_api.static.*)))
                0x0000000000002ac8                _bc12_driver_api_list_end = .

usbc_ppc_driver_api_area
                0x0000000000002ac8        0x0
                0x0000000000002ac8                _usbc_ppc_driver_api_list_start = .
 *(SORT_BY_NAME(SORT_BY_ALIGNMENT(._usbc_ppc_driver_api.static.*)))
                0x0000000000002ac8                _usbc_ppc_driver_api_list_end = .

tcpc_driver_api_area
                0x0000000000002ac8        0x0
                0x0000000000002ac8                _tcpc_driver_api_list_start = .
 *(SORT_BY_NAME(SORT_BY_ALIGNMENT(._tcpc_driver_api.static.*)))
                0x0000000000002ac8                _tcpc_driver_api_list_end = .

usbc_vbus_driver_api_area
                0x0000000000002ac8        0x0
                0x0000000000002ac8                _usbc_vbus_driver_api_list_start = .
 *(SORT_BY_NAME(SORT_BY_ALIGNMENT(._usbc_vbus_driver_api.static.*)))
                0x0000000000002ac8                _usbc_vbus_driver_api_list_end = .

ivshmem_driver_api_area
                0x0000000000002ac8        0x0
                0x0000000000002ac8                _ivshmem_driver_api_list_start = .
 *(SORT_BY_NAME(SORT_BY_ALIGNMENT(._ivshmem_driver_api.static.*)))
                0x0000000000002ac8                _ivshmem_driver_api_list_end = .

ethphy_driver_api_area
                0x0000000000002ac8        0x0
                0x0000000000002ac8                _ethphy_driver_api_list_start = .
 *(SORT_BY_NAME(SORT_BY_ALIGNMENT(._ethphy_driver_api.static.*)))
                0x0000000000002ac8                _ethphy_driver_api_list_end = .

virtio_driver_api_area
                0x0000000000002ac8        0x0
                0x0000000000002ac8                _virtio_driver_api_list_start = .
 *(SORT_BY_NAME(SORT_BY_ALIGNMENT(._virtio_driver_api.static.*)))
                0x0000000000002ac8                _virtio_driver_api_list_end = .

ztest           0x0000000000002ac8        0x0
                0x0000000000002ac8                _ztest_expected_result_entry_list_start = .
 *(SORT_BY_NAME(SORT_BY_ALIGNMENT(._ztest_expected_result_entry.static.*)))
                0x0000000000002ac8                _ztest_expected_result_entry_list_end = .
                0x0000000000002ac8                _ztest_suite_node_list_start = .
 *(SORT_BY_NAME(SORT_BY_ALIGNMENT(._ztest_suite_node.static.*)))
                0x0000000000002ac8                _ztest_suite_node_list_end = .
                0x0000000000002ac8                _ztest_unit_test_list_start = .
 *(SORT_BY_NAME(SORT_BY_ALIGNMENT(._ztest_unit_test.static.*)))
                0x0000000000002ac8                _ztest_unit_test_list_end = .
                0x0000000000002ac8                _ztest_test_rule_list_start = .
 *(SORT_BY_NAME(SORT_BY_ALIGNMENT(._ztest_test_rule.static.*)))
                0x0000000000002ac8                _ztest_test_rule_list_end = .

init_array      0x0000000000002ac8        0x0
                0x0000000000002ac8                __zephyr_init_array_start = .
 *(SORT_BY_INIT_PRIORITY(.init_array.*) SORT_BY_INIT_PRIORITY(.ctors.*))
 *(SORT_BY_ALIGNMENT(.init_array) SORT_BY_ALIGNMENT(.ctors))
                0x0000000000002ac8                __zephyr_init_array_end = .
                0x0000000000000001                ASSERT ((__zephyr_init_array_start == __zephyr_init_array_end), GNU-style constructors required but STATIC_INIT_GNU not enabled)

bt_l2cap_fixed_chan_area
                0x0000000000002ac8        0x0
                0x0000000000002ac8                _bt_l2cap_fixed_chan_list_start = .
 *(SORT_BY_NAME(SORT_BY_ALIGNMENT(._bt_l2cap_fixed_chan.static.*)))
                0x0000000000002ac8                _bt_l2cap_fixed_chan_list_end = .

bt_gatt_service_static_area
                0x0000000000002ac8        0x0
                0x0000000000002ac8                _bt_gatt_service_static_list_start = .
 *(SORT_BY_NAME(SORT_BY_ALIGNMENT(._bt_gatt_service_static.static.*)))
                0x0000000000002ac8                _bt_gatt_service_static_list_end = .

log_strings_area
                0x0000000000002ac8        0x0
                0x0000000000002ac8                _log_strings_list_start = .
 *(SORT_BY_NAME(SORT_BY_ALIGNMENT(._log_strings.static.*)))
                0x0000000000002ac8                _log_strings_list_end = .

log_stmesp_ptr_area
                0x0000000000002ac8        0x0
                0x0000000000002ac8                _log_stmesp_ptr_list_start = .
 *(SORT_BY_NAME(SORT_BY_ALIGNMENT(._log_stmesp_ptr.static.*)))
                0x0000000000002ac8                _log_stmesp_ptr_list_end = .

log_stmesp_str_area
                0x0000000000002ac8        0x0
                0x0000000000002ac8                _log_stmesp_str_list_start = .
 *(SORT_BY_NAME(SORT_BY_ALIGNMENT(._log_stmesp_str.static.*)))
                0x0000000000002ac8                _log_stmesp_str_list_end = .

log_const_area  0x0000000000002ac8        0x0
                0x0000000000002ac8                _log_const_list_start = .
 *(SORT_BY_NAME(SORT_BY_ALIGNMENT(._log_const.static.*)))
                0x0000000000002ac8                _log_const_list_end = .

log_backend_area
                0x0000000000002ac8        0x0
                0x0000000000002ac8                _log_backend_list_start = .
 *(SORT_BY_NAME(SORT_BY_ALIGNMENT(._log_backend.static.*)))
                0x0000000000002ac8                _log_backend_list_end = .

log_link_area   0x0000000000002ac8        0x0
                0x0000000000002ac8                _log_link_list_start = .
 *(SORT_BY_NAME(SORT_BY_ALIGNMENT(._log_link.static.*)))
                0x0000000000002ac8                _log_link_list_end = .

tracing_backend_area
                0x0000000000002ac8        0x0
                0x0000000000002ac8                _tracing_backend_list_start = .
 *(SORT_BY_NAME(SORT_BY_ALIGNMENT(._tracing_backend.static.*)))
                0x0000000000002ac8                _tracing_backend_list_end = .

zephyr_dbg_info
 *(SORT_BY_ALIGNMENT(.dbg_thread_info))

intc_table_area
                0x0000000000002ac8        0x0
                0x0000000000002ac8                _intc_table_list_start = .
 *(SORT_BY_NAME(SORT_BY_ALIGNMENT(._intc_table.static.*)))
                0x0000000000002ac8                _intc_table_list_end = .

symbol_to_keep  0x0000000000002ac8        0x0
                0x0000000000002ac8                __symbol_to_keep_start = .
 *(SORT_BY_NAME(SORT_BY_ALIGNMENT(.symbol_to_keep*)))
                0x0000000000002ac8                __symbol_to_keep_end = .

shell_area      0x0000000000002ac8        0x0
                0x0000000000002ac8                _shell_list_start = .
 *(SORT_BY_NAME(SORT_BY_ALIGNMENT(._shell.static.*)))
                0x0000000000002ac8                _shell_list_end = .

shell_root_cmds_area
                0x0000000000002ac8        0x0
                0x0000000000002ac8                _shell_root_cmds_list_start = .
 *(SORT_BY_NAME(SORT_BY_ALIGNMENT(._shell_root_cmds.static.*)))
                0x0000000000002ac8                _shell_root_cmds_list_end = .

shell_subcmds_area
                0x0000000000002ac8        0x0
                0x0000000000002ac8                _shell_subcmds_list_start = .
 *(SORT_BY_NAME(SORT_BY_ALIGNMENT(._shell_subcmds.static.*)))
                0x0000000000002ac8                _shell_subcmds_list_end = .

shell_dynamic_subcmds_area
                0x0000000000002ac8        0x0
                0x0000000000002ac8                _shell_dynamic_subcmds_list_start = .
 *(SORT_BY_NAME(SORT_BY_ALIGNMENT(._shell_dynamic_subcmds.static.*)))
                0x0000000000002ac8                _shell_dynamic_subcmds_list_end = .

cfb_font_area   0x0000000000002ac8        0x0
                0x0000000000002ac8                _cfb_font_list_start = .
 *(SORT_BY_NAME(SORT_BY_ALIGNMENT(._cfb_font.static.*)))
                0x0000000000002ac8                _cfb_font_list_end = .

rodata          0x0000000000002ac8      0x378
 *(SORT_BY_ALIGNMENT(.rodata))
 .rodata        0x0000000000002ac8       0x24 C:\Users\CHRIST~1\AppData\Local\Temp\ccG1ZAJg.ltrans0.ltrans.o
 .rodata        0x0000000000002aec       0x10 C:/ncs/v3.1.1/nrfxlib/crypto/nrf_cc310_bl/lib/cortex-m4/hard-float/no-interrupts/libnrf_cc310_bl_0.9.12.a(nrf_cc310_bl_hash_sha256.c.obj)
 *(SORT_BY_ALIGNMENT(.rodata.*))
 .rodata.levels.0
                0x0000000000002afc       0x18 C:\Users\CHRIST~1\AppData\Local\Temp\ccG1ZAJg.ltrans0.ltrans.o
 .rodata.apis   0x0000000000002b14        0x8 C:\Users\CHRIST~1\AppData\Local\Temp\ccG1ZAJg.ltrans0.ltrans.o
 .rodata.fw_info_allowed_offsets
                0x0000000000002b1c       0x1c C:\Users\CHRIST~1\AppData\Local\Temp\ccG1ZAJg.ltrans0.ltrans.o
 .rodata.domain_secp256r1
                0x0000000000002b38       0xcc C:/ncs/v3.1.1/nrfxlib/crypto/nrf_cc310_bl/lib/cortex-m4/hard-float/no-interrupts/libnrf_cc310_bl_0.9.12.a(nrf_cc310_bl_ecdsa_verify_secp256r1.c.obj)
                0x0000000000002b38                domain_secp256r1
 .rodata.NRF_CC310_BL_HASH_LARVAL_SHA256
                0x0000000000002c04       0x20 C:/ncs/v3.1.1/nrfxlib/crypto/nrf_cc310_bl/lib/cortex-m4/hard-float/no-interrupts/libnrf_cc310_bl_0.9.12.a(nrf_cc310_bl_hash_sha256.c.obj)
                0x0000000000002c04                NRF_CC310_BL_HASH_LARVAL_SHA256
 .rodata.CSWTCH.10
                0x0000000000002c24       0x1c C:/ncs/v3.1.1/nrfxlib/crypto/nrf_cc310_platform/lib/cortex-m4/hard-float/no-interrupts/libnrf_cc310_platform_0.9.19.a(nrf_cc3xx_platform.c.obj)
 .rodata.CC_PalPowerSaveModeInit.str1.4
                0x0000000000002c40       0x20 C:/ncs/v3.1.1/nrfxlib/crypto/nrf_cc310_platform/lib/cortex-m4/hard-float/no-interrupts/libnrf_cc310_platform_0.9.19.a(cc_pal_pm.c.obj)
 .rodata.mutex_free.str1.4
                0x0000000000002c60       0x26 C:/ncs/v3.1.1/nrfxlib/crypto/nrf_cc310_platform/lib/cortex-m4/hard-float/no-interrupts/libnrf_cc310_platform_0.9.19.a(nrf_cc3xx_platform_mutex.c.obj)
 *fill*         0x0000000000002c86        0x2 
 .rodata.mutex_init.str1.4
                0x0000000000002c88       0x23 C:/ncs/v3.1.1/nrfxlib/crypto/nrf_cc310_platform/lib/cortex-m4/hard-float/no-interrupts/libnrf_cc310_platform_0.9.19.a(nrf_cc3xx_platform_mutex.c.obj)
 .rodata.CSWTCH.14
                0x0000000000002cab        0x6 C:\Users\CHRIST~1\AppData\Local\Temp\ccG1ZAJg.ltrans0.ltrans.o
 .rodata.CSWTCH.5
                0x0000000000002cb1        0x6 C:\Users\CHRIST~1\AppData\Local\Temp\ccG1ZAJg.ltrans0.ltrans.o
 *(SORT_BY_ALIGNMENT(.gnu.linkonce.r.*))
                0x0000000000002cb8                . = ALIGN (0x4)
 *fill*         0x0000000000002cb7        0x1 
                0x0000000000002cb8                _fw_info_images_start = .
 *(SORT_BY_ALIGNMENT(.fw_info_images))
 .fw_info_images
                0x0000000000002cb8        0x4 C:\Users\CHRIST~1\AppData\Local\Temp\ccG1ZAJg.ltrans0.ltrans.o
                0x0000000000002cb8                self_image
                0x0000000000000001                _fw_info_images_size = ABSOLUTE (((. - _fw_info_images_start) / 0x4))
                0x0000000000002cbc                _ext_apis_start = .
 *(SORT_BY_ALIGNMENT(.ext_apis))
                0x0000000000000000                _ext_apis_size = ABSOLUTE ((. - _ext_apis_start))
                0x0000000000002cbc                _ext_apis_req_start = .
 *(SORT_BY_ALIGNMENT(.ext_apis_req))
                0x0000000000000000                _ext_apis_req_size = ABSOLUTE ((. - _ext_apis_req_start))
                0x0000000000002cc0                . = ALIGN (0x8)
 *fill*         0x0000000000002cbc        0x4 
                0x0000000000002cc0                _sw_isr_table = .
 *(SORT_BY_ALIGNMENT(.isr_generated.0x0))
 .isr_generated.0x0
                0x0000000000002cc0        0x8 C:\Users\CHRIST~1\AppData\Local\Temp\ccG1ZAJg.ltrans0.ltrans.o
 *(SORT_BY_ALIGNMENT(.isr_generated.0x1))
 .isr_generated.0x1
                0x0000000000002cc8        0x8 C:\Users\CHRIST~1\AppData\Local\Temp\ccG1ZAJg.ltrans0.ltrans.o
 *(SORT_BY_ALIGNMENT(.isr_generated.0x2))
 .isr_generated.0x2
                0x0000000000002cd0        0x8 C:\Users\CHRIST~1\AppData\Local\Temp\ccG1ZAJg.ltrans0.ltrans.o
 *(SORT_BY_ALIGNMENT(.isr_generated.0x3))
 .isr_generated.0x3
                0x0000000000002cd8        0x8 C:\Users\CHRIST~1\AppData\Local\Temp\ccG1ZAJg.ltrans0.ltrans.o
 *(SORT_BY_ALIGNMENT(.isr_generated.0x4))
 .isr_generated.0x4
                0x0000000000002ce0        0x8 C:\Users\CHRIST~1\AppData\Local\Temp\ccG1ZAJg.ltrans0.ltrans.o
 *(SORT_BY_ALIGNMENT(.isr_generated.0x5))
 .isr_generated.0x5
                0x0000000000002ce8        0x8 C:\Users\CHRIST~1\AppData\Local\Temp\ccG1ZAJg.ltrans0.ltrans.o
 *(SORT_BY_ALIGNMENT(.isr_generated.0x6))
 .isr_generated.0x6
                0x0000000000002cf0        0x8 C:\Users\CHRIST~1\AppData\Local\Temp\ccG1ZAJg.ltrans0.ltrans.o
 *(SORT_BY_ALIGNMENT(.isr_generated.0x7))
 .isr_generated.0x7
                0x0000000000002cf8        0x8 C:\Users\CHRIST~1\AppData\Local\Temp\ccG1ZAJg.ltrans0.ltrans.o
 *(SORT_BY_ALIGNMENT(.isr_generated.0x8))
 .isr_generated.0x8
                0x0000000000002d00        0x8 C:\Users\CHRIST~1\AppData\Local\Temp\ccG1ZAJg.ltrans0.ltrans.o
 *(SORT_BY_ALIGNMENT(.isr_generated.0x9))
 .isr_generated.0x9
                0x0000000000002d08        0x8 C:\Users\CHRIST~1\AppData\Local\Temp\ccG1ZAJg.ltrans0.ltrans.o
 *(SORT_BY_ALIGNMENT(.isr_generated.0xa))
 .isr_generated.0xa
                0x0000000000002d10        0x8 C:\Users\CHRIST~1\AppData\Local\Temp\ccG1ZAJg.ltrans0.ltrans.o
 *(SORT_BY_ALIGNMENT(.isr_generated.0xb))
 .isr_generated.0xb
                0x0000000000002d18        0x8 C:\Users\CHRIST~1\AppData\Local\Temp\ccG1ZAJg.ltrans0.ltrans.o
 *(SORT_BY_ALIGNMENT(.isr_generated.0xc))
 .isr_generated.0xc
                0x0000000000002d20        0x8 C:\Users\CHRIST~1\AppData\Local\Temp\ccG1ZAJg.ltrans0.ltrans.o
 *(SORT_BY_ALIGNMENT(.isr_generated.0xd))
 .isr_generated.0xd
                0x0000000000002d28        0x8 C:\Users\CHRIST~1\AppData\Local\Temp\ccG1ZAJg.ltrans0.ltrans.o
 *(SORT_BY_ALIGNMENT(.isr_generated.0xe))
 .isr_generated.0xe
                0x0000000000002d30        0x8 C:\Users\CHRIST~1\AppData\Local\Temp\ccG1ZAJg.ltrans0.ltrans.o
 *(SORT_BY_ALIGNMENT(.isr_generated.0xf))
 .isr_generated.0xf
                0x0000000000002d38        0x8 C:\Users\CHRIST~1\AppData\Local\Temp\ccG1ZAJg.ltrans0.ltrans.o
 *(SORT_BY_ALIGNMENT(.isr_generated.0x10))
 .isr_generated.0x10
                0x0000000000002d40        0x8 C:\Users\CHRIST~1\AppData\Local\Temp\ccG1ZAJg.ltrans0.ltrans.o
 *(SORT_BY_ALIGNMENT(.isr_generated.0x11))
 .isr_generated.0x11
                0x0000000000002d48        0x8 C:\Users\CHRIST~1\AppData\Local\Temp\ccG1ZAJg.ltrans0.ltrans.o
 *(SORT_BY_ALIGNMENT(.isr_generated.0x12))
 .isr_generated.0x12
                0x0000000000002d50        0x8 C:\Users\CHRIST~1\AppData\Local\Temp\ccG1ZAJg.ltrans0.ltrans.o
 *(SORT_BY_ALIGNMENT(.isr_generated.0x13))
 .isr_generated.0x13
                0x0000000000002d58        0x8 C:\Users\CHRIST~1\AppData\Local\Temp\ccG1ZAJg.ltrans0.ltrans.o
 *(SORT_BY_ALIGNMENT(.isr_generated.0x14))
 .isr_generated.0x14
                0x0000000000002d60        0x8 C:\Users\CHRIST~1\AppData\Local\Temp\ccG1ZAJg.ltrans0.ltrans.o
 *(SORT_BY_ALIGNMENT(.isr_generated.0x15))
 .isr_generated.0x15
                0x0000000000002d68        0x8 C:\Users\CHRIST~1\AppData\Local\Temp\ccG1ZAJg.ltrans0.ltrans.o
 *(SORT_BY_ALIGNMENT(.isr_generated.0x16))
 .isr_generated.0x16
                0x0000000000002d70        0x8 C:\Users\CHRIST~1\AppData\Local\Temp\ccG1ZAJg.ltrans0.ltrans.o
 *(SORT_BY_ALIGNMENT(.isr_generated.0x17))
 .isr_generated.0x17
                0x0000000000002d78        0x8 C:\Users\CHRIST~1\AppData\Local\Temp\ccG1ZAJg.ltrans0.ltrans.o
 *(SORT_BY_ALIGNMENT(.isr_generated.0x18))
 .isr_generated.0x18
                0x0000000000002d80        0x8 C:\Users\CHRIST~1\AppData\Local\Temp\ccG1ZAJg.ltrans0.ltrans.o
 *(SORT_BY_ALIGNMENT(.isr_generated.0x19))
 .isr_generated.0x19
                0x0000000000002d88        0x8 C:\Users\CHRIST~1\AppData\Local\Temp\ccG1ZAJg.ltrans0.ltrans.o
 *(SORT_BY_ALIGNMENT(.isr_generated.0x1a))
 .isr_generated.0x1a
                0x0000000000002d90        0x8 C:\Users\CHRIST~1\AppData\Local\Temp\ccG1ZAJg.ltrans0.ltrans.o
 *(SORT_BY_ALIGNMENT(.isr_generated.0x1b))
 .isr_generated.0x1b
                0x0000000000002d98        0x8 C:\Users\CHRIST~1\AppData\Local\Temp\ccG1ZAJg.ltrans0.ltrans.o
 *(SORT_BY_ALIGNMENT(.isr_generated.0x1c))
 .isr_generated.0x1c
                0x0000000000002da0        0x8 C:\Users\CHRIST~1\AppData\Local\Temp\ccG1ZAJg.ltrans0.ltrans.o
 *(SORT_BY_ALIGNMENT(.isr_generated.0x1d))
 .isr_generated.0x1d
                0x0000000000002da8        0x8 C:\Users\CHRIST~1\AppData\Local\Temp\ccG1ZAJg.ltrans0.ltrans.o
 *(SORT_BY_ALIGNMENT(.isr_generated.0x1e))
 .isr_generated.0x1e
                0x0000000000002db0        0x8 C:\Users\CHRIST~1\AppData\Local\Temp\ccG1ZAJg.ltrans0.ltrans.o
 *(SORT_BY_ALIGNMENT(.isr_generated.0x1f))
 .isr_generated.0x1f
                0x0000000000002db8        0x8 C:\Users\CHRIST~1\AppData\Local\Temp\ccG1ZAJg.ltrans0.ltrans.o
 *(SORT_BY_ALIGNMENT(.isr_generated.0x20))
 .isr_generated.0x20
                0x0000000000002dc0        0x8 C:\Users\CHRIST~1\AppData\Local\Temp\ccG1ZAJg.ltrans0.ltrans.o
 *(SORT_BY_ALIGNMENT(.isr_generated.0x21))
 .isr_generated.0x21
                0x0000000000002dc8        0x8 C:\Users\CHRIST~1\AppData\Local\Temp\ccG1ZAJg.ltrans0.ltrans.o
 *(SORT_BY_ALIGNMENT(.isr_generated.0x22))
 .isr_generated.0x22
                0x0000000000002dd0        0x8 C:\Users\CHRIST~1\AppData\Local\Temp\ccG1ZAJg.ltrans0.ltrans.o
 *(SORT_BY_ALIGNMENT(.isr_generated.0x23))
 .isr_generated.0x23
                0x0000000000002dd8        0x8 C:\Users\CHRIST~1\AppData\Local\Temp\ccG1ZAJg.ltrans0.ltrans.o
 *(SORT_BY_ALIGNMENT(.isr_generated.0x24))
 .isr_generated.0x24
                0x0000000000002de0        0x8 C:\Users\CHRIST~1\AppData\Local\Temp\ccG1ZAJg.ltrans0.ltrans.o
 *(SORT_BY_ALIGNMENT(.isr_generated.0x25))
 .isr_generated.0x25
                0x0000000000002de8        0x8 C:\Users\CHRIST~1\AppData\Local\Temp\ccG1ZAJg.ltrans0.ltrans.o
 *(SORT_BY_ALIGNMENT(.isr_generated.0x26))
 .isr_generated.0x26
                0x0000000000002df0        0x8 C:\Users\CHRIST~1\AppData\Local\Temp\ccG1ZAJg.ltrans0.ltrans.o
 *(SORT_BY_ALIGNMENT(.isr_generated.0x27))
 .isr_generated.0x27
                0x0000000000002df8        0x8 C:\Users\CHRIST~1\AppData\Local\Temp\ccG1ZAJg.ltrans0.ltrans.o
 *(SORT_BY_ALIGNMENT(.isr_generated.0x28))
 .isr_generated.0x28
                0x0000000000002e00        0x8 C:\Users\CHRIST~1\AppData\Local\Temp\ccG1ZAJg.ltrans0.ltrans.o
 *(SORT_BY_ALIGNMENT(.isr_generated.0x29))
 .isr_generated.0x29
                0x0000000000002e08        0x8 C:\Users\CHRIST~1\AppData\Local\Temp\ccG1ZAJg.ltrans0.ltrans.o
 *(SORT_BY_ALIGNMENT(.isr_generated.0x2a))
 .isr_generated.0x2a
                0x0000000000002e10        0x8 C:\Users\CHRIST~1\AppData\Local\Temp\ccG1ZAJg.ltrans0.ltrans.o
 *(SORT_BY_ALIGNMENT(.isr_generated.0x2b))
 .isr_generated.0x2b
                0x0000000000002e18        0x8 C:\Users\CHRIST~1\AppData\Local\Temp\ccG1ZAJg.ltrans0.ltrans.o
 *(SORT_BY_ALIGNMENT(.isr_generated.0x2c))
 .isr_generated.0x2c
                0x0000000000002e20        0x8 C:\Users\CHRIST~1\AppData\Local\Temp\ccG1ZAJg.ltrans0.ltrans.o
 *(SORT_BY_ALIGNMENT(.isr_generated.0x2d))
 .isr_generated.0x2d
                0x0000000000002e28        0x8 C:\Users\CHRIST~1\AppData\Local\Temp\ccG1ZAJg.ltrans0.ltrans.o
 *(SORT_BY_ALIGNMENT(.isr_generated.0x2e))
 .isr_generated.0x2e
                0x0000000000002e30        0x8 C:\Users\CHRIST~1\AppData\Local\Temp\ccG1ZAJg.ltrans0.ltrans.o
 *(SORT_BY_ALIGNMENT(.isr_generated.0x2f))
 .isr_generated.0x2f
                0x0000000000002e38        0x8 C:\Users\CHRIST~1\AppData\Local\Temp\ccG1ZAJg.ltrans0.ltrans.o
                0x0000000000002e40                . = ALIGN (0x4)

/DISCARD/
 *(SORT_BY_ALIGNMENT(.eh_frame))
                0x0000000000002e40                __rodata_region_end = .
                0x0000000000002e40                . = ALIGN (_region_min_align)
                0x0000000000002e40                __rom_region_end = ((__rom_region_start + .) - ADDR (rom_start))

/DISCARD/
 *(SORT_BY_ALIGNMENT(.got.plt))
 *(SORT_BY_ALIGNMENT(.igot.plt))
 *(SORT_BY_ALIGNMENT(.got))
 *(SORT_BY_ALIGNMENT(.igot))
                0x0000000020000000                . = 0x20000000
                0x0000000020000000                . = ALIGN (_region_min_align)
                0x0000000020000000                _image_ram_start = .

.ramfunc        0x0000000020000000        0x0 load address 0x0000000000002e40
                0x0000000020000000                __ramfunc_region_start = .
                0x0000000020000000                . = ALIGN (_region_min_align)
                0x0000000020000000                __ramfunc_start = .
 *(SORT_BY_ALIGNMENT(.ramfunc))
 *(SORT_BY_ALIGNMENT(.ramfunc.*))
                0x0000000020000000                . = ALIGN (_region_min_align)
                0x0000000020000000                __ramfunc_end = .
                0x0000000000000000                __ramfunc_size = (__ramfunc_end - __ramfunc_start)
                0x0000000000002e40                __ramfunc_load_start = LOADADDR (.ramfunc)

datas           0x0000000020000000       0x60 load address 0x0000000000002e40
                0x0000000020000000                __data_region_start = .
                0x0000000020000000                __data_start = .
 *(SORT_BY_ALIGNMENT(.data))
 *(SORT_BY_ALIGNMENT(.data.*))
 .data.platform_abort_apis
                0x0000000020000000        0x8 C:/ncs/v3.1.1/nrfxlib/crypto/nrf_cc310_platform/lib/cortex-m4/hard-float/no-interrupts/libnrf_cc310_platform_0.9.19.a(nrf_cc3xx_platform_abort.c.obj)
                0x0000000020000000                platform_abort_apis
 .data.pCCRndCryptoMutex
                0x0000000020000008        0x4 C:/ncs/v3.1.1/nrfxlib/crypto/nrf_cc310_platform/lib/cortex-m4/hard-float/no-interrupts/libnrf_cc310_platform_0.9.19.a(cc_pal.c.obj)
                0x0000000020000008                pCCRndCryptoMutex
 .data.CCPowerMutex
                0x000000002000000c        0x4 C:/ncs/v3.1.1/nrfxlib/crypto/nrf_cc310_platform/lib/cortex-m4/hard-float/no-interrupts/libnrf_cc310_platform_0.9.19.a(cc_pal.c.obj)
                0x000000002000000c                CCPowerMutex
 .data.CCRndCryptoMutex
                0x0000000020000010        0x4 C:/ncs/v3.1.1/nrfxlib/crypto/nrf_cc310_platform/lib/cortex-m4/hard-float/no-interrupts/libnrf_cc310_platform_0.9.19.a(cc_pal.c.obj)
                0x0000000020000010                CCRndCryptoMutex
 .data.CCAsymCryptoMutex
                0x0000000020000014        0x4 C:/ncs/v3.1.1/nrfxlib/crypto/nrf_cc310_platform/lib/cortex-m4/hard-float/no-interrupts/libnrf_cc310_platform_0.9.19.a(cc_pal.c.obj)
                0x0000000020000014                CCAsymCryptoMutex
 .data.CCSymCryptoMutex
                0x0000000020000018        0x4 C:/ncs/v3.1.1/nrfxlib/crypto/nrf_cc310_platform/lib/cortex-m4/hard-float/no-interrupts/libnrf_cc310_platform_0.9.19.a(cc_pal.c.obj)
                0x0000000020000018                CCSymCryptoMutex
 .data.platform_mutexes
                0x000000002000001c       0x14 C:/ncs/v3.1.1/nrfxlib/crypto/nrf_cc310_platform/lib/cortex-m4/hard-float/no-interrupts/libnrf_cc310_platform_0.9.19.a(nrf_cc3xx_platform_mutex.c.obj)
                0x000000002000001c                platform_mutexes
 .data.platform_mutex_apis
                0x0000000020000030       0x10 C:/ncs/v3.1.1/nrfxlib/crypto/nrf_cc310_platform/lib/cortex-m4/hard-float/no-interrupts/libnrf_cc310_platform_0.9.19.a(nrf_cc3xx_platform_mutex.c.obj)
                0x0000000020000030                platform_mutex_apis
 .data.power_mutex
                0x0000000020000040        0x8 C:/ncs/v3.1.1/nrfxlib/crypto/nrf_cc310_platform/lib/cortex-m4/hard-float/no-interrupts/libnrf_cc310_platform_0.9.19.a(nrf_cc3xx_platform_mutex.c.obj)
 .data.rng_mutex
                0x0000000020000048        0x8 C:/ncs/v3.1.1/nrfxlib/crypto/nrf_cc310_platform/lib/cortex-m4/hard-float/no-interrupts/libnrf_cc310_platform_0.9.19.a(nrf_cc3xx_platform_mutex.c.obj)
 .data.asym_mutex
                0x0000000020000050        0x8 C:/ncs/v3.1.1/nrfxlib/crypto/nrf_cc310_platform/lib/cortex-m4/hard-float/no-interrupts/libnrf_cc310_platform_0.9.19.a(nrf_cc3xx_platform_mutex.c.obj)
 .data.sym_mutex
                0x0000000020000058        0x8 C:/ncs/v3.1.1/nrfxlib/crypto/nrf_cc310_platform/lib/cortex-m4/hard-float/no-interrupts/libnrf_cc310_platform_0.9.19.a(nrf_cc3xx_platform_mutex.c.obj)
 *(SORT_BY_ALIGNMENT(.kernel.*))
                0x0000000020000060                __data_end = .
                0x0000000000000060                __data_size = (__data_end - __data_start)
                0x0000000000002e40                __data_load_start = LOADADDR (datas)
                0x0000000000002e40                __data_region_load_start = LOADADDR (datas)

device_states   0x0000000020000060        0x0 load address 0x0000000000002ea0
                0x0000000020000060                . = ALIGN (0x4)
                0x0000000020000060                __device_states_start = .
 *(SORT_BY_ALIGNMENT(.z_devstate))
 *(SORT_BY_ALIGNMENT(.z_devstate.*))
                0x0000000020000060                __device_states_end = .
                0x0000000020000060                . = ALIGN (0x4)

log_mpsc_pbuf_area
                0x0000000020000060        0x0 load address 0x0000000000002ea0
                0x0000000020000060                _log_mpsc_pbuf_list_start = .
 *(SORT_BY_NAME(SORT_BY_ALIGNMENT(._log_mpsc_pbuf.static.*)))
                0x0000000020000060                _log_mpsc_pbuf_list_end = .

log_msg_ptr_area
                0x0000000020000060        0x0 load address 0x0000000000002ea0
                0x0000000020000060                _log_msg_ptr_list_start = .
 *(SORT_BY_NAME(SORT_BY_ALIGNMENT(._log_msg_ptr.static.*)))
                0x0000000020000060                _log_msg_ptr_list_end = .

log_dynamic_area
                0x0000000020000060        0x0 load address 0x0000000000002ea0
                0x0000000020000060                _log_dynamic_list_start = .
 *(SORT_BY_NAME(SORT_BY_ALIGNMENT(._log_dynamic.static.*)))
                0x0000000020000060                _log_dynamic_list_end = .

k_timer_area    0x0000000020000060        0x0 load address 0x0000000000002ea0
                0x0000000020000060                _k_timer_list_start = .
 *(SORT_BY_NAME(SORT_BY_ALIGNMENT(._k_timer.static.*)))
                0x0000000020000060                _k_timer_list_end = .

k_mem_slab_area
                0x0000000020000060        0x0 load address 0x0000000000002ea0
                0x0000000020000060                _k_mem_slab_list_start = .
 *(SORT_BY_NAME(SORT_BY_ALIGNMENT(._k_mem_slab.static.*)))
                0x0000000020000060                _k_mem_slab_list_end = .

k_heap_area     0x0000000020000060        0x0 load address 0x0000000000002ea0
                0x0000000020000060                _k_heap_list_start = .
 *(SORT_BY_NAME(SORT_BY_ALIGNMENT(._k_heap.static.*)))
                0x0000000020000060                _k_heap_list_end = .

k_mutex_area    0x0000000020000060        0x0 load address 0x0000000000002ea0
                0x0000000020000060                _k_mutex_list_start = .
 *(SORT_BY_NAME(SORT_BY_ALIGNMENT(._k_mutex.static.*)))
                0x0000000020000060                _k_mutex_list_end = .

k_stack_area    0x0000000020000060        0x0 load address 0x0000000000002ea0
                0x0000000020000060                _k_stack_list_start = .
 *(SORT_BY_NAME(SORT_BY_ALIGNMENT(._k_stack.static.*)))
                0x0000000020000060                _k_stack_list_end = .

k_msgq_area     0x0000000020000060        0x0 load address 0x0000000000002ea0
                0x0000000020000060                _k_msgq_list_start = .
 *(SORT_BY_NAME(SORT_BY_ALIGNMENT(._k_msgq.static.*)))
                0x0000000020000060                _k_msgq_list_end = .

k_mbox_area     0x0000000020000060        0x0 load address 0x0000000000002ea0
                0x0000000020000060                _k_mbox_list_start = .
 *(SORT_BY_NAME(SORT_BY_ALIGNMENT(._k_mbox.static.*)))
                0x0000000020000060                _k_mbox_list_end = .

k_pipe_area     0x0000000020000060        0x0 load address 0x0000000000002ea0
                0x0000000020000060                _k_pipe_list_start = .
 *(SORT_BY_NAME(SORT_BY_ALIGNMENT(._k_pipe.static.*)))
                0x0000000020000060                _k_pipe_list_end = .

k_sem_area      0x0000000020000060        0x0 load address 0x0000000000002ea0
                0x0000000020000060                _k_sem_list_start = .
 *(SORT_BY_NAME(SORT_BY_ALIGNMENT(._k_sem.static.*)))
                0x0000000020000060                _k_sem_list_end = .

k_event_area    0x0000000020000060        0x0 load address 0x0000000000002ea0
                0x0000000020000060                _k_event_list_start = .
 *(SORT_BY_NAME(SORT_BY_ALIGNMENT(._k_event.static.*)))
                0x0000000020000060                _k_event_list_end = .

k_queue_area    0x0000000020000060        0x0 load address 0x0000000000002ea0
                0x0000000020000060                _k_queue_list_start = .
 *(SORT_BY_NAME(SORT_BY_ALIGNMENT(._k_queue.static.*)))
                0x0000000020000060                _k_queue_list_end = .

k_fifo_area     0x0000000020000060        0x0 load address 0x0000000000002ea0
                0x0000000020000060                _k_fifo_list_start = .
 *(SORT_BY_NAME(SORT_BY_ALIGNMENT(._k_fifo.static.*)))
                0x0000000020000060                _k_fifo_list_end = .

k_lifo_area     0x0000000020000060        0x0 load address 0x0000000000002ea0
                0x0000000020000060                _k_lifo_list_start = .
 *(SORT_BY_NAME(SORT_BY_ALIGNMENT(._k_lifo.static.*)))
                0x0000000020000060                _k_lifo_list_end = .

k_condvar_area  0x0000000020000060        0x0 load address 0x0000000000002ea0
                0x0000000020000060                _k_condvar_list_start = .
 *(SORT_BY_NAME(SORT_BY_ALIGNMENT(._k_condvar.static.*)))
                0x0000000020000060                _k_condvar_list_end = .

sys_mem_blocks_ptr_area
                0x0000000020000060        0x0 load address 0x0000000000002ea0
                0x0000000020000060                _sys_mem_blocks_ptr_list_start = .
 *(SORT_BY_NAME(SORT_BY_ALIGNMENT(._sys_mem_blocks_ptr.static.*)))
                0x0000000020000060                _sys_mem_blocks_ptr_list_end = .

net_buf_pool_area
                0x0000000020000060        0x0 load address 0x0000000000002ea0
                0x0000000020000060                _net_buf_pool_list_start = .
 *(SORT_BY_NAME(SORT_BY_ALIGNMENT(._net_buf_pool.static.*)))
                0x0000000020000060                _net_buf_pool_list_end = .
                0x0000000020000060                __data_region_end = .
                0x0000000000000f64                PROVIDE (soc_reset_hook = SystemInit)

/DISCARD/
 *(SORT_BY_ALIGNMENT(.irq_info*))
 *(SORT_BY_ALIGNMENT(.intList*))

/DISCARD/
 *(SORT_BY_ALIGNMENT(.vectors))
 *(SORT_BY_ALIGNMENT(.gnu.linkonce.irq_vector_table*))

.stab
 *(SORT_BY_ALIGNMENT(.stab))

.stabstr
 *(SORT_BY_ALIGNMENT(.stabstr))

.stab.excl
 *(SORT_BY_ALIGNMENT(.stab.excl))

.stab.exclstr
 *(SORT_BY_ALIGNMENT(.stab.exclstr))

.stab.index
 *(SORT_BY_ALIGNMENT(.stab.index))

.stab.indexstr
 *(SORT_BY_ALIGNMENT(.stab.indexstr))

.gnu.build.attributes
 *(SORT_BY_ALIGNMENT(.gnu.build.attributes) SORT_BY_ALIGNMENT(.gnu.build.attributes.*))

.comment        0x0000000000000000       0xbf
 *(SORT_BY_ALIGNMENT(.comment))
 .comment       0x0000000000000000       0x21 C:\Users\CHRIST~1\AppData\Local\Temp\ccG1ZAJg.ltrans0.ltrans.o
 .comment       0x0000000000000000       0x20 zephyr/CMakeFiles/offsets.dir/./arch/arm/core/offsets/offsets.c.obj
                                         0x21 (size before relaxing)
 .comment       0x0000000000000020       0x21 zephyr/lib/libc/minimal/liblib__libc__minimal.a(string.c.obj)
 .comment       0x0000000000000020       0x7f C:/ncs/v3.1.1/nrfxlib/crypto/nrf_cc310_bl/lib/cortex-m4/hard-float/no-interrupts/libnrf_cc310_bl_0.9.12.a(nrf_cc310_bl_ecdsa_verify_secp256r1.c.obj)
                                         0x80 (size before relaxing)
 .comment       0x000000000000009f       0x80 C:/ncs/v3.1.1/nrfxlib/crypto/nrf_cc310_bl/lib/cortex-m4/hard-float/no-interrupts/libnrf_cc310_bl_0.9.12.a(nrf_cc310_bl_hash_sha256.c.obj)
 .comment       0x000000000000009f       0x80 C:/ncs/v3.1.1/nrfxlib/crypto/nrf_cc310_bl/lib/cortex-m4/hard-float/no-interrupts/libnrf_cc310_bl_0.9.12.a(nrf_cc310_bl_init.c.obj)
 .comment       0x000000000000009f       0x80 C:/ncs/v3.1.1/nrfxlib/crypto/nrf_cc310_bl/lib/cortex-m4/hard-float/no-interrupts/libnrf_cc310_bl_0.9.12.a(pka.c.obj)
 .comment       0x000000000000009f       0x80 C:/ncs/v3.1.1/nrfxlib/crypto/nrf_cc310_bl/lib/cortex-m4/hard-float/no-interrupts/libnrf_cc310_bl_0.9.12.a(pka_ec_wrst_dsa_verify.c.obj)
 .comment       0x000000000000009f       0x80 C:/ncs/v3.1.1/nrfxlib/crypto/nrf_cc310_bl/lib/cortex-m4/hard-float/no-interrupts/libnrf_cc310_bl_0.9.12.a(ssi_pal_mem.c.obj)
 .comment       0x000000000000009f       0x80 C:/ncs/v3.1.1/nrfxlib/crypto/nrf_cc310_bl/lib/cortex-m4/hard-float/no-interrupts/libnrf_cc310_bl_0.9.12.a(crys_common_conv_endian.c.obj)
 .comment       0x000000000000009f       0x80 C:/ncs/v3.1.1/nrfxlib/crypto/nrf_cc310_bl/lib/cortex-m4/hard-float/no-interrupts/libnrf_cc310_bl_0.9.12.a(nrf_cc310_bl_hash.c.obj)
 .comment       0x000000000000009f       0x80 C:/ncs/v3.1.1/nrfxlib/crypto/nrf_cc310_bl/lib/cortex-m4/hard-float/no-interrupts/libnrf_cc310_bl_0.9.12.a(pka_ec_wrst.c.obj)
 .comment       0x000000000000009f       0x80 C:/ncs/v3.1.1/nrfxlib/crypto/nrf_cc310_bl/lib/cortex-m4/hard-float/no-interrupts/libnrf_cc310_bl_0.9.12.a(ssi_hal.c.obj)
 .comment       0x000000000000009f       0x20 C:/ncs/v3.1.1/nrfxlib/crypto/nrf_cc310_platform/lib/cortex-m4/hard-float/no-interrupts/libnrf_cc310_platform_0.9.19.a(nrf_cc3xx_platform.c.obj)
                                         0x21 (size before relaxing)
 .comment       0x00000000000000bf       0x21 C:/ncs/v3.1.1/nrfxlib/crypto/nrf_cc310_platform/lib/cortex-m4/hard-float/no-interrupts/libnrf_cc310_platform_0.9.19.a(nrf_cc3xx_platform_abort.c.obj)
 .comment       0x00000000000000bf       0x21 C:/ncs/v3.1.1/nrfxlib/crypto/nrf_cc310_platform/lib/cortex-m4/hard-float/no-interrupts/libnrf_cc310_platform_0.9.19.a(cc_lib.c.obj)
 .comment       0x00000000000000bf       0x21 C:/ncs/v3.1.1/nrfxlib/crypto/nrf_cc310_platform/lib/cortex-m4/hard-float/no-interrupts/libnrf_cc310_platform_0.9.19.a(cc_hal.c.obj)
 .comment       0x00000000000000bf       0x21 C:/ncs/v3.1.1/nrfxlib/crypto/nrf_cc310_platform/lib/cortex-m4/hard-float/no-interrupts/libnrf_cc310_platform_0.9.19.a(cc_pal.c.obj)